Archive member included to satisfy reference by file (symbol)

/home/beni/Documents/MCUXpresso_10.1.0_589/workspace/nxp_lpcxpresso_11u14_board_lib/Debug/libnxp_lpcxpresso_11u14_board_lib.a(board.o)
                              ./example/src/hid.o (Board_Joystick_Init)
/home/beni/Documents/MCUXpresso_10.1.0_589/workspace/nxp_lpcxpresso_11u14_board_lib/Debug/libnxp_lpcxpresso_11u14_board_lib.a(board_sysinit.o)
                              ./example/src/sysinit.o (Board_SystemInit)
/home/beni/Documents/MCUXpresso_10.1.0_589/workspace/lpc_chip_11uxx_lib/Debug/liblpc_chip_11uxx_lib.a(clock_11xx.o)
                              /home/beni/Documents/MCUXpresso_10.1.0_589/workspace/nxp_lpcxpresso_11u14_board_lib/Debug/libnxp_lpcxpresso_11u14_board_lib.a(board_sysinit.o) (Chip_Clock_SetSystemPLLSource)
/home/beni/Documents/MCUXpresso_10.1.0_589/workspace/lpc_chip_11uxx_lib/Debug/liblpc_chip_11uxx_lib.a(gpio_11xx_1.o)
                              ./example/src/composite_main.o (Chip_GPIO_Init)
/home/beni/Documents/MCUXpresso_10.1.0_589/workspace/lpc_chip_11uxx_lib/Debug/liblpc_chip_11uxx_lib.a(iocon_11xx.o)
                              ./example/src/composite_main.o (Chip_IOCON_PinMuxSet)
/home/beni/Documents/MCUXpresso_10.1.0_589/workspace/lpc_chip_11uxx_lib/Debug/liblpc_chip_11uxx_lib.a(ring_buffer.o)
                              ./example/src/composite_main.o (RingBuffer_Init)
/home/beni/Documents/MCUXpresso_10.1.0_589/workspace/lpc_chip_11uxx_lib/Debug/liblpc_chip_11uxx_lib.a(sysctl_11xx.o)
                              /home/beni/Documents/MCUXpresso_10.1.0_589/workspace/nxp_lpcxpresso_11u14_board_lib/Debug/libnxp_lpcxpresso_11u14_board_lib.a(board_sysinit.o) (Chip_SYSCTL_PowerDown)
/home/beni/Documents/MCUXpresso_10.1.0_589/workspace/lpc_chip_11uxx_lib/Debug/liblpc_chip_11uxx_lib.a(timer_11xx.o)
                              ./example/src/composite_main.o (Chip_TIMER_Init)
/home/beni/Documents/MCUXpresso_10.1.0_589/workspace/lpc_chip_11uxx_lib/Debug/liblpc_chip_11uxx_lib.a(uart_11xx.o)
                              ./example/src/composite_main.o (Chip_UART_Init)
/home/beni/Documents/MCUXpresso_10.1.0_589/workspace/lpc_chip_11uxx_lib/libs/libusbd_11uxx_lib.a(mw_usbd_core.o)
                              ./example/src/hid.o (mwUSB_ResetCore)
/home/beni/Documents/MCUXpresso_10.1.0_589/workspace/lpc_chip_11uxx_lib/libs/libusbd_11uxx_lib.a(mw_usbd_rom_api.o)
                              ./example/src/composite_main.o (cdc_api)
/home/beni/Documents/MCUXpresso_10.1.0_589/workspace/lpc_chip_11uxx_lib/libs/libusbd_11uxx_lib.a(hw_usbd_ip3511.o)
                              /home/beni/Documents/MCUXpresso_10.1.0_589/workspace/lpc_chip_11uxx_lib/libs/libusbd_11uxx_lib.a(mw_usbd_rom_api.o) (hwUSB_ForceFullSpeed)
/home/beni/Documents/MCUXpresso_10.1.0_589/workspace/lpc_chip_11uxx_lib/libs/libusbd_11uxx_lib.a(mw_usbd_cdcuser.o)
                              /home/beni/Documents/MCUXpresso_10.1.0_589/workspace/lpc_chip_11uxx_lib/libs/libusbd_11uxx_lib.a(mw_usbd_rom_api.o) (mwCDC_SendNotification)
/home/beni/Documents/MCUXpresso_10.1.0_589/workspace/lpc_chip_11uxx_lib/libs/libusbd_11uxx_lib.a(mw_usbd_dfuuser.o)
                              /home/beni/Documents/MCUXpresso_10.1.0_589/workspace/lpc_chip_11uxx_lib/libs/libusbd_11uxx_lib.a(mw_usbd_rom_api.o) (mwDFU_GetMemSize)
/home/beni/Documents/MCUXpresso_10.1.0_589/workspace/lpc_chip_11uxx_lib/libs/libusbd_11uxx_lib.a(mw_usbd_hiduser.o)
                              /home/beni/Documents/MCUXpresso_10.1.0_589/workspace/lpc_chip_11uxx_lib/libs/libusbd_11uxx_lib.a(mw_usbd_rom_api.o) (mwHID_GetMemSize)
/home/beni/Documents/MCUXpresso_10.1.0_589/workspace/lpc_chip_11uxx_lib/libs/libusbd_11uxx_lib.a(mw_usbd_mscuser.o)
                              /home/beni/Documents/MCUXpresso_10.1.0_589/workspace/lpc_chip_11uxx_lib/libs/libusbd_11uxx_lib.a(mw_usbd_rom_api.o) (mwMSC_GetMemSize)
/usr/local/mcuxpressoide-10.1.1_606/ide/tools/bin/../lib/gcc/arm-none-eabi/6.3.1/../../../../arm-none-eabi/lib/thumb/v6-m/libcr_nohost.a(_cr__main.o)
                              ./example/src/cr_startup_lpc11xx.o (__main)
/usr/local/mcuxpressoide-10.1.1_606/ide/tools/bin/../lib/gcc/arm-none-eabi/6.3.1/../../../../arm-none-eabi/lib/thumb/v6-m/libcr_c.a(memcpy.o)
                              ./example/src/cdc_vcom.o (memcpy)
/usr/local/mcuxpressoide-10.1.1_606/ide/tools/bin/../lib/gcc/arm-none-eabi/6.3.1/../../../../arm-none-eabi/lib/thumb/v6-m/libcr_c.a(memset.o)
                              ./example/src/cdc_vcom.o (memset)
/usr/local/mcuxpressoide-10.1.1_606/ide/tools/bin/../lib/gcc/arm-none-eabi/6.3.1/../../../../arm-none-eabi/lib/thumb/v6-m/libcr_c.a(initio.o)
                              /usr/local/mcuxpressoide-10.1.1_606/ide/tools/bin/../lib/gcc/arm-none-eabi/6.3.1/../../../../arm-none-eabi/lib/thumb/v6-m/libcr_nohost.a(_cr__main.o) (_initio)
/usr/local/mcuxpressoide-10.1.1_606/ide/tools/bin/../lib/gcc/arm-none-eabi/6.3.1/../../../../arm-none-eabi/lib/thumb/v6-m/libcr_c.a(setvbuf.o)
[...]
Memory Configuration

Name             Origin             Length             Attributes
MFlash32         0x0000000000000000 0x0000000000008000 xr
RamLoc4          0x0000000010000000 0x0000000000001000 xrw
RamUsb2          0x0000000020004000 0x0000000000000800 xrw
*default*        0x0000000000000000 0xffffffffffffffff

Linker script and memory map

LOAD ./example/src/cdc_vcom.o
LOAD ./example/src/composite_desc.o
LOAD ./example/src/composite_main.o
LOAD ./example/src/cr_startup_lpc11xx.o
LOAD ./example/src/hid.o
LOAD ./example/src/parser.o
LOAD ./example/src/sysinit.o
LOAD /home/beni/Documents/MCUXpresso_10.1.0_589/workspace/nxp_lpcxpresso_11u14_board_lib/Debug/libnxp_lpcxpresso_11u14_board_lib.a
LOAD /home/beni/Documents/MCUXpresso_10.1.0_589/workspace/lpc_chip_11uxx_lib/Debug/liblpc_chip_11uxx_lib.a
LOAD /home/beni/Documents/MCUXpresso_10.1.0_589/workspace/lpc_chip_11uxx_lib/libs/libusbd_11uxx_lib.a
START GROUP
LOAD /usr/local/mcuxpressoide-10.1.1_606/ide/tools/bin/../lib/gcc/arm-none-eabi/6.3.1/../../../../arm-none-eabi/lib/thumb/v6-m/libcr_nohost.a
LOAD /usr/local/mcuxpressoide-10.1.1_606/ide/tools/bin/../lib/gcc/arm-none-eabi/6.3.1/../../../../arm-none-eabi/lib/thumb/v6-m/libcr_c.a
LOAD /usr/local/mcuxpressoide-10.1.1_606/ide/tools/bin/../lib/gcc/arm-none-eabi/6.3.1/thumb/v6-m/libcr_eabihelpers.a
END GROUP
                0x0000000000000000                __base_MFlash32 = 0x0
                0x0000000000000000                __base_Flash = 0x0
                0x0000000000008000                __top_MFlash32 = 0x8000
                0x0000000000008000                __top_Flash = 0x8000
                0x0000000010000000                __base_RamLoc4 = 0x10000000
                0x0000000010000000                __base_RAM = 0x10000000
                0x0000000010001000                __top_RamLoc4 = 0x10001000
                0x0000000010001000                __top_RAM = 0x10001000
                0x0000000020004000                __base_RamUsb2 = 0x20004000
                0x0000000020004000                __base_RAM2 = 0x20004000
                0x0000000020004800                __top_RamUsb2 = 0x20004800
                0x0000000020004800                __top_RAM2 = 0x20004800

.text           0x0000000000000000     0x4d34
 FILL mask 0xff
                0x0000000000000000                __vectors_start__ = ABSOLUTE (.)
 *(.isr_vector)
 .isr_vector    0x0000000000000000       0xc0 ./example/src/cr_startup_lpc11xx.o
                0x0000000000000000                g_pfnVectors
                0x00000000000000c0                . = ALIGN (0x4)
                0x00000000000000c0                __section_table_start = .
                0x00000000000000c0                __data_section_table = .
                0x00000000000000c0        0x4 LONG 0x4d34 LOADADDR (.data)
                0x00000000000000c4        0x4 LONG 0x10000000 ADDR (.data)
                0x00000000000000c8        0x4 LONG 0x6c SIZEOF (.data)
                0x00000000000000cc        0x4 LONG 0x4d34 LOADADDR (.data_RAM2)
                0x00000000000000d0        0x4 LONG 0x20004000 ADDR (.data_RAM2)
                0x00000000000000d4        0x4 LONG 0x0 SIZEOF (.data_RAM2)
                0x00000000000000d8                __data_section_table_end = .
                0x00000000000000d8                __bss_section_table = .
                0x00000000000000d8        0x4 LONG 0x1000006c ADDR (.bss)
                0x00000000000000dc        0x4 LONG 0x64c SIZEOF (.bss)
                0x00000000000000e0        0x4 LONG 0x20004000 ADDR (.bss_RAM2)
                0x00000000000000e4        0x4 LONG 0x0 SIZEOF (.bss_RAM2)
                0x00000000000000e8                __bss_section_table_end = .
                0x00000000000000e8                __section_table_end = .
 *(.after_vectors*)
 .after_vectors
                0x00000000000000e8       0x70 ./example/src/cr_startup_lpc11xx.o
                0x00000000000000e8                NMI_Handler
                0x00000000000000ea                HardFault_Handler
                0x00000000000000ec                SVC_Handler
                0x00000000000000ee                PendSV_Handler
                0x00000000000000f0                SysTick_Handler
                0x00000000000000f2                TIMER16_0_IRQHandler
                0x00000000000000f2                FLEX_INT7_IRQHandler
                0x00000000000000f2                TIMER32_1_IRQHandler
                0x00000000000000f2                FLEX_INT1_IRQHandler
                0x00000000000000f2                IntDefaultHandler
                0x00000000000000f2                SSP0_IRQHandler
                0x00000000000000f2                USBWakeup_IRQHandler
                0x00000000000000f2                FLEX_INT0_IRQHandler
                0x00000000000000f2                FLEX_INT2_IRQHandler
                0x00000000000000f2                TIMER16_1_IRQHandler
                0x00000000000000f2                USB_FIQHandler
                0x00000000000000f2                FLEX_INT5_IRQHandler
                0x00000000000000f2                ADC_IRQHandler
                0x00000000000000f2                SSP1_IRQHandler
                0x00000000000000f2                FLEX_INT3_IRQHandler
                0x00000000000000f2                BOD_IRQHandler
                0x00000000000000f2                I2C_IRQHandler
                0x00000000000000f2                WDT_IRQHandler
                0x00000000000000f2                GINT0_IRQHandler
                0x00000000000000f2                FLEX_INT4_IRQHandler
                0x00000000000000f2                FLEX_INT6_IRQHandler
                0x00000000000000f2                FMC_IRQHandler
                0x00000000000000f2                GINT1_IRQHandler
                0x00000000000000f4                data_init
                0x0000000000000106                bss_init
                0x0000000000000116                ResetISR
 *(.text*)
 .text.NVIC_EnableIRQ
                0x0000000000000158       0x2c ./example/src/cdc_vcom.o
 .text.NVIC_DisableIRQ
                0x0000000000000184       0x30 ./example/src/cdc_vcom.o
 .text.VCOM_bulk_in_hdlr
                0x00000000000001b4       0x30 ./example/src/cdc_vcom.o
 .text.VCOM_bulk_out_hdlr
                0x00000000000001e4       0xec ./example/src/cdc_vcom.o
 .text.VCOM_SetLineCode
                0x00000000000002d0       0x24 ./example/src/cdc_vcom.o
 .text.vcom_init
                0x00000000000002f4      0x128 ./example/src/cdc_vcom.o
                0x00000000000002f4                vcom_init
 .text.vcom_bread
                0x000000000000041c       0xa0 ./example/src/cdc_vcom.o
                0x000000000000041c                vcom_bread
 .text.vcom_write
                0x00000000000004bc       0x78 ./example/src/cdc_vcom.o
                0x00000000000004bc                vcom_write
 .text.NVIC_EnableIRQ
                0x0000000000000534       0x2c ./example/src/composite_main.o
 .text.NVIC_ClearPendingIRQ
                0x0000000000000560       0x34 ./example/src/composite_main.o
 .text.NVIC_SetPriority
                0x0000000000000594       0xdc ./example/src/composite_main.o
 .text.Chip_Clock_EnablePeriphClock
                0x0000000000000670       0x30 ./example/src/composite_main.o
 .text.Chip_TIMER_MatchPending
                0x00000000000006a0       0x32 ./example/src/composite_main.o
 .text.Chip_TIMER_ClearMatch
                0x00000000000006d2       0x28 ./example/src/composite_main.o
 .text.Chip_TIMER_Enable
                0x00000000000006fa       0x1c ./example/src/composite_main.o
 .text.Chip_TIMER_Disable
                0x0000000000000716       0x1e ./example/src/composite_main.o
 .text.Chip_TIMER_SetMatch
                0x0000000000000734       0x2c ./example/src/composite_main.o
 .text.Chip_TIMER_MatchEnableInt
                0x0000000000000760       0x34 ./example/src/composite_main.o
 .text.RingBuffer_Flush
                0x0000000000000794       0x1e ./example/src/composite_main.o
 .text.RingBuffer_GetCount
                0x00000000000007b2       0x1e ./example/src/composite_main.o
 .text.RingBuffer_GetFree
                0x00000000000007d0       0x20 ./example/src/composite_main.o
 .text.Chip_UART_TXEnable
                0x00000000000007f0       0x16 ./example/src/composite_main.o
 .text.Chip_UART_IntEnable
                0x0000000000000806       0x1e ./example/src/composite_main.o
 .text.Chip_UART_SetupFIFOS
                0x0000000000000824       0x18 ./example/src/composite_main.o
 .text.Chip_UART_ConfigData
                0x000000000000083c       0x18 ./example/src/composite_main.o
 .text.Chip_GPIO_SetPinState
                0x0000000000000854       0x3e ./example/src/composite_main.o
 .text.Chip_GPIO_GetPinState
                0x0000000000000892       0x38 ./example/src/composite_main.o
 .text.Chip_GPIO_SetPinDIROutput
                0x00000000000008ca       0x50 ./example/src/composite_main.o
 .text.Chip_GPIO_SetPinDIRInput
                0x000000000000091a       0x52 ./example/src/composite_main.o
 .text.vcom_connected
                0x000000000000096c       0x1c ./example/src/composite_main.o
 .text.usb_pin_clk_init
                0x0000000000000988       0x40 ./example/src/composite_main.o
 .text.UART_IRQHandler
                0x00000000000009c8       0x40 ./example/src/composite_main.o
                0x00000000000009c8                UART_IRQHandler
 .text.USB_IRQHandler
                0x0000000000000a08       0x24 ./example/src/composite_main.o
                0x0000000000000a08                USB_IRQHandler
 .text.find_IntfDesc
                0x0000000000000a2c       0x5a ./example/src/composite_main.o
                0x0000000000000a2c                find_IntfDesc
 *fill*         0x0000000000000a86        0x2 ff
 .text.TIMER32_0_IRQHandler
                0x0000000000000a88       0x38 ./example/src/composite_main.o
                0x0000000000000a88                TIMER32_0_IRQHandler
 .text.onSuspendHandler
                0x0000000000000ac0       0x20 ./example/src/composite_main.o
                0x0000000000000ac0                onSuspendHandler
 .text.onResumeHandler
                0x0000000000000ae0       0x20 ./example/src/composite_main.o
                0x0000000000000ae0                onResumeHandler
 .text.main     0x0000000000000b00      0x384 ./example/src/composite_main.o
                0x0000000000000b00                main
 .text.USB_IsConfigured
                0x0000000000000e84       0x20 ./example/src/hid.o
 .text.Keyboard_UpdateReport
                0x0000000000000ea4       0x80 ./example/src/hid.o
                0x0000000000000ea4                Keyboard_UpdateReport
 .text.Joystick_UpdateReport
                0x0000000000000f24       0x40 ./example/src/hid.o
                0x0000000000000f24                Joystick_UpdateReport
 .text.UpdateReport
                0x0000000000000f64        0xa ./example/src/hid.o
                0x0000000000000f64                UpdateReport
 *fill*         0x0000000000000f6e        0x2 ff
 .text.Mouse_UpdateReport
                0x0000000000000f70       0x74 ./example/src/hid.o
                0x0000000000000f70                Mouse_UpdateReport
 .text.Mouse_GetReport
                0x0000000000000fe4       0x80 ./example/src/hid.o
 .text.Mouse_SetReport
                0x0000000000001064       0x3c ./example/src/hid.o
 .text.Mouse_EpIN_Hdlr
                0x00000000000010a0       0x28 ./example/src/hid.o
 .text.HID_Init
                0x00000000000010c8       0xf0 ./example/src/hid.o
                0x00000000000010c8                HID_Init
 .text.USB_resetdevice
                0x00000000000011b8       0x18 ./example/src/hid.o
                0x00000000000011b8                USB_resetdevice
 .text.HID_Tasks
                0x00000000000011d0       0xf0 ./example/src/hid.o
                0x00000000000011d0                HID_Tasks
 .text.parseBuffer
                0x00000000000012c0      0x134 ./example/src/parser.o
                0x00000000000012c0                parseBuffer
 .text.SystemInit
                0x00000000000013f4        0xe ./example/src/sysinit.o
                0x00000000000013f4                SystemInit
 .text.Chip_GPIO_SetPinDIRInput
                0x0000000000001402       0x52 /home/beni/Documents/MCUXpresso_10.1.0_589/workspace/nxp_lpcxpresso_11u14_board_lib/Debug/libnxp_lpcxpresso_11u14_board_lib.a(board.o)
 .text.__sys_write
                0x0000000000001454       0x16 /home/beni/Documents/MCUXpresso_10.1.0_589/workspace/nxp_lpcxpresso_11u14_board_lib/Debug/libnxp_lpcxpresso_11u14_board_lib.a(board.o)
                0x0000000000001454                __sys_write
 *fill*         0x000000000000146a        0x2 ff
 .text.Board_Joystick_Init
                0x000000000000146c       0x90 /home/beni/Documents/MCUXpresso_10.1.0_589/workspace/nxp_lpcxpresso_11u14_board_lib/Debug/libnxp_lpcxpresso_11u14_board_lib.a(board.o)
                0x000000000000146c                Board_Joystick_Init
 .text.Chip_FMC_SetFLASHAccess
                0x00000000000014fc       0x30 /home/beni/Documents/MCUXpresso_10.1.0_589/workspace/nxp_lpcxpresso_11u14_board_lib/Debug/libnxp_lpcxpresso_11u14_board_lib.a(board_sysinit.o)
 .text.Chip_Clock_SetupSystemPLL
                0x000000000000152c       0x38 /home/beni/Documents/MCUXpresso_10.1.0_589/workspace/nxp_lpcxpresso_11u14_board_lib/Debug/libnxp_lpcxpresso_11u14_board_lib.a(board_sysinit.o)
 .text.Chip_Clock_IsSystemPLLLocked
                0x0000000000001564       0x1c /home/beni/Documents/MCUXpresso_10.1.0_589/workspace/nxp_lpcxpresso_11u14_board_lib/Debug/libnxp_lpcxpresso_11u14_board_lib.a(board_sysinit.o)
 .text.Chip_Clock_SetupUSBPLL
                0x0000000000001580       0x38 /home/beni/Documents/MCUXpresso_10.1.0_589/workspace/nxp_lpcxpresso_11u14_board_lib/Debug/libnxp_lpcxpresso_11u14_board_lib.a(board_sysinit.o)
 .text.Chip_Clock_IsUSBPLLLocked
                0x00000000000015b8       0x1c /home/beni/Documents/MCUXpresso_10.1.0_589/workspace/nxp_lpcxpresso_11u14_board_lib/Debug/libnxp_lpcxpresso_11u14_board_lib.a(board_sysinit.o)
 .text.Chip_Clock_SetSysClockDiv
                0x00000000000015d4       0x1c /home/beni/Documents/MCUXpresso_10.1.0_589/workspace/nxp_lpcxpresso_11u14_board_lib/Debug/libnxp_lpcxpresso_11u14_board_lib.a(board_sysinit.o)
 .text.Chip_Clock_EnablePeriphClock
                0x00000000000015f0       0x30 /home/beni/Documents/MCUXpresso_10.1.0_589/workspace/nxp_lpcxpresso_11u14_board_lib/Debug/libnxp_lpcxpresso_11u14_board_lib.a(board_sysinit.o)
 .text.SystemSetupClocking
                0x0000000000001620       0x92 /home/beni/Documents/MCUXpresso_10.1.0_589/workspace/nxp_lpcxpresso_11u14_board_lib/Debug/libnxp_lpcxpresso_11u14_board_lib.a(board_sysinit.o)
 *fill*         0x00000000000016b2        0x2 ff
 .text.SystemSetupMuxing
                0x00000000000016b4       0x58 /home/beni/Documents/MCUXpresso_10.1.0_589/workspace/nxp_lpcxpresso_11u14_board_lib/Debug/libnxp_lpcxpresso_11u14_board_lib.a(board_sysinit.o)
 .text.Board_SystemInit
                0x000000000000170c       0x12 /home/beni/Documents/MCUXpresso_10.1.0_589/workspace/nxp_lpcxpresso_11u14_board_lib/Debug/libnxp_lpcxpresso_11u14_board_lib.a(board_sysinit.o)
                0x000000000000170c                Board_SystemInit
 *fill*         0x000000000000171e        0x2 ff
 .text.Chip_Clock_GetMainOscRate
                0x0000000000001720       0x14 /home/beni/Documents/MCUXpresso_10.1.0_589/workspace/lpc_chip_11uxx_lib/Debug/liblpc_chip_11uxx_lib.a(clock_11xx.o)
 .text.Chip_Clock_GetIntOscRate
                0x0000000000001734       0x10 /home/beni/Documents/MCUXpresso_10.1.0_589/workspace/lpc_chip_11uxx_lib/Debug/liblpc_chip_11uxx_lib.a(clock_11xx.o)
 .text.Chip_Clock_GetWDTLFORate
                0x0000000000001744       0x48 /home/beni/Documents/MCUXpresso_10.1.0_589/workspace/lpc_chip_11uxx_lib/Debug/liblpc_chip_11uxx_lib.a(clock_11xx.o)
 .text.Chip_Clock_GetPLLFreq
                0x000000000000178c       0x22 /home/beni/Documents/MCUXpresso_10.1.0_589/workspace/lpc_chip_11uxx_lib/Debug/liblpc_chip_11uxx_lib.a(clock_11xx.o)
 *fill*         0x00000000000017ae        0x2 ff
 .text.Chip_Clock_SetSystemPLLSource
                0x00000000000017b0       0x2c /home/beni/Documents/MCUXpresso_10.1.0_589/workspace/lpc_chip_11uxx_lib/Debug/liblpc_chip_11uxx_lib.a(clock_11xx.o)
                0x00000000000017b0                Chip_Clock_SetSystemPLLSource
 .text.Chip_Clock_SetUSBPLLSource
                0x00000000000017dc       0x2c /home/beni/Documents/MCUXpresso_10.1.0_589/workspace/lpc_chip_11uxx_lib/Debug/liblpc_chip_11uxx_lib.a(clock_11xx.o)
                0x00000000000017dc                Chip_Clock_SetUSBPLLSource
 .text.Chip_Clock_SetMainClockSource
                0x0000000000001808       0x2c /home/beni/Documents/MCUXpresso_10.1.0_589/workspace/lpc_chip_11uxx_lib/Debug/liblpc_chip_11uxx_lib.a(clock_11xx.o)
                0x0000000000001808                Chip_Clock_SetMainClockSource
 .text.Chip_Clock_SetUSBClockSource
                0x0000000000001834       0x3c /home/beni/Documents/MCUXpresso_10.1.0_589/workspace/lpc_chip_11uxx_lib/Debug/liblpc_chip_11uxx_lib.a(clock_11xx.o)
                0x0000000000001834                Chip_Clock_SetUSBClockSource
 .text.Chip_Clock_GetWDTOSCRate
                0x0000000000001870       0x1c /home/beni/Documents/MCUXpresso_10.1.0_589/workspace/lpc_chip_11uxx_lib/Debug/liblpc_chip_11uxx_lib.a(clock_11xx.o)
                0x0000000000001870                Chip_Clock_GetWDTOSCRate
 .text.Chip_Clock_GetSystemPLLInClockRate
                0x000000000000188c       0x40 /home/beni/Documents/MCUXpresso_10.1.0_589/workspace/lpc_chip_11uxx_lib/Debug/liblpc_chip_11uxx_lib.a(clock_11xx.o)
                0x000000000000188c                Chip_Clock_GetSystemPLLInClockRate
 .text.Chip_Clock_GetSystemPLLOutClockRate
                0x00000000000018cc       0x24 /home/beni/Documents/MCUXpresso_10.1.0_589/workspace/lpc_chip_11uxx_lib/Debug/liblpc_chip_11uxx_lib.a(clock_11xx.o)
                0x00000000000018cc                Chip_Clock_GetSystemPLLOutClockRate
 .text.Chip_Clock_GetMainClockRate
                0x00000000000018f0       0x64 /home/beni/Documents/MCUXpresso_10.1.0_589/workspace/lpc_chip_11uxx_lib/Debug/liblpc_chip_11uxx_lib.a(clock_11xx.o)
                0x00000000000018f0                Chip_Clock_GetMainClockRate
 .text.Chip_Clock_GetSystemClockRate
                0x0000000000001954       0x24 /home/beni/Documents/MCUXpresso_10.1.0_589/workspace/lpc_chip_11uxx_lib/Debug/liblpc_chip_11uxx_lib.a(clock_11xx.o)
                0x0000000000001954                Chip_Clock_GetSystemClockRate
 .text.Chip_Clock_EnablePeriphClock
                0x0000000000001978       0x30 /home/beni/Documents/MCUXpresso_10.1.0_589/workspace/lpc_chip_11uxx_lib/Debug/liblpc_chip_11uxx_lib.a(gpio_11xx_1.o)
 .text.Chip_GPIO_Init
                0x00000000000019a8       0x16 /home/beni/Documents/MCUXpresso_10.1.0_589/workspace/lpc_chip_11uxx_lib/Debug/liblpc_chip_11uxx_lib.a(gpio_11xx_1.o)
                0x00000000000019a8                Chip_GPIO_Init
 .text.Chip_IOCON_PinMuxSet
                0x00000000000019be       0x50 /home/beni/Documents/MCUXpresso_10.1.0_589/workspace/lpc_chip_11uxx_lib/Debug/liblpc_chip_11uxx_lib.a(iocon_11xx.o)
                0x00000000000019be                Chip_IOCON_PinMuxSet
 .text.RingBuffer_GetCount
                0x0000000000001a0e       0x1e /home/beni/Documents/MCUXpresso_10.1.0_589/workspace/lpc_chip_11uxx_lib/Debug/liblpc_chip_11uxx_lib.a(ring_buffer.o)
 .text.RingBuffer_GetFree
                0x0000000000001a2c       0x20 /home/beni/Documents/MCUXpresso_10.1.0_589/workspace/lpc_chip_11uxx_lib/Debug/liblpc_chip_11uxx_lib.a(ring_buffer.o)
 .text.RingBuffer_IsFull
                0x0000000000001a4c       0x2a /home/beni/Documents/MCUXpresso_10.1.0_589/workspace/lpc_chip_11uxx_lib/Debug/liblpc_chip_11uxx_lib.a(ring_buffer.o)
 .text.RingBuffer_IsEmpty
                0x0000000000001a76       0x24 /home/beni/Documents/MCUXpresso_10.1.0_589/workspace/lpc_chip_11uxx_lib/Debug/liblpc_chip_11uxx_lib.a(ring_buffer.o)
 .text.RingBuffer_Init
                0x0000000000001a9a       0x38 /home/beni/Documents/MCUXpresso_10.1.0_589/workspace/lpc_chip_11uxx_lib/Debug/liblpc_chip_11uxx_lib.a(ring_buffer.o)
                0x0000000000001a9a                RingBuffer_Init
 .text.RingBuffer_Insert
                0x0000000000001ad2       0x5c /home/beni/Documents/MCUXpresso_10.1.0_589/workspace/lpc_chip_11uxx_lib/Debug/liblpc_chip_11uxx_lib.a(ring_buffer.o)
                0x0000000000001ad2                RingBuffer_Insert
 .text.RingBuffer_InsertMult
                0x0000000000001b2e      0x120 /home/beni/Documents/MCUXpresso_10.1.0_589/workspace/lpc_chip_11uxx_lib/Debug/liblpc_chip_11uxx_lib.a(ring_buffer.o)
                0x0000000000001b2e                RingBuffer_InsertMult
 .text.RingBuffer_Pop
                0x0000000000001c4e       0x5c /home/beni/Documents/MCUXpresso_10.1.0_589/workspace/lpc_chip_11uxx_lib/Debug/liblpc_chip_11uxx_lib.a(ring_buffer.o)
                0x0000000000001c4e                RingBuffer_Pop
 .text.RingBuffer_PopMult
                0x0000000000001caa      0x120 /home/beni/Documents/MCUXpresso_10.1.0_589/workspace/lpc_chip_11uxx_lib/Debug/liblpc_chip_11uxx_lib.a(ring_buffer.o)
                0x0000000000001caa                RingBuffer_PopMult
 *fill*         0x0000000000001dca        0x2 ff
 .text.Chip_SYSCTL_PowerDown
                0x0000000000001dcc       0x44 /home/beni/Documents/MCUXpresso_10.1.0_589/workspace/lpc_chip_11uxx_lib/Debug/liblpc_chip_11uxx_lib.a(sysctl_11xx.o)
                0x0000000000001dcc                Chip_SYSCTL_PowerDown
 .text.Chip_SYSCTL_PowerUp
                0x0000000000001e10       0x44 /home/beni/Documents/MCUXpresso_10.1.0_589/workspace/lpc_chip_11uxx_lib/Debug/liblpc_chip_11uxx_lib.a(sysctl_11xx.o)
                0x0000000000001e10                Chip_SYSCTL_PowerUp
 .text.Chip_Clock_EnablePeriphClock
                0x0000000000001e54       0x30 /home/beni/Documents/MCUXpresso_10.1.0_589/workspace/lpc_chip_11uxx_lib/Debug/liblpc_chip_11uxx_lib.a(timer_11xx.o)
 .text.Chip_TIMER_GetClock
                0x0000000000001e84       0x60 /home/beni/Documents/MCUXpresso_10.1.0_589/workspace/lpc_chip_11uxx_lib/Debug/liblpc_chip_11uxx_lib.a(timer_11xx.o)
 .text.Chip_TIMER_Init
                0x0000000000001ee4       0x20 /home/beni/Documents/MCUXpresso_10.1.0_589/workspace/lpc_chip_11uxx_lib/Debug/liblpc_chip_11uxx_lib.a(timer_11xx.o)
                0x0000000000001ee4                Chip_TIMER_Init
 .text.Chip_TIMER_Reset
                0x0000000000001f04       0x38 /home/beni/Documents/MCUXpresso_10.1.0_589/workspace/lpc_chip_11uxx_lib/Debug/liblpc_chip_11uxx_lib.a(timer_11xx.o)
                0x0000000000001f04                Chip_TIMER_Reset
 .text.Chip_Clock_EnablePeriphClock
                0x0000000000001f3c       0x30 /home/beni/Documents/MCUXpresso_10.1.0_589/workspace/lpc_chip_11uxx_lib/Debug/liblpc_chip_11uxx_lib.a(uart_11xx.o)
 .text.Chip_Clock_SetUARTClockDiv
                0x0000000000001f6c       0x1c /home/beni/Documents/MCUXpresso_10.1.0_589/workspace/lpc_chip_11uxx_lib/Debug/liblpc_chip_11uxx_lib.a(uart_11xx.o)
 .text.RingBuffer_IsEmpty
                0x0000000000001f88       0x24 /home/beni/Documents/MCUXpresso_10.1.0_589/workspace/lpc_chip_11uxx_lib/Debug/liblpc_chip_11uxx_lib.a(uart_11xx.o)
 .text.Chip_UART_SendByte
                0x0000000000001fac       0x1e /home/beni/Documents/MCUXpresso_10.1.0_589/workspace/lpc_chip_11uxx_lib/Debug/liblpc_chip_11uxx_lib.a(uart_11xx.o)
 .text.Chip_UART_ReadByte
                0x0000000000001fca       0x16 /home/beni/Documents/MCUXpresso_10.1.0_589/workspace/lpc_chip_11uxx_lib/Debug/liblpc_chip_11uxx_lib.a(uart_11xx.o)
 .text.Chip_UART_IntEnable
                0x0000000000001fe0       0x1e /home/beni/Documents/MCUXpresso_10.1.0_589/workspace/lpc_chip_11uxx_lib/Debug/liblpc_chip_11uxx_lib.a(uart_11xx.o)
 .text.Chip_UART_IntDisable
                0x0000000000001ffe       0x20 /home/beni/Documents/MCUXpresso_10.1.0_589/workspace/lpc_chip_11uxx_lib/Debug/liblpc_chip_11uxx_lib.a(uart_11xx.o)
 .text.Chip_UART_SetupFIFOS
                0x000000000000201e       0x18 /home/beni/Documents/MCUXpresso_10.1.0_589/workspace/lpc_chip_11uxx_lib/Debug/liblpc_chip_11uxx_lib.a(uart_11xx.o)
 .text.Chip_UART_ConfigData
                0x0000000000002036       0x18 /home/beni/Documents/MCUXpresso_10.1.0_589/workspace/lpc_chip_11uxx_lib/Debug/liblpc_chip_11uxx_lib.a(uart_11xx.o)
 .text.Chip_UART_EnableDivisorAccess
                0x000000000000204e       0x1c /home/beni/Documents/MCUXpresso_10.1.0_589/workspace/lpc_chip_11uxx_lib/Debug/liblpc_chip_11uxx_lib.a(uart_11xx.o)
 .text.Chip_UART_DisableDivisorAccess
                0x000000000000206a       0x1e /home/beni/Documents/MCUXpresso_10.1.0_589/workspace/lpc_chip_11uxx_lib/Debug/liblpc_chip_11uxx_lib.a(uart_11xx.o)
 .text.Chip_UART_SetDivisorLatches
                0x0000000000002088       0x30 /home/beni/Documents/MCUXpresso_10.1.0_589/workspace/lpc_chip_11uxx_lib/Debug/liblpc_chip_11uxx_lib.a(uart_11xx.o)
 .text.Chip_UART_ReadLineStatus
                0x00000000000020b8       0x14 /home/beni/Documents/MCUXpresso_10.1.0_589/workspace/lpc_chip_11uxx_lib/Debug/liblpc_chip_11uxx_lib.a(uart_11xx.o)
 .text.Chip_UART_Init
                0x00000000000020cc       0x36 /home/beni/Documents/MCUXpresso_10.1.0_589/workspace/lpc_chip_11uxx_lib/Debug/liblpc_chip_11uxx_lib.a(uart_11xx.o)
                0x00000000000020cc                Chip_UART_Init
 .text.Chip_UART_SetBaud
                0x0000000000002102       0x64 /home/beni/Documents/MCUXpresso_10.1.0_589/workspace/lpc_chip_11uxx_lib/Debug/liblpc_chip_11uxx_lib.a(uart_11xx.o)
                0x0000000000002102                Chip_UART_SetBaud
 .text.Chip_UART_RXIntHandlerRB
                0x0000000000002166       0x44 /home/beni/Documents/MCUXpresso_10.1.0_589/workspace/lpc_chip_11uxx_lib/Debug/liblpc_chip_11uxx_lib.a(uart_11xx.o)
                0x0000000000002166                Chip_UART_RXIntHandlerRB
 .text.Chip_UART_TXIntHandlerRB
                0x00000000000021aa       0x46 /home/beni/Documents/MCUXpresso_10.1.0_589/workspace/lpc_chip_11uxx_lib/Debug/liblpc_chip_11uxx_lib.a(uart_11xx.o)
                0x00000000000021aa                Chip_UART_TXIntHandlerRB
 .text.Chip_UART_SendRB
                0x00000000000021f0       0x6c /home/beni/Documents/MCUXpresso_10.1.0_589/workspace/lpc_chip_11uxx_lib/Debug/liblpc_chip_11uxx_lib.a(uart_11xx.o)
                0x00000000000021f0                Chip_UART_SendRB
 .text.Chip_UART_ReadRB
                0x000000000000225c       0x24 /home/beni/Documents/MCUXpresso_10.1.0_589/workspace/lpc_chip_11uxx_lib/Debug/liblpc_chip_11uxx_lib.a(uart_11xx.o)
                0x000000000000225c                Chip_UART_ReadRB
 .text.Chip_UART_IRQRBHandler
                0x0000000000002280       0x4c /home/beni/Documents/MCUXpresso_10.1.0_589/workspace/lpc_chip_11uxx_lib/Debug/liblpc_chip_11uxx_lib.a(uart_11xx.o)
                0x0000000000002280                Chip_UART_IRQRBHandler
 .text.USB_ReqGetConfiguration
                0x00000000000022cc       0x24 /home/beni/Documents/MCUXpresso_10.1.0_589/workspace/lpc_chip_11uxx_lib/libs/libusbd_11uxx_lib.a(mw_usbd_core.o)
                0x00000000000022cc                USB_ReqGetConfiguration
 .text.USBD_virt_to_phys
                0x00000000000022f0        0x4 /home/beni/Documents/MCUXpresso_10.1.0_589/workspace/lpc_chip_11uxx_lib/libs/libusbd_11uxx_lib.a(mw_usbd_core.o)
                0x00000000000022f0                USBD_virt_to_phys
 .text.USBD_cache_flush
                0x00000000000022f4        0x4 /home/beni/Documents/MCUXpresso_10.1.0_589/workspace/lpc_chip_11uxx_lib/libs/libusbd_11uxx_lib.a(mw_usbd_core.o)
                0x00000000000022f4                USBD_cache_flush
 .text.USB_ReqGetStatus
                0x00000000000022f8       0xa4 /home/beni/Documents/MCUXpresso_10.1.0_589/workspace/lpc_chip_11uxx_lib/libs/libusbd_11uxx_lib.a(mw_usbd_core.o)
                0x00000000000022f8                USB_ReqGetStatus
 .text.USB_ReqGetDescriptor
                0x000000000000239c      0x11c /home/beni/Documents/MCUXpresso_10.1.0_589/workspace/lpc_chip_11uxx_lib/libs/libusbd_11uxx_lib.a(mw_usbd_core.o)
                0x000000000000239c                USB_ReqGetDescriptor
 .text.USB_ReqGetInterface
                0x00000000000024b8       0x40 /home/beni/Documents/MCUXpresso_10.1.0_589/workspace/lpc_chip_11uxx_lib/libs/libusbd_11uxx_lib.a(mw_usbd_core.o)
                0x00000000000024b8                USB_ReqGetInterface
 .text.USB_ReqSetInterface
                0x00000000000024f8      0x170 /home/beni/Documents/MCUXpresso_10.1.0_589/workspace/lpc_chip_11uxx_lib/libs/libusbd_11uxx_lib.a(mw_usbd_core.o)
                0x00000000000024f8                USB_ReqSetInterface
 .text.USB_ReqSetConfiguration
                0x0000000000002668      0x258 /home/beni/Documents/MCUXpresso_10.1.0_589/workspace/lpc_chip_11uxx_lib/libs/libusbd_11uxx_lib.a(mw_usbd_core.o)
                0x0000000000002668                USB_ReqSetConfiguration
 .text.USB_ReqSetClrFeature
                0x00000000000028c0       0xe0 /home/beni/Documents/MCUXpresso_10.1.0_589/workspace/lpc_chip_11uxx_lib/libs/libusbd_11uxx_lib.a(mw_usbd_core.o)
                0x00000000000028c0                USB_ReqSetClrFeature
 .text.USB_EvtOutHandler
                0x00000000000029a0       0xe4 /home/beni/Documents/MCUXpresso_10.1.0_589/workspace/lpc_chip_11uxx_lib/libs/libusbd_11uxx_lib.a(mw_usbd_core.o)
                0x00000000000029a0                USB_EvtOutHandler
 .text.USB_EndPoint0
                0x0000000000002a84      0x140 /home/beni/Documents/MCUXpresso_10.1.0_589/workspace/lpc_chip_11uxx_lib/libs/libusbd_11uxx_lib.a(mw_usbd_core.o)
                0x0000000000002a84                USB_EndPoint0
 .text.USB_EvtSetupHandler
                0x0000000000002bc4      0x1f4 /home/beni/Documents/MCUXpresso_10.1.0_589/workspace/lpc_chip_11uxx_lib/libs/libusbd_11uxx_lib.a(mw_usbd_core.o)
                0x0000000000002bc4                USB_EvtSetupHandler
 .text.mwUSB_ResetCore
                0x0000000000002db8       0x80 /home/beni/Documents/MCUXpresso_10.1.0_589/workspace/lpc_chip_11uxx_lib/libs/libusbd_11uxx_lib.a(mw_usbd_core.o)
                0x0000000000002db8                mwUSB_ResetCore
 .text.mwUSB_SetupStage
                0x0000000000002e38       0x10 /home/beni/Documents/MCUXpresso_10.1.0_589/workspace/lpc_chip_11uxx_lib/libs/libusbd_11uxx_lib.a(mw_usbd_core.o)
                0x0000000000002e38                mwUSB_SetupStage
 .text.mwUSB_DataInStage
                0x0000000000002e48       0x34 /home/beni/Documents/MCUXpresso_10.1.0_589/workspace/lpc_chip_11uxx_lib/libs/libusbd_11uxx_lib.a(mw_usbd_core.o)
                0x0000000000002e48                mwUSB_DataInStage
 .text.mwUSB_DataOutStage
                0x0000000000002e7c       0x24 /home/beni/Documents/MCUXpresso_10.1.0_589/workspace/lpc_chip_11uxx_lib/libs/libusbd_11uxx_lib.a(mw_usbd_core.o)
                0x0000000000002e7c                mwUSB_DataOutStage
 .text.mwUSB_StatusInStage
                0x0000000000002ea0       0x10 /home/beni/Documents/MCUXpresso_10.1.0_589/workspace/lpc_chip_11uxx_lib/libs/libusbd_11uxx_lib.a(mw_usbd_core.o)
                0x0000000000002ea0                mwUSB_StatusInStage
 .text.mwUSB_StatusOutStage
                0x0000000000002eb0       0x10 /home/beni/Documents/MCUXpresso_10.1.0_589/workspace/lpc_chip_11uxx_lib/libs/libusbd_11uxx_lib.a(mw_usbd_core.o)
                0x0000000000002eb0                mwUSB_StatusOutStage
 .text.mwUSB_StallEp0
                0x0000000000002ec0       0x14 /home/beni/Documents/MCUXpresso_10.1.0_589/workspace/lpc_chip_11uxx_lib/libs/libusbd_11uxx_lib.a(mw_usbd_core.o)
                0x0000000000002ec0                mwUSB_StallEp0
 .text.mwUSB_InitCore
                0x0000000000002ed4       0xe8 /home/beni/Documents/MCUXpresso_10.1.0_589/workspace/lpc_chip_11uxx_lib/libs/libusbd_11uxx_lib.a(mw_usbd_core.o)
                0x0000000000002ed4                mwUSB_InitCore
 .text.mwUSB_RegisterClassHandler
                0x0000000000002fbc       0x2c /home/beni/Documents/MCUXpresso_10.1.0_589/workspace/lpc_chip_11uxx_lib/libs/libusbd_11uxx_lib.a(mw_usbd_core.o)
                0x0000000000002fbc                mwUSB_RegisterClassHandler
 .text.mwUSB_RegisterEpHandler
                0x0000000000002fe8       0x28 /home/beni/Documents/MCUXpresso_10.1.0_589/workspace/lpc_chip_11uxx_lib/libs/libusbd_11uxx_lib.a(mw_usbd_core.o)
                0x0000000000002fe8                mwUSB_RegisterEpHandler
 .text.def_ep_handler
                0x0000000000003010        0x4 /home/beni/Documents/MCUXpresso_10.1.0_589/workspace/lpc_chip_11uxx_lib/libs/libusbd_11uxx_lib.a(hw_usbd_ip3511.o)
                0x0000000000003010                def_ep_handler
 .text.hwUSB_ForceFullSpeed
                0x0000000000003014        0x4 /home/beni/Documents/MCUXpresso_10.1.0_589/workspace/lpc_chip_11uxx_lib/libs/libusbd_11uxx_lib.a(hw_usbd_ip3511.o)
                0x0000000000003014                hwUSB_ForceFullSpeed
 .text.hwUSB_GetMemSize
                0x0000000000003018       0x14 /home/beni/Documents/MCUXpresso_10.1.0_589/workspace/lpc_chip_11uxx_lib/libs/libusbd_11uxx_lib.a(hw_usbd_ip3511.o)
                0x0000000000003018                hwUSB_GetMemSize
 .text.hwUSB_Connect
                0x000000000000302c       0x28 /home/beni/Documents/MCUXpresso_10.1.0_589/workspace/lpc_chip_11uxx_lib/libs/libusbd_11uxx_lib.a(hw_usbd_ip3511.o)
                0x000000000000302c                hwUSB_Connect
 .text.hwUSB_WakeUp
                0x0000000000003054       0x20 /home/beni/Documents/MCUXpresso_10.1.0_589/workspace/lpc_chip_11uxx_lib/libs/libusbd_11uxx_lib.a(hw_usbd_ip3511.o)
                0x0000000000003054                hwUSB_WakeUp
 .text.hwUSB_WakeUpCfg
                0x0000000000003074       0x28 /home/beni/Documents/MCUXpresso_10.1.0_589/workspace/lpc_chip_11uxx_lib/libs/libusbd_11uxx_lib.a(hw_usbd_ip3511.o)
                0x0000000000003074                hwUSB_WakeUpCfg
 .text.hwUSB_SetAddress
                0x000000000000309c       0x1c /home/beni/Documents/MCUXpresso_10.1.0_589/workspace/lpc_chip_11uxx_lib/libs/libusbd_11uxx_lib.a(hw_usbd_ip3511.o)
                0x000000000000309c                hwUSB_SetAddress
 .text.hwUSB_SetTestMode
                0x00000000000030b8        0x8 /home/beni/Documents/MCUXpresso_10.1.0_589/workspace/lpc_chip_11uxx_lib/libs/libusbd_11uxx_lib.a(hw_usbd_ip3511.o)
                0x00000000000030b8                hwUSB_SetTestMode
 .text.hwUSB_Configure
                0x00000000000030c0       0x24 /home/beni/Documents/MCUXpresso_10.1.0_589/workspace/lpc_chip_11uxx_lib/libs/libusbd_11uxx_lib.a(hw_usbd_ip3511.o)
                0x00000000000030c0                hwUSB_Configure
 .text.hwUSB_ConfigEP
                0x00000000000030e4       0xcc /home/beni/Documents/MCUXpresso_10.1.0_589/workspace/lpc_chip_11uxx_lib/libs/libusbd_11uxx_lib.a(hw_usbd_ip3511.o)
                0x00000000000030e4                hwUSB_ConfigEP
 .text.hwUSB_DirCtrlEP
                0x00000000000031b0        0x4 /home/beni/Documents/MCUXpresso_10.1.0_589/workspace/lpc_chip_11uxx_lib/libs/libusbd_11uxx_lib.a(hw_usbd_ip3511.o)
                0x00000000000031b0                hwUSB_DirCtrlEP
 .text.hwUSB_EnableEP
                0x00000000000031b4       0x50 /home/beni/Documents/MCUXpresso_10.1.0_589/workspace/lpc_chip_11uxx_lib/libs/libusbd_11uxx_lib.a(hw_usbd_ip3511.o)
                0x00000000000031b4                hwUSB_EnableEP
 .text.hwUSB_DisableEP
                0x0000000000003204       0x34 /home/beni/Documents/MCUXpresso_10.1.0_589/workspace/lpc_chip_11uxx_lib/libs/libusbd_11uxx_lib.a(hw_usbd_ip3511.o)
                0x0000000000003204                hwUSB_DisableEP
 .text.hwUSB_ResetEP
                0x0000000000003238       0x4c /home/beni/Documents/MCUXpresso_10.1.0_589/workspace/lpc_chip_11uxx_lib/libs/libusbd_11uxx_lib.a(hw_usbd_ip3511.o)
                0x0000000000003238                hwUSB_ResetEP
 .text.hwUSB_SetStallEP
                0x0000000000003284       0xb0 /home/beni/Documents/MCUXpresso_10.1.0_589/workspace/lpc_chip_11uxx_lib/libs/libusbd_11uxx_lib.a(hw_usbd_ip3511.o)
                0x0000000000003284                hwUSB_SetStallEP
 .text.hwUSB_ClrStallEP
                0x0000000000003334       0xc0 /home/beni/Documents/MCUXpresso_10.1.0_589/workspace/lpc_chip_11uxx_lib/libs/libusbd_11uxx_lib.a(hw_usbd_ip3511.o)
                0x0000000000003334                hwUSB_ClrStallEP
 .text.hwUSB_EnableEvent
                0x00000000000033f4      0x120 /home/beni/Documents/MCUXpresso_10.1.0_589/workspace/lpc_chip_11uxx_lib/libs/libusbd_11uxx_lib.a(hw_usbd_ip3511.o)
                0x00000000000033f4                hwUSB_EnableEvent
 .text.hwUSB_ReadSetupPkt
                0x0000000000003514       0x58 /home/beni/Documents/MCUXpresso_10.1.0_589/workspace/lpc_chip_11uxx_lib/libs/libusbd_11uxx_lib.a(hw_usbd_ip3511.o)
                0x0000000000003514                hwUSB_ReadSetupPkt
 .text.hwUSB_ReadReqEP
                0x000000000000356c        0x4 /home/beni/Documents/MCUXpresso_10.1.0_589/workspace/lpc_chip_11uxx_lib/libs/libusbd_11uxx_lib.a(hw_usbd_ip3511.o)
                0x000000000000356c                hwUSB_ReadReqEP
 .text.hwUSB_ReadEP
                0x0000000000003570       0xdc /home/beni/Documents/MCUXpresso_10.1.0_589/workspace/lpc_chip_11uxx_lib/libs/libusbd_11uxx_lib.a(hw_usbd_ip3511.o)
                0x0000000000003570                hwUSB_ReadEP
 .text.hwUSB_WriteEP
                0x000000000000364c       0xdc /home/beni/Documents/MCUXpresso_10.1.0_589/workspace/lpc_chip_11uxx_lib/libs/libusbd_11uxx_lib.a(hw_usbd_ip3511.o)
                0x000000000000364c                hwUSB_WriteEP
 .text.hwUSB_Reset
                0x0000000000003728       0xcc /home/beni/Documents/MCUXpresso_10.1.0_589/workspace/lpc_chip_11uxx_lib/libs/libusbd_11uxx_lib.a(hw_usbd_ip3511.o)
                0x0000000000003728                hwUSB_Reset
 .text.hwUSB_Init
                0x00000000000037f4      0x1fc /home/beni/Documents/MCUXpresso_10.1.0_589/workspace/lpc_chip_11uxx_lib/libs/libusbd_11uxx_lib.a(hw_usbd_ip3511.o)
                0x00000000000037f4                hwUSB_Init
 .text.hwUSB_ISR
                0x00000000000039f0      0x1b0 /home/beni/Documents/MCUXpresso_10.1.0_589/workspace/lpc_chip_11uxx_lib/libs/libusbd_11uxx_lib.a(hw_usbd_ip3511.o)
                0x00000000000039f0                hwUSB_ISR
 .text.mwCDC_SetRequest
                0x0000000000003ba0       0x98 /home/beni/Documents/MCUXpresso_10.1.0_589/workspace/lpc_chip_11uxx_lib/libs/libusbd_11uxx_lib.a(mw_usbd_cdcuser.o)
                0x0000000000003ba0                mwCDC_SetRequest
 .text.mwCDC_ep0_hdlr
                0x0000000000003c38       0xe4 /home/beni/Documents/MCUXpresso_10.1.0_589/workspace/lpc_chip_11uxx_lib/libs/libusbd_11uxx_lib.a(mw_usbd_cdcuser.o)
                0x0000000000003c38                mwCDC_ep0_hdlr
 .text.mwCDC_GetRequest
                0x0000000000003d1c       0x54 /home/beni/Documents/MCUXpresso_10.1.0_589/workspace/lpc_chip_11uxx_lib/libs/libusbd_11uxx_lib.a(mw_usbd_cdcuser.o)
                0x0000000000003d1c                mwCDC_GetRequest
 .text.mwCDC_SendNotification
                0x0000000000003d70       0x54 /home/beni/Documents/MCUXpresso_10.1.0_589/workspace/lpc_chip_11uxx_lib/libs/libusbd_11uxx_lib.a(mw_usbd_cdcuser.o)
                0x0000000000003d70                mwCDC_SendNotification
 .text.mwCDC_GetMemSize
                0x0000000000003dc4        0x4 /home/beni/Documents/MCUXpresso_10.1.0_589/workspace/lpc_chip_11uxx_lib/libs/libusbd_11uxx_lib.a(mw_usbd_cdcuser.o)
                0x0000000000003dc4                mwCDC_GetMemSize
 .text.mwCDC_init
                0x0000000000003dc8      0x154 /home/beni/Documents/MCUXpresso_10.1.0_589/workspace/lpc_chip_11uxx_lib/libs/libusbd_11uxx_lib.a(mw_usbd_cdcuser.o)
                0x0000000000003dc8                mwCDC_init
 .text.mwHID_GetReportDesc
                0x0000000000003f1c       0x1c /home/beni/Documents/MCUXpresso_10.1.0_589/workspace/lpc_chip_11uxx_lib/libs/libusbd_11uxx_lib.a(mw_usbd_hiduser.o)
                0x0000000000003f1c                mwHID_GetReportDesc
 .text.mwHID_SetIdle
                0x0000000000003f38       0x30 /home/beni/Documents/MCUXpresso_10.1.0_589/workspace/lpc_chip_11uxx_lib/libs/libusbd_11uxx_lib.a(mw_usbd_hiduser.o)
                0x0000000000003f38                mwHID_SetIdle
 .text.mwHID_ep0_hdlr
                0x0000000000003f68      0x1e8 /home/beni/Documents/MCUXpresso_10.1.0_589/workspace/lpc_chip_11uxx_lib/libs/libusbd_11uxx_lib.a(mw_usbd_hiduser.o)
                0x0000000000003f68                mwHID_ep0_hdlr
 .text.mwHID_GetMemSize
                0x0000000000004150        0x8 /home/beni/Documents/MCUXpresso_10.1.0_589/workspace/lpc_chip_11uxx_lib/libs/libusbd_11uxx_lib.a(mw_usbd_hiduser.o)
                0x0000000000004150                mwHID_GetMemSize
 .text.mwHID_init
                0x0000000000004158      0x1a0 /home/beni/Documents/MCUXpresso_10.1.0_589/workspace/lpc_chip_11uxx_lib/libs/libusbd_11uxx_lib.a(mw_usbd_hiduser.o)
                0x0000000000004158                mwHID_init
 .text.__main   0x00000000000042f8        0xc /usr/local/mcuxpressoide-10.1.1_606/ide/tools/bin/../lib/gcc/arm-none-eabi/6.3.1/../../../../arm-none-eabi/lib/thumb/v6-m/libcr_nohost.a(_cr__main.o)
                0x00000000000042f8                __main
 .text.memcpy   0x0000000000004304        0x8 /usr/local/mcuxpressoide-10.1.1_606/ide/tools/bin/../lib/gcc/arm-none-eabi/6.3.1/../../../../arm-none-eabi/lib/thumb/v6-m/libcr_c.a(memcpy.o)
                0x0000000000004304                memcpy
 .text.memset   0x000000000000430c        0x8 /usr/local/mcuxpressoide-10.1.1_606/ide/tools/bin/../lib/gcc/arm-none-eabi/6.3.1/../../../../arm-none-eabi/lib/thumb/v6-m/libcr_c.a(memset.o)
                0x000000000000430c                memset
 .text._initio  0x0000000000004314       0x7c /usr/local/mcuxpressoide-10.1.1_606/ide/tools/bin/../lib/gcc/arm-none-eabi/6.3.1/../../../../arm-none-eabi/lib/thumb/v6-m/libcr_c.a(initio.o)
                0x0000000000004314                _initio
 .text.setvbuf  0x0000000000004390       0x48 /usr/local/mcuxpressoide-10.1.1_606/ide/tools/bin/../lib/gcc/arm-none-eabi/6.3.1/../../../../arm-none-eabi/lib/thumb/v6-m/libcr_c.a(setvbuf.o)
                0x0000000000004390                setvbuf
 .text._fdopen  0x00000000000043d8       0x74 /usr/local/mcuxpressoide-10.1.1_606/ide/tools/bin/../lib/gcc/arm-none-eabi/6.3.1/../../../../arm-none-eabi/lib/thumb/v6-m/libcr_c.a(_fdopen.o)
                0x00000000000043d8                _fdopen
 .text.fclose   0x000000000000444c       0x5c /usr/local/mcuxpressoide-10.1.1_606/ide/tools/bin/../lib/gcc/arm-none-eabi/6.3.1/../../../../arm-none-eabi/lib/thumb/v6-m/libcr_c.a(fclose.o)
                0x000000000000444c                fclose
 .text.fflush   0x00000000000044a8       0x44 /usr/local/mcuxpressoide-10.1.1_606/ide/tools/bin/../lib/gcc/arm-none-eabi/6.3.1/../../../../arm-none-eabi/lib/thumb/v6-m/libcr_c.a(fflush.o)
                0x00000000000044a8                fflush
 .text.fseek    0x00000000000044ec       0xf0 /usr/local/mcuxpressoide-10.1.1_606/ide/tools/bin/../lib/gcc/arm-none-eabi/6.3.1/../../../../arm-none-eabi/lib/thumb/v6-m/libcr_c.a(fseek.o)
                0x00000000000044ec                fseek
 .text.ftell    0x00000000000045dc       0x48 /usr/local/mcuxpressoide-10.1.1_606/ide/tools/bin/../lib/gcc/arm-none-eabi/6.3.1/../../../../arm-none-eabi/lib/thumb/v6-m/libcr_c.a(ftell.o)
                0x00000000000045dc                ftell
 .text.remove   0x0000000000004624       0x12 /usr/local/mcuxpressoide-10.1.1_606/ide/tools/bin/../lib/gcc/arm-none-eabi/6.3.1/../../../../arm-none-eabi/lib/thumb/v6-m/libcr_c.a(remove.o)
                0x0000000000004624                remove
 *fill*         0x0000000000004636        0x2 ff
 .text.strlen   0x0000000000004638       0x58 /usr/local/mcuxpressoide-10.1.1_606/ide/tools/bin/../lib/gcc/arm-none-eabi/6.3.1/../../../../arm-none-eabi/lib/thumb/v6-m/libcr_c.a(strlen.o)
                0x0000000000004638                strlen
 .text._do_fflush
                0x0000000000004690       0x44 /usr/local/mcuxpressoide-10.1.1_606/ide/tools/bin/../lib/gcc/arm-none-eabi/6.3.1/../../../../arm-none-eabi/lib/thumb/v6-m/libcr_c.a(_do_fflush.o)
                0x0000000000004690                _do_fflush
 .text._fflush  0x00000000000046d4       0x5c /usr/local/mcuxpressoide-10.1.1_606/ide/tools/bin/../lib/gcc/arm-none-eabi/6.3.1/../../../../arm-none-eabi/lib/thumb/v6-m/libcr_c.a(_fflush.o)
                0x00000000000046d4                _fflush
 .text._Cwritebuf
                0x0000000000004730       0x68 /usr/local/mcuxpressoide-10.1.1_606/ide/tools/bin/../lib/gcc/arm-none-eabi/6.3.1/../../../../arm-none-eabi/lib/thumb/v6-m/libcr_c.a(_writebuf.o)
                0x0000000000004730                _Cwritebuf
 .text.free     0x0000000000004798       0x2c /usr/local/mcuxpressoide-10.1.1_606/ide/tools/bin/../lib/gcc/arm-none-eabi/6.3.1/../../../../arm-none-eabi/lib/thumb/v6-m/libcr_c.a(alloc.o)
                0x0000000000004798                free
 .text._deferredlazyseek
                0x00000000000047c4       0x40 /usr/local/mcuxpressoide-10.1.1_606/ide/tools/bin/../lib/gcc/arm-none-eabi/6.3.1/../../../../arm-none-eabi/lib/thumb/v6-m/libcr_c.a(_deferredlazyseek.o)
                0x00000000000047c4                _deferredlazyseek
 .text.__aeabi_division_idivmod
                0x0000000000004804       0x78 /usr/local/mcuxpressoide-10.1.1_606/ide/tools/bin/../lib/gcc/arm-none-eabi/6.3.1/thumb/v6-m/libcr_eabihelpers.a(division_32.o)
                0x0000000000004804                __aeabi_idiv
                0x0000000000004804                __aeabi_idivmod
                0x000000000000480a                __aeabi_uidiv
                0x000000000000480a                __aeabi_uidivmod
 .text.__aeabi_division_idiv0
                0x000000000000487c        0x2 /usr/local/mcuxpressoide-10.1.1_606/ide/tools/bin/../lib/gcc/arm-none-eabi/6.3.1/thumb/v6-m/libcr_eabihelpers.a(division_idiv0.o)
                0x000000000000487c                __aeabi_idiv0
 .text.__aeabi_memcpy
                0x000000000000487e       0x2c /usr/local/mcuxpressoide-10.1.1_606/ide/tools/bin/../lib/gcc/arm-none-eabi/6.3.1/thumb/v6-m/libcr_eabihelpers.a(memcpy.o)
                0x000000000000487e                __aeabi_memcpy
                0x000000000000487e                __aeabi_memcpy4
                0x000000000000487e                __aeabi_memcpy8
 .text.__aeabi_memset_lowlevel
                0x00000000000048aa       0x2a /usr/local/mcuxpressoide-10.1.1_606/ide/tools/bin/../lib/gcc/arm-none-eabi/6.3.1/thumb/v6-m/libcr_eabihelpers.a(memcpy.o)
                0x00000000000048aa                __aeabi_lowlevel_memset
 .text.__sys_close
                0x00000000000048d4        0x6 /usr/local/mcuxpressoide-10.1.1_606/ide/tools/bin/../lib/gcc/arm-none-eabi/6.3.1/../../../../arm-none-eabi/lib/thumb/v6-m/libcr_nohost.a(__sys_close.o)
                0x00000000000048d4                __sys_close
 .text.__sys_flen
                0x00000000000048da        0x6 /usr/local/mcuxpressoide-10.1.1_606/ide/tools/bin/../lib/gcc/arm-none-eabi/6.3.1/../../../../arm-none-eabi/lib/thumb/v6-m/libcr_nohost.a(__sys_flen.o)
                0x00000000000048da                __sys_flen
 .text.__sys_istty
                0x00000000000048e0        0x6 /usr/local/mcuxpressoide-10.1.1_606/ide/tools/bin/../lib/gcc/arm-none-eabi/6.3.1/../../../../arm-none-eabi/lib/thumb/v6-m/libcr_nohost.a(__sys_istty.o)
                0x00000000000048e0                __sys_istty
 .text.__sys_remove
                0x00000000000048e6        0x6 /usr/local/mcuxpressoide-10.1.1_606/ide/tools/bin/../lib/gcc/arm-none-eabi/6.3.1/../../../../arm-none-eabi/lib/thumb/v6-m/libcr_nohost.a(__sys_remove.o)
                0x00000000000048e6                __sys_remove
 .text.__sys_seek
                0x00000000000048ec        0x6 /usr/local/mcuxpressoide-10.1.1_606/ide/tools/bin/../lib/gcc/arm-none-eabi/6.3.1/../../../../arm-none-eabi/lib/thumb/v6-m/libcr_nohost.a(__sys_seek.o)
                0x00000000000048ec                __sys_seek
 .text.__sys_tmpnam
                0x00000000000048f2        0x6 /usr/local/mcuxpressoide-10.1.1_606/ide/tools/bin/../lib/gcc/arm-none-eabi/6.3.1/../../../../arm-none-eabi/lib/thumb/v6-m/libcr_nohost.a(__sys_tmpnam.o)
                0x00000000000048f2                __sys_tmpnam
 *(.rodata .rodata.* .constdata .constdata.*)
 .rodata.HID_ReportDescriptor
                0x00000000000048f8       0xcc ./example/src/composite_desc.o
                0x00000000000048f8                HID_ReportDescriptor
 .rodata.HID_ReportDescSize
                0x00000000000049c4        0x2 ./example/src/composite_desc.o
                0x00000000000049c4                HID_ReportDescSize
 *fill*         0x00000000000049c6        0x2 ff
 .rodata.USB_DeviceDescriptor
                0x00000000000049c8       0x12 ./example/src/composite_desc.o
                0x00000000000049c8                USB_DeviceDescriptor
 *fill*         0x00000000000049da        0x2 ff
 .rodata.USB_StringDescriptorFLipMouse
                0x00000000000049dc       0x92 ./example/src/composite_desc.o
                0x00000000000049dc                USB_StringDescriptorFLipMouse
 *fill*         0x0000000000004a6e        0x2 ff
 .rodata.g_usbApi
                0x0000000000004a70       0x20 ./example/src/composite_main.o
 .rodata.parseBuffer
                0x0000000000004a90       0x5c ./example/src/parser.o
 .rodata.OscRateIn
                0x0000000000004aec        0x4 /home/beni/Documents/MCUXpresso_10.1.0_589/workspace/nxp_lpcxpresso_11u14_board_lib/Debug/libnxp_lpcxpresso_11u14_board_lib.a(board.o)
                0x0000000000004aec                OscRateIn
 .rodata.pinmuxing
                0x0000000000004af0       0x24 /home/beni/Documents/MCUXpresso_10.1.0_589/workspace/nxp_lpcxpresso_11u14_board_lib/Debug/libnxp_lpcxpresso_11u14_board_lib.a(board_sysinit.o)
 .rodata.wdtOSCRate
                0x0000000000004b14       0x40 /home/beni/Documents/MCUXpresso_10.1.0_589/workspace/lpc_chip_11uxx_lib/Debug/liblpc_chip_11uxx_lib.a(clock_11xx.o)
 .rodata.USB_EndPoint0
                0x0000000000004b54       0x20 /home/beni/Documents/MCUXpresso_10.1.0_589/workspace/lpc_chip_11uxx_lib/libs/libusbd_11uxx_lib.a(mw_usbd_core.o)
 .rodata.USB_EvtSetupHandler
                0x0000000000004b74       0x30 /home/beni/Documents/MCUXpresso_10.1.0_589/workspace/lpc_chip_11uxx_lib/libs/libusbd_11uxx_lib.a(mw_usbd_core.o)
 .rodata.hw_api
                0x0000000000004ba4       0x5c /home/beni/Documents/MCUXpresso_10.1.0_589/workspace/lpc_chip_11uxx_lib/libs/libusbd_11uxx_lib.a(mw_usbd_rom_api.o)
                0x0000000000004ba4                hw_api
 .rodata.core_api
                0x0000000000004c00       0x20 /home/beni/Documents/MCUXpresso_10.1.0_589/workspace/lpc_chip_11uxx_lib/libs/libusbd_11uxx_lib.a(mw_usbd_rom_api.o)
                0x0000000000004c00                core_api
 .rodata.hid_api
                0x0000000000004c20        0x8 /home/beni/Documents/MCUXpresso_10.1.0_589/workspace/lpc_chip_11uxx_lib/libs/libusbd_11uxx_lib.a(mw_usbd_rom_api.o)
                0x0000000000004c20                hid_api
 .rodata.cdc_api
                0x0000000000004c28        0xc /home/beni/Documents/MCUXpresso_10.1.0_589/workspace/lpc_chip_11uxx_lib/libs/libusbd_11uxx_lib.a(mw_usbd_rom_api.o)
                0x0000000000004c28                cdc_api
 .rodata.hwUSB_EnableEvent
                0x0000000000004c34       0x38 /home/beni/Documents/MCUXpresso_10.1.0_589/workspace/lpc_chip_11uxx_lib/libs/libusbd_11uxx_lib.a(hw_usbd_ip3511.o)
 .rodata.mwCDC_SetRequest
                0x0000000000004c6c       0x90 /home/beni/Documents/MCUXpresso_10.1.0_589/workspace/lpc_chip_11uxx_lib/libs/libusbd_11uxx_lib.a(mw_usbd_cdcuser.o)
 .rodata.mwHID_ep0_hdlr
                0x0000000000004cfc       0x30 /home/beni/Documents/MCUXpresso_10.1.0_589/workspace/lpc_chip_11uxx_lib/libs/libusbd_11uxx_lib.a(mw_usbd_hiduser.o)
 .rodata._initio.str1.1
                0x0000000000004d2c        0x4 /usr/local/mcuxpressoide-10.1.1_606/ide/tools/bin/../lib/gcc/arm-none-eabi/6.3.1/../../../../arm-none-eabi/lib/thumb/v6-m/libcr_c.a(initio.o)
 .rodata.__num_Ciob_streams
                0x0000000000004d30        0x4 /usr/local/mcuxpressoide-10.1.1_606/ide/tools/bin/../lib/gcc/arm-none-eabi/6.3.1/../../../../arm-none-eabi/lib/thumb/v6-m/libcr_nohost.a(__ciob.o)
                0x0000000000004d30                __num_Ciob_streams
                0x0000000000004d34                . = ALIGN (0x4)

.glue_7         0x0000000000004d34        0x0
 .glue_7        0x0000000000004d34        0x0 linker stubs

.glue_7t        0x0000000000004d34        0x0
 .glue_7t       0x0000000000004d34        0x0 linker stubs

.vfp11_veneer   0x0000000000004d34        0x0
 .vfp11_veneer  0x0000000000004d34        0x0 linker stubs

.v4_bx          0x0000000000004d34        0x0
 .v4_bx         0x0000000000004d34        0x0 linker stubs

.iplt           0x0000000000004d34        0x0
 .iplt          0x0000000000004d34        0x0 ./example/src/cdc_vcom.o

.rel.dyn        0x0000000000004d34        0x0
 .rel.iplt      0x0000000000004d34        0x0 ./example/src/cdc_vcom.o

.ARM.extab
 *(.ARM.extab* .gnu.linkonce.armextab.*)
                0x0000000000004d34                __exidx_start = .

.ARM.exidx
 *(.ARM.exidx* .gnu.linkonce.armexidx.*)
                0x0000000000004d34                __exidx_end = .
                0x0000000000004d34                _etext = .

.data_RAM2      0x0000000020004000        0x0 load address 0x0000000000004d34
 FILL mask 0xff
                [!provide]                        PROVIDE (__start_data_RAM2, .)
 *(.ramfunc.$RAM2)
 *(.ramfunc.$RamUsb2)
 *(.data.$RAM2*)
 *(.data.$RamUsb2*)
                0x0000000020004000                . = ALIGN (0x4)
                [!provide]                        PROVIDE (__end_data_RAM2, .)

.uninit_RESERVED
                0x0000000010000000        0x0
 *(.bss.$RESERVED*)
                0x0000000010000000                . = ALIGN (0x4)
                0x0000000010000000                _end_uninit_RESERVED = .

.data           0x0000000010000000       0x6c load address 0x0000000000004d34
 FILL mask 0xff
                0x0000000010000000                _data = .
 *(vtable)
 *(.ramfunc*)
 *(.data*)
 .data.USB_FsConfigDescriptor
                0x0000000010000000       0x65 ./example/src/composite_desc.o
                0x0000000010000000                USB_FsConfigDescriptor
 *fill*         0x0000000010000065        0x3 ff
 .data.g_pUsbApi
                0x0000000010000068        0x4 ./example/src/composite_main.o
                0x0000000010000068                g_pUsbApi
                0x000000001000006c                . = ALIGN (0x4)
                0x000000001000006c                _edata = .

.igot.plt       0x000000001000006c        0x0 load address 0x0000000000004da0
 .igot.plt      0x000000001000006c        0x0 ./example/src/cdc_vcom.o

.bss_RAM2       0x0000000020004000        0x0
                [!provide]                        PROVIDE (__start_bss_RAM2, .)
 *(.bss.$RAM2*)
 *(.bss.$RamUsb2*)
                0x0000000020004000                . = ALIGN ((. != 0x0)?0x4:0x1)
                [!provide]                        PROVIDE (__end_bss_RAM2, .)

.bss            0x000000001000006c      0x64c
                0x000000001000006c                _bss = .
 *(.bss*)
 .bss.txring    0x000000001000006c       0x14 ./example/src/composite_main.o
 .bss.rxring    0x0000000010000080       0x14 ./example/src/composite_main.o
 .bss.rxbuff    0x0000000010000094      0x100 ./example/src/composite_main.o
 .bss.txbuff    0x0000000010000194      0x100 ./example/src/composite_main.o
 .bss.cimMode   0x0000000010000294        0x1 ./example/src/composite_main.o
 .bss.uartidleflag
                0x0000000010000295        0x1 ./example/src/composite_main.o
 *fill*         0x0000000010000296        0x2 
 .bss.g_hUsb    0x0000000010000298        0x4 ./example/src/composite_main.o
 .bss.g_rxBuff  0x000000001000029c      0x100 ./example/src/composite_main.o
 .bss.g_txBuff  0x000000001000039c      0x100 ./example/src/composite_main.o
 .bss.g_mouse   0x000000001000049c       0x24 ./example/src/hid.o
 .bss.errno     0x00000000100004c0        0x4 /usr/local/mcuxpressoide-10.1.1_606/ide/tools/bin/../lib/gcc/arm-none-eabi/6.3.1/../../../../arm-none-eabi/lib/thumb/v6-m/libcr_c.a(errno.o)
                0x00000000100004c0                errno
 .bss.__Ciob    0x00000000100004c4      0x1e0 /usr/local/mcuxpressoide-10.1.1_606/ide/tools/bin/../lib/gcc/arm-none-eabi/6.3.1/../../../../arm-none-eabi/lib/thumb/v6-m/libcr_nohost.a(__ciob.o)
                0x00000000100004c4                __Ciob
 *(COMMON)
 COMMON         0x00000000100006a4       0x14 ./example/src/cdc_vcom.o
                0x00000000100006a4                g_vCOM
                0x00000000100006b8                . = ALIGN (0x4)
                0x00000000100006b8                _ebss = .
                [!provide]                        PROVIDE (end, .)

.noinit_RAM2    0x0000000020004000        0x0
 *(.noinit.$RAM2*)
 *(.noinit.$RamUsb2*)
                0x0000000020004000                . = ALIGN (0x4)

.noinit         0x00000000100006b8        0x0
                0x00000000100006b8                _noinit = .
 *(.noinit*)
                0x00000000100006b8                . = ALIGN (0x4)
                0x00000000100006b8                _end_noinit = .
                0x00000000100006b8                PROVIDE (_pvHeapStart, DEFINED (__user_heap_base)?__user_heap_base:.)
                0x0000000010001000                PROVIDE (_vStackTop, DEFINED (__user_stack_top)?__user_stack_top:(__top_RamLoc4 - 0x0))
                [!provide]                        PROVIDE (__valid_user_code_checksum, (0x0 - (((_vStackTop + (ResetISR + 0x1)) + (DEFINED (NMI_Handler)?NMI_Handler:M0_NMI_Handler + 0x1)) + (DEFINED (HardFault_Handler)?HardFault_Handler:M0_HardFault_Handler + 0x1))))
                0x0000000000000000                _image_start = LOADADDR (.text)
                0x0000000000004da0                _image_end = (LOADADDR (.data) + SIZEOF (.data))
                0x0000000000004da0                _image_size = (_image_end - _image_start)
OUTPUT(usb_bridge_LPC11U14.axf elf32-littlearm)

.debug_info     0x0000000000000000     0xcd8a
 .debug_info    0x0000000000000000     0x18f7 ./example/src/cdc_vcom.o
 .debug_info    0x00000000000018f7     0x1273 ./example/src/composite_desc.o
 .debug_info    0x0000000000002b6a     0x26fb ./example/src/composite_main.o
 .debug_info    0x0000000000005265      0x26d ./example/src/cr_startup_lpc11xx.o
 .debug_info    0x00000000000054d2     0x1aa8 ./example/src/hid.o
 .debug_info    0x0000000000006f7a     0x1366 ./example/src/parser.o
 .debug_info    0x00000000000082e0      0x1fc ./example/src/sysinit.o
 .debug_info    0x00000000000084dc      0x8c3 /home/beni/Documents/MCUXpresso_10.1.0_589/workspace/nxp_lpcxpresso_11u14_board_lib/Debug/libnxp_lpcxpresso_11u14_board_lib.a(board.o)
 .debug_info    0x0000000000008d9f      0xab3 /home/beni/Documents/MCUXpresso_10.1.0_589/workspace/nxp_lpcxpresso_11u14_board_lib/Debug/libnxp_lpcxpresso_11u14_board_lib.a(board_sysinit.o)
 .debug_info    0x0000000000009852      0x92b /home/beni/Documents/MCUXpresso_10.1.0_589/workspace/lpc_chip_11uxx_lib/Debug/liblpc_chip_11uxx_lib.a(clock_11xx.o)
 .debug_info    0x000000000000a17d      0x9a3 /home/beni/Documents/MCUXpresso_10.1.0_589/workspace/lpc_chip_11uxx_lib/Debug/liblpc_chip_11uxx_lib.a(gpio_11xx_1.o)
 .debug_info    0x000000000000ab20      0x1a6 /home/beni/Documents/MCUXpresso_10.1.0_589/workspace/lpc_chip_11uxx_lib/Debug/liblpc_chip_11uxx_lib.a(iocon_11xx.o)
 .debug_info    0x000000000000acc6      0x380 /home/beni/Documents/MCUXpresso_10.1.0_589/workspace/lpc_chip_11uxx_lib/Debug/liblpc_chip_11uxx_lib.a(ring_buffer.o)
 .debug_info    0x000000000000b046      0x5cc /home/beni/Documents/MCUXpresso_10.1.0_589/workspace/lpc_chip_11uxx_lib/Debug/liblpc_chip_11uxx_lib.a(sysctl_11xx.o)
 .debug_info    0x000000000000b612      0x877 /home/beni/Documents/MCUXpresso_10.1.0_589/workspace/lpc_chip_11uxx_lib/Debug/liblpc_chip_11uxx_lib.a(timer_11xx.o)
 .debug_info    0x000000000000be89      0xf01 /home/beni/Documents/MCUXpresso_10.1.0_589/workspace/lpc_chip_11uxx_lib/Debug/liblpc_chip_11uxx_lib.a(uart_11xx.o)

.debug_abbrev   0x0000000000000000     0x1dac
 .debug_abbrev  0x0000000000000000      0x2a9 ./example/src/cdc_vcom.o
 .debug_abbrev  0x00000000000002a9      0x19b ./example/src/composite_desc.o
 .debug_abbrev  0x0000000000000444      0x3cf ./example/src/composite_main.o
 .debug_abbrev  0x0000000000000813      0x100 ./example/src/cr_startup_lpc11xx.o
 .debug_abbrev  0x0000000000000913      0x2ad ./example/src/hid.o
 .debug_abbrev  0x0000000000000bc0      0x1ac ./example/src/parser.o
 .debug_abbrev  0x0000000000000d6c       0xc0 ./example/src/sysinit.o
 .debug_abbrev  0x0000000000000e2c      0x287 /home/beni/Documents/MCUXpresso_10.1.0_589/workspace/nxp_lpcxpresso_11u14_board_lib/Debug/libnxp_lpcxpresso_11u14_board_lib.a(board.o)
 .debug_abbrev  0x00000000000010b3      0x21a /home/beni/Documents/MCUXpresso_10.1.0_589/workspace/nxp_lpcxpresso_11u14_board_lib/Debug/libnxp_lpcxpresso_11u14_board_lib.a(board_sysinit.o)
 .debug_abbrev  0x00000000000012cd      0x1e6 /home/beni/Documents/MCUXpresso_10.1.0_589/workspace/lpc_chip_11uxx_lib/Debug/liblpc_chip_11uxx_lib.a(clock_11xx.o)
 .debug_abbrev  0x00000000000014b3      0x1a8 /home/beni/Documents/MCUXpresso_10.1.0_589/workspace/lpc_chip_11uxx_lib/Debug/liblpc_chip_11uxx_lib.a(gpio_11xx_1.o)
 .debug_abbrev  0x000000000000165b       0xe5 /home/beni/Documents/MCUXpresso_10.1.0_589/workspace/lpc_chip_11uxx_lib/Debug/liblpc_chip_11uxx_lib.a(iocon_11xx.o)
 .debug_abbrev  0x0000000000001740      0x162 /home/beni/Documents/MCUXpresso_10.1.0_589/workspace/lpc_chip_11uxx_lib/Debug/liblpc_chip_11uxx_lib.a(ring_buffer.o)
 .debug_abbrev  0x00000000000018a2      0x10c /home/beni/Documents/MCUXpresso_10.1.0_589/workspace/lpc_chip_11uxx_lib/Debug/liblpc_chip_11uxx_lib.a(sysctl_11xx.o)
 .debug_abbrev  0x00000000000019ae      0x1c8 /home/beni/Documents/MCUXpresso_10.1.0_589/workspace/lpc_chip_11uxx_lib/Debug/liblpc_chip_11uxx_lib.a(timer_11xx.o)
 .debug_abbrev  0x0000000000001b76      0x236 /home/beni/Documents/MCUXpresso_10.1.0_589/workspace/lpc_chip_11uxx_lib/Debug/liblpc_chip_11uxx_lib.a(uart_11xx.o)

.debug_aranges  0x0000000000000000      0x6e0
 .debug_aranges
                0x0000000000000000       0x68 ./example/src/cdc_vcom.o
 .debug_aranges
                0x0000000000000068       0x18 ./example/src/composite_desc.o
 .debug_aranges
                0x0000000000000080      0x108 ./example/src/composite_main.o
 .debug_aranges
                0x0000000000000188       0x60 ./example/src/cr_startup_lpc11xx.o
 .debug_aranges
                0x00000000000001e8       0x70 ./example/src/hid.o
 .debug_aranges
                0x0000000000000258       0x20 ./example/src/parser.o
 .debug_aranges
                0x0000000000000278       0x20 ./example/src/sysinit.o
 .debug_aranges
                0x0000000000000298       0xd0 /home/beni/Documents/MCUXpresso_10.1.0_589/workspace/nxp_lpcxpresso_11u14_board_lib/Debug/libnxp_lpcxpresso_11u14_board_lib.a(board.o)
 .debug_aranges
                0x0000000000000368       0x68 /home/beni/Documents/MCUXpresso_10.1.0_589/workspace/nxp_lpcxpresso_11u14_board_lib/Debug/libnxp_lpcxpresso_11u14_board_lib.a(board_sysinit.o)
 .debug_aranges
                0x00000000000003d0       0xa0 /home/beni/Documents/MCUXpresso_10.1.0_589/workspace/lpc_chip_11uxx_lib/Debug/liblpc_chip_11uxx_lib.a(clock_11xx.o)
 .debug_aranges
                0x0000000000000470       0x78 /home/beni/Documents/MCUXpresso_10.1.0_589/workspace/lpc_chip_11uxx_lib/Debug/liblpc_chip_11uxx_lib.a(gpio_11xx_1.o)
 .debug_aranges
                0x00000000000004e8       0x20 /home/beni/Documents/MCUXpresso_10.1.0_589/workspace/lpc_chip_11uxx_lib/Debug/liblpc_chip_11uxx_lib.a(iocon_11xx.o)
 .debug_aranges
                0x0000000000000508       0x60 /home/beni/Documents/MCUXpresso_10.1.0_589/workspace/lpc_chip_11uxx_lib/Debug/liblpc_chip_11uxx_lib.a(ring_buffer.o)
 .debug_aranges
                0x0000000000000568       0x38 /home/beni/Documents/MCUXpresso_10.1.0_589/workspace/lpc_chip_11uxx_lib/Debug/liblpc_chip_11uxx_lib.a(sysctl_11xx.o)
 .debug_aranges
                0x00000000000005a0       0x50 /home/beni/Documents/MCUXpresso_10.1.0_589/workspace/lpc_chip_11uxx_lib/Debug/liblpc_chip_11uxx_lib.a(timer_11xx.o)
 .debug_aranges
                0x00000000000005f0       0xf0 /home/beni/Documents/MCUXpresso_10.1.0_589/workspace/lpc_chip_11uxx_lib/Debug/liblpc_chip_11uxx_lib.a(uart_11xx.o)

.debug_ranges   0x0000000000000000      0x5d8
 .debug_ranges  0x0000000000000000       0x58 ./example/src/cdc_vcom.o
 .debug_ranges  0x0000000000000058       0xf8 ./example/src/composite_main.o
 .debug_ranges  0x0000000000000150       0x50 ./example/src/cr_startup_lpc11xx.o
 .debug_ranges  0x00000000000001a0       0x60 ./example/src/hid.o
 .debug_ranges  0x0000000000000200       0x10 ./example/src/parser.o
 .debug_ranges  0x0000000000000210       0x10 ./example/src/sysinit.o
 .debug_ranges  0x0000000000000220       0xc0 /home/beni/Documents/MCUXpresso_10.1.0_589/workspace/nxp_lpcxpresso_11u14_board_lib/Debug/libnxp_lpcxpresso_11u14_board_lib.a(board.o)
 .debug_ranges  0x00000000000002e0       0x58 /home/beni/Documents/MCUXpresso_10.1.0_589/workspace/nxp_lpcxpresso_11u14_board_lib/Debug/libnxp_lpcxpresso_11u14_board_lib.a(board_sysinit.o)
 .debug_ranges  0x0000000000000338       0x90 /home/beni/Documents/MCUXpresso_10.1.0_589/workspace/lpc_chip_11uxx_lib/Debug/liblpc_chip_11uxx_lib.a(clock_11xx.o)
 .debug_ranges  0x00000000000003c8       0x68 /home/beni/Documents/MCUXpresso_10.1.0_589/workspace/lpc_chip_11uxx_lib/Debug/liblpc_chip_11uxx_lib.a(gpio_11xx_1.o)
 .debug_ranges  0x0000000000000430       0x10 /home/beni/Documents/MCUXpresso_10.1.0_589/workspace/lpc_chip_11uxx_lib/Debug/liblpc_chip_11uxx_lib.a(iocon_11xx.o)
 .debug_ranges  0x0000000000000440       0x50 /home/beni/Documents/MCUXpresso_10.1.0_589/workspace/lpc_chip_11uxx_lib/Debug/liblpc_chip_11uxx_lib.a(ring_buffer.o)
 .debug_ranges  0x0000000000000490       0x28 /home/beni/Documents/MCUXpresso_10.1.0_589/workspace/lpc_chip_11uxx_lib/Debug/liblpc_chip_11uxx_lib.a(sysctl_11xx.o)
 .debug_ranges  0x00000000000004b8       0x40 /home/beni/Documents/MCUXpresso_10.1.0_589/workspace/lpc_chip_11uxx_lib/Debug/liblpc_chip_11uxx_lib.a(timer_11xx.o)
 .debug_ranges  0x00000000000004f8       0xe0 /home/beni/Documents/MCUXpresso_10.1.0_589/workspace/lpc_chip_11uxx_lib/Debug/liblpc_chip_11uxx_lib.a(uart_11xx.o)

.debug_macro    0x0000000000000000     0x56fe
 .debug_macro   0x0000000000000000      0x256 ./example/src/cdc_vcom.o
 .debug_macro   0x0000000000000256      0x8b6 ./example/src/cdc_vcom.o
 .debug_macro   0x0000000000000b0c       0x10 ./example/src/cdc_vcom.o
 .debug_macro   0x0000000000000b1c      0x12d ./example/src/cdc_vcom.o
 .debug_macro   0x0000000000000c49      0x5b2 ./example/src/cdc_vcom.o
 .debug_macro   0x00000000000011fb       0x22 ./example/src/cdc_vcom.o
 .debug_macro   0x000000000000121d       0x74 ./example/src/cdc_vcom.o
 .debug_macro   0x0000000000001291       0x11 ./example/src/cdc_vcom.o
 .debug_macro   0x00000000000012a2      0x26c ./example/src/cdc_vcom.o
 .debug_macro   0x000000000000150e       0x82 ./example/src/cdc_vcom.o
 .debug_macro   0x0000000000001590       0x12 ./example/src/cdc_vcom.o
 .debug_macro   0x00000000000015a2       0xfa ./example/src/cdc_vcom.o
 .debug_macro   0x000000000000169c       0xee ./example/src/cdc_vcom.o
 .debug_macro   0x000000000000178a      0x693 ./example/src/cdc_vcom.o
 .debug_macro   0x0000000000001e1d      0x272 ./example/src/cdc_vcom.o
 .debug_macro   0x000000000000208f       0x10 ./example/src/cdc_vcom.o
 .debug_macro   0x000000000000209f       0x10 ./example/src/cdc_vcom.o
 .debug_macro   0x00000000000020af       0x1f ./example/src/cdc_vcom.o
 .debug_macro   0x00000000000020ce       0x3a ./example/src/cdc_vcom.o
 .debug_macro   0x0000000000002108      0x241 ./example/src/cdc_vcom.o
 .debug_macro   0x0000000000002349      0x125 ./example/src/cdc_vcom.o
 .debug_macro   0x000000000000246e       0x2e ./example/src/cdc_vcom.o
 .debug_macro   0x000000000000249c       0xf1 ./example/src/cdc_vcom.o
 .debug_macro   0x000000000000258d       0x10 ./example/src/cdc_vcom.o
 .debug_macro   0x000000000000259d      0x137 ./example/src/cdc_vcom.o
 .debug_macro   0x00000000000026d4       0x4c ./example/src/cdc_vcom.o
 .debug_macro   0x0000000000002720       0x16 ./example/src/cdc_vcom.o
 .debug_macro   0x0000000000002736      0x31a ./example/src/cdc_vcom.o
 .debug_macro   0x0000000000002a50       0x4f ./example/src/cdc_vcom.o
 .debug_macro   0x0000000000002a9f       0xb8 ./example/src/cdc_vcom.o
 .debug_macro   0x0000000000002b57       0x7c ./example/src/cdc_vcom.o
 .debug_macro   0x0000000000002bd3       0x1c ./example/src/cdc_vcom.o
 .debug_macro   0x0000000000002bef       0x40 ./example/src/cdc_vcom.o
 .debug_macro   0x0000000000002c2f      0x21c ./example/src/cdc_vcom.o
 .debug_macro   0x0000000000002e4b       0x58 ./example/src/cdc_vcom.o
 .debug_macro   0x0000000000002ea3       0x9a ./example/src/cdc_vcom.o
 .debug_macro   0x0000000000002f3d       0x20 ./example/src/cdc_vcom.o
 .debug_macro   0x0000000000002f5d       0x2e ./example/src/cdc_vcom.o
 .debug_macro   0x0000000000002f8b       0xf5 ./example/src/composite_desc.o
 .debug_macro   0x0000000000003080       0x7b ./example/src/composite_desc.o
 .debug_macro   0x00000000000030fb      0x27d ./example/src/composite_main.o
 .debug_macro   0x0000000000003378       0x28 ./example/src/composite_main.o
 .debug_macro   0x00000000000033a0       0x26 ./example/src/composite_main.o
 .debug_macro   0x00000000000033c6       0x26 ./example/src/cr_startup_lpc11xx.o
 .debug_macro   0x00000000000033ec      0x8bc ./example/src/cr_startup_lpc11xx.o
 .debug_macro   0x0000000000003ca8      0x25e ./example/src/hid.o
 .debug_macro   0x0000000000003f06      0x12f ./example/src/parser.o
 .debug_macro   0x0000000000004035      0x193 ./example/src/sysinit.o
 .debug_macro   0x00000000000041c8      0x1e8 /home/beni/Documents/MCUXpresso_10.1.0_589/workspace/nxp_lpcxpresso_11u14_board_lib/Debug/libnxp_lpcxpresso_11u14_board_lib.a(board.o)
 .debug_macro   0x00000000000043b0      0x8b0 /home/beni/Documents/MCUXpresso_10.1.0_589/workspace/nxp_lpcxpresso_11u14_board_lib/Debug/libnxp_lpcxpresso_11u14_board_lib.a(board.o)
 .debug_macro   0x0000000000004c60       0x12 /home/beni/Documents/MCUXpresso_10.1.0_589/workspace/nxp_lpcxpresso_11u14_board_lib/Debug/libnxp_lpcxpresso_11u14_board_lib.a(board.o)
 .debug_macro   0x0000000000004c72      0x1a1 /home/beni/Documents/MCUXpresso_10.1.0_589/workspace/nxp_lpcxpresso_11u14_board_lib/Debug/libnxp_lpcxpresso_11u14_board_lib.a(board_sysinit.o)
 .debug_macro   0x0000000000004e13      0x15d /home/beni/Documents/MCUXpresso_10.1.0_589/workspace/lpc_chip_11uxx_lib/Debug/liblpc_chip_11uxx_lib.a(clock_11xx.o)
 .debug_macro   0x0000000000004f70      0x15d /home/beni/Documents/MCUXpresso_10.1.0_589/workspace/lpc_chip_11uxx_lib/Debug/liblpc_chip_11uxx_lib.a(gpio_11xx_1.o)
 .debug_macro   0x00000000000050cd      0x15d /home/beni/Documents/MCUXpresso_10.1.0_589/workspace/lpc_chip_11uxx_lib/Debug/liblpc_chip_11uxx_lib.a(iocon_11xx.o)
 .debug_macro   0x000000000000522a       0x83 /home/beni/Documents/MCUXpresso_10.1.0_589/workspace/lpc_chip_11uxx_lib/Debug/liblpc_chip_11uxx_lib.a(ring_buffer.o)
 .debug_macro   0x00000000000052ad       0x10 /home/beni/Documents/MCUXpresso_10.1.0_589/workspace/lpc_chip_11uxx_lib/Debug/liblpc_chip_11uxx_lib.a(ring_buffer.o)
 .debug_macro   0x00000000000052bd      0x187 /home/beni/Documents/MCUXpresso_10.1.0_589/workspace/lpc_chip_11uxx_lib/Debug/liblpc_chip_11uxx_lib.a(sysctl_11xx.o)
 .debug_macro   0x0000000000005444      0x15d /home/beni/Documents/MCUXpresso_10.1.0_589/workspace/lpc_chip_11uxx_lib/Debug/liblpc_chip_11uxx_lib.a(timer_11xx.o)
 .debug_macro   0x00000000000055a1      0x15d /home/beni/Documents/MCUXpresso_10.1.0_589/workspace/lpc_chip_11uxx_lib/Debug/liblpc_chip_11uxx_lib.a(uart_11xx.o)

.debug_line     0x0000000000000000     0x4148
 .debug_line    0x0000000000000000      0x5df ./example/src/cdc_vcom.o
 .debug_line    0x00000000000005df      0x2c1 ./example/src/composite_desc.o
 .debug_line    0x00000000000008a0      0x7d1 ./example/src/composite_main.o
 .debug_line    0x0000000000001071       0xf3 ./example/src/cr_startup_lpc11xx.o
 .debug_line    0x0000000000001164      0x5f9 ./example/src/hid.o
 .debug_line    0x000000000000175d      0x34d ./example/src/parser.o
 .debug_line    0x0000000000001aaa      0x36d ./example/src/sysinit.o
 .debug_line    0x0000000000001e17      0x550 /home/beni/Documents/MCUXpresso_10.1.0_589/workspace/nxp_lpcxpresso_11u14_board_lib/Debug/libnxp_lpcxpresso_11u14_board_lib.a(board.o)
 .debug_line    0x0000000000002367      0x46f /home/beni/Documents/MCUXpresso_10.1.0_589/workspace/nxp_lpcxpresso_11u14_board_lib/Debug/libnxp_lpcxpresso_11u14_board_lib.a(board_sysinit.o)
 .debug_line    0x00000000000027d6      0x459 /home/beni/Documents/MCUXpresso_10.1.0_589/workspace/lpc_chip_11uxx_lib/Debug/liblpc_chip_11uxx_lib.a(clock_11xx.o)
 .debug_line    0x0000000000002c2f      0x3d9 /home/beni/Documents/MCUXpresso_10.1.0_589/workspace/lpc_chip_11uxx_lib/Debug/liblpc_chip_11uxx_lib.a(gpio_11xx_1.o)
 .debug_line    0x0000000000003008      0x2ee /home/beni/Documents/MCUXpresso_10.1.0_589/workspace/lpc_chip_11uxx_lib/Debug/liblpc_chip_11uxx_lib.a(iocon_11xx.o)
 .debug_line    0x00000000000032f6      0x259 /home/beni/Documents/MCUXpresso_10.1.0_589/workspace/lpc_chip_11uxx_lib/Debug/liblpc_chip_11uxx_lib.a(ring_buffer.o)
 .debug_line    0x000000000000354f      0x327 /home/beni/Documents/MCUXpresso_10.1.0_589/workspace/lpc_chip_11uxx_lib/Debug/liblpc_chip_11uxx_lib.a(sysctl_11xx.o)
 .debug_line    0x0000000000003876      0x378 /home/beni/Documents/MCUXpresso_10.1.0_589/workspace/lpc_chip_11uxx_lib/Debug/liblpc_chip_11uxx_lib.a(timer_11xx.o)
 .debug_line    0x0000000000003bee      0x55a /home/beni/Documents/MCUXpresso_10.1.0_589/workspace/lpc_chip_11uxx_lib/Debug/liblpc_chip_11uxx_lib.a(uart_11xx.o)

.debug_str      0x0000000000000000     0xf485
 .debug_str     0x0000000000000000     0xd136 ./example/src/cdc_vcom.o
                                       0xd30f (size before relaxing)
 .debug_str     0x000000000000d136       0x5a ./example/src/composite_desc.o
                                       0x8a92 (size before relaxing)
 .debug_str     0x000000000000d190      0xb52 ./example/src/composite_main.o
                                       0xdcb6 (size before relaxing)
 .debug_str     0x000000000000dce2      0x26b ./example/src/cr_startup_lpc11xx.o
                                       0x26b3 (size before relaxing)
 .debug_str     0x000000000000df4d      0x356 ./example/src/hid.o
                                       0xd41e (size before relaxing)
 .debug_str     0x000000000000e2a3       0x2d ./example/src/parser.o
                                       0x8e74 (size before relaxing)
 .debug_str     0x000000000000e2d0       0x19 ./example/src/sysinit.o
                                       0x816c (size before relaxing)
 .debug_str     0x000000000000e2e9      0x318 /home/beni/Documents/MCUXpresso_10.1.0_589/workspace/nxp_lpcxpresso_11u14_board_lib/Debug/libnxp_lpcxpresso_11u14_board_lib.a(board.o)
                                       0x8598 (size before relaxing)
 .debug_str     0x000000000000e601      0x2bd /home/beni/Documents/MCUXpresso_10.1.0_589/workspace/nxp_lpcxpresso_11u14_board_lib/Debug/libnxp_lpcxpresso_11u14_board_lib.a(board_sysinit.o)
                                       0x899a (size before relaxing)
 .debug_str     0x000000000000e8be      0x492 /home/beni/Documents/MCUXpresso_10.1.0_589/workspace/lpc_chip_11uxx_lib/Debug/liblpc_chip_11uxx_lib.a(clock_11xx.o)
                                       0x8585 (size before relaxing)
 .debug_str     0x000000000000ed50       0xff /home/beni/Documents/MCUXpresso_10.1.0_589/workspace/lpc_chip_11uxx_lib/Debug/liblpc_chip_11uxx_lib.a(gpio_11xx_1.o)
                                       0x83e3 (size before relaxing)
 .debug_str     0x000000000000ee4f       0x30 /home/beni/Documents/MCUXpresso_10.1.0_589/workspace/lpc_chip_11uxx_lib/Debug/liblpc_chip_11uxx_lib.a(iocon_11xx.o)
                                       0x7d9d (size before relaxing)
 .debug_str     0x000000000000ee7f      0x108 /home/beni/Documents/MCUXpresso_10.1.0_589/workspace/lpc_chip_11uxx_lib/Debug/liblpc_chip_11uxx_lib.a(ring_buffer.o)
                                       0x3fef (size before relaxing)
 .debug_str     0x000000000000ef87      0x19f /home/beni/Documents/MCUXpresso_10.1.0_589/workspace/lpc_chip_11uxx_lib/Debug/liblpc_chip_11uxx_lib.a(sysctl_11xx.o)
                                       0x8188 (size before relaxing)
 .debug_str     0x000000000000f126      0x122 /home/beni/Documents/MCUXpresso_10.1.0_589/workspace/lpc_chip_11uxx_lib/Debug/liblpc_chip_11uxx_lib.a(timer_11xx.o)
                                       0x83fb (size before relaxing)
 .debug_str     0x000000000000f248      0x23d /home/beni/Documents/MCUXpresso_10.1.0_589/workspace/lpc_chip_11uxx_lib/Debug/liblpc_chip_11uxx_lib.a(uart_11xx.o)
                                       0x85de (size before relaxing)

.comment        0x0000000000000000       0xef
 .comment       0x0000000000000000       0x7f ./example/src/cdc_vcom.o
                                         0x80 (size before relaxing)
 .comment       0x000000000000007f       0x80 ./example/src/composite_desc.o
 .comment       0x000000000000007f       0x80 ./example/src/composite_main.o
 .comment       0x000000000000007f       0x80 ./example/src/cr_startup_lpc11xx.o
 .comment       0x000000000000007f       0x80 ./example/src/hid.o
 .comment       0x000000000000007f       0x80 ./example/src/parser.o
 .comment       0x000000000000007f       0x80 ./example/src/sysinit.o
 .comment       0x000000000000007f       0x80 /home/beni/Documents/MCUXpresso_10.1.0_589/workspace/nxp_lpcxpresso_11u14_board_lib/Debug/libnxp_lpcxpresso_11u14_board_lib.a(board.o)
 .comment       0x000000000000007f       0x80 /home/beni/Documents/MCUXpresso_10.1.0_589/workspace/nxp_lpcxpresso_11u14_board_lib/Debug/libnxp_lpcxpresso_11u14_board_lib.a(board_sysinit.o)
 .comment       0x000000000000007f       0x80 /home/beni/Documents/MCUXpresso_10.1.0_589/workspace/lpc_chip_11uxx_lib/Debug/liblpc_chip_11uxx_lib.a(clock_11xx.o)
 .comment       0x000000000000007f       0x80 /home/beni/Documents/MCUXpresso_10.1.0_589/workspace/lpc_chip_11uxx_lib/Debug/liblpc_chip_11uxx_lib.a(gpio_11xx_1.o)
 .comment       0x000000000000007f       0x80 /home/beni/Documents/MCUXpresso_10.1.0_589/workspace/lpc_chip_11uxx_lib/Debug/liblpc_chip_11uxx_lib.a(iocon_11xx.o)
 .comment       0x000000000000007f       0x80 /home/beni/Documents/MCUXpresso_10.1.0_589/workspace/lpc_chip_11uxx_lib/Debug/liblpc_chip_11uxx_lib.a(ring_buffer.o)
 .comment       0x000000000000007f       0x80 /home/beni/Documents/MCUXpresso_10.1.0_589/workspace/lpc_chip_11uxx_lib/Debug/liblpc_chip_11uxx_lib.a(sysctl_11xx.o)
 .comment       0x000000000000007f       0x80 /home/beni/Documents/MCUXpresso_10.1.0_589/workspace/lpc_chip_11uxx_lib/Debug/liblpc_chip_11uxx_lib.a(timer_11xx.o)
 .comment       0x000000000000007f       0x80 /home/beni/Documents/MCUXpresso_10.1.0_589/workspace/lpc_chip_11uxx_lib/Debug/liblpc_chip_11uxx_lib.a(uart_11xx.o)
 .comment       0x000000000000007f       0x70 /home/beni/Documents/MCUXpresso_10.1.0_589/workspace/lpc_chip_11uxx_lib/libs/libusbd_11uxx_lib.a(mw_usbd_core.o)
                                         0x71 (size before relaxing)
 .comment       0x00000000000000ef       0x71 /home/beni/Documents/MCUXpresso_10.1.0_589/workspace/lpc_chip_11uxx_lib/libs/libusbd_11uxx_lib.a(mw_usbd_rom_api.o)
 .comment       0x00000000000000ef       0x71 /home/beni/Documents/MCUXpresso_10.1.0_589/workspace/lpc_chip_11uxx_lib/libs/libusbd_11uxx_lib.a(hw_usbd_ip3511.o)
 .comment       0x00000000000000ef       0x71 /home/beni/Documents/MCUXpresso_10.1.0_589/workspace/lpc_chip_11uxx_lib/libs/libusbd_11uxx_lib.a(mw_usbd_cdcuser.o)
 .comment       0x00000000000000ef       0x71 /home/beni/Documents/MCUXpresso_10.1.0_589/workspace/lpc_chip_11uxx_lib/libs/libusbd_11uxx_lib.a(mw_usbd_hiduser.o)
 .comment       0x00000000000000ef       0x80 /usr/local/mcuxpressoide-10.1.1_606/ide/tools/bin/../lib/gcc/arm-none-eabi/6.3.1/../../../../arm-none-eabi/lib/thumb/v6-m/libcr_nohost.a(_cr__main.o)
 .comment       0x00000000000000ef       0x80 /usr/local/mcuxpressoide-10.1.1_606/ide/tools/bin/../lib/gcc/arm-none-eabi/6.3.1/../../../../arm-none-eabi/lib/thumb/v6-m/libcr_c.a(memcpy.o)
 .comment       0x00000000000000ef       0x80 /usr/local/mcuxpressoide-10.1.1_606/ide/tools/bin/../lib/gcc/arm-none-eabi/6.3.1/../../../../arm-none-eabi/lib/thumb/v6-m/libcr_c.a(memset.o)
 .comment       0x00000000000000ef       0x80 /usr/local/mcuxpressoide-10.1.1_606/ide/tools/bin/../lib/gcc/arm-none-eabi/6.3.1/../../../../arm-none-eabi/lib/thumb/v6-m/libcr_c.a(initio.o)
 .comment       0x00000000000000ef       0x80 /usr/local/mcuxpressoide-10.1.1_606/ide/tools/bin/../lib/gcc/arm-none-eabi/6.3.1/../../../../arm-none-eabi/lib/thumb/v6-m/libcr_c.a(setvbuf.o)
 .comment       0x00000000000000ef       0x80 /usr/local/mcuxpressoide-10.1.1_606/ide/tools/bin/../lib/gcc/arm-none-eabi/6.3.1/../../../../arm-none-eabi/lib/thumb/v6-m/libcr_c.a(_fdopen.o)
 .comment       0x00000000000000ef       0x80 /usr/local/mcuxpressoide-10.1.1_606/ide/tools/bin/../lib/gcc/arm-none-eabi/6.3.1/../../../../arm-none-eabi/lib/thumb/v6-m/libcr_c.a(fclose.o)
 .comment       0x00000000000000ef       0x80 /usr/local/mcuxpressoide-10.1.1_606/ide/tools/bin/../lib/gcc/arm-none-eabi/6.3.1/../../../../arm-none-eabi/lib/thumb/v6-m/libcr_c.a(fflush.o)
 .comment       0x00000000000000ef       0x80 /usr/local/mcuxpressoide-10.1.1_606/ide/tools/bin/../lib/gcc/arm-none-eabi/6.3.1/../../../../arm-none-eabi/lib/thumb/v6-m/libcr_c.a(fseek.o)
 .comment       0x00000000000000ef       0x80 /usr/local/mcuxpressoide-10.1.1_606/ide/tools/bin/../lib/gcc/arm-none-eabi/6.3.1/../../../../arm-none-eabi/lib/thumb/v6-m/libcr_c.a(ftell.o)
 .comment       0x00000000000000ef       0x80 /usr/local/mcuxpressoide-10.1.1_606/ide/tools/bin/../lib/gcc/arm-none-eabi/6.3.1/../../../../arm-none-eabi/lib/thumb/v6-m/libcr_c.a(remove.o)
 .comment       0x00000000000000ef       0x80 /usr/local/mcuxpressoide-10.1.1_606/ide/tools/bin/../lib/gcc/arm-none-eabi/6.3.1/../../../../arm-none-eabi/lib/thumb/v6-m/libcr_c.a(strlen.o)
 .comment       0x00000000000000ef       0x80 /usr/local/mcuxpressoide-10.1.1_606/ide/tools/bin/../lib/gcc/arm-none-eabi/6.3.1/../../../../arm-none-eabi/lib/thumb/v6-m/libcr_c.a(_do_fflush.o)
 .comment       0x00000000000000ef       0x80 /usr/local/mcuxpressoide-10.1.1_606/ide/tools/bin/../lib/gcc/arm-none-eabi/6.3.1/../../../../arm-none-eabi/lib/thumb/v6-m/libcr_c.a(_fflush.o)
 .comment       0x00000000000000ef       0x80 /usr/local/mcuxpressoide-10.1.1_606/ide/tools/bin/../lib/gcc/arm-none-eabi/6.3.1/../../../../arm-none-eabi/lib/thumb/v6-m/libcr_c.a(_writebuf.o)
 .comment       0x00000000000000ef       0x80 /usr/local/mcuxpressoide-10.1.1_606/ide/tools/bin/../lib/gcc/arm-none-eabi/6.3.1/../../../../arm-none-eabi/lib/thumb/v6-m/libcr_c.a(alloc.o)
 .comment       0x00000000000000ef       0x80 /usr/local/mcuxpressoide-10.1.1_606/ide/tools/bin/../lib/gcc/arm-none-eabi/6.3.1/../../../../arm-none-eabi/lib/thumb/v6-m/libcr_c.a(errno.o)
 .comment       0x00000000000000ef       0x80 /usr/local/mcuxpressoide-10.1.1_606/ide/tools/bin/../lib/gcc/arm-none-eabi/6.3.1/../../../../arm-none-eabi/lib/thumb/v6-m/libcr_c.a(_deferredlazyseek.o)
 .comment       0x00000000000000ef       0x80 /usr/local/mcuxpressoide-10.1.1_606/ide/tools/bin/../lib/gcc/arm-none-eabi/6.3.1/../../../../arm-none-eabi/lib/thumb/v6-m/libcr_nohost.a(__ciob.o)
 .comment       0x00000000000000ef       0x80 /usr/local/mcuxpressoide-10.1.1_606/ide/tools/bin/../lib/gcc/arm-none-eabi/6.3.1/../../../../arm-none-eabi/lib/thumb/v6-m/libcr_nohost.a(__sys_close.o)
 .comment       0x00000000000000ef       0x80 /usr/local/mcuxpressoide-10.1.1_606/ide/tools/bin/../lib/gcc/arm-none-eabi/6.3.1/../../../../arm-none-eabi/lib/thumb/v6-m/libcr_nohost.a(__sys_flen.o)
 .comment       0x00000000000000ef       0x80 /usr/local/mcuxpressoide-10.1.1_606/ide/tools/bin/../lib/gcc/arm-none-eabi/6.3.1/../../../../arm-none-eabi/lib/thumb/v6-m/libcr_nohost.a(__sys_istty.o)
 .comment       0x00000000000000ef       0x80 /usr/local/mcuxpressoide-10.1.1_606/ide/tools/bin/../lib/gcc/arm-none-eabi/6.3.1/../../../../arm-none-eabi/lib/thumb/v6-m/libcr_nohost.a(__sys_remove.o)
 .comment       0x00000000000000ef       0x80 /usr/local/mcuxpressoide-10.1.1_606/ide/tools/bin/../lib/gcc/arm-none-eabi/6.3.1/../../../../arm-none-eabi/lib/thumb/v6-m/libcr_nohost.a(__sys_seek.o)
 .comment       0x00000000000000ef       0x80 /usr/local/mcuxpressoide-10.1.1_606/ide/tools/bin/../lib/gcc/arm-none-eabi/6.3.1/../../../../arm-none-eabi/lib/thumb/v6-m/libcr_nohost.a(__sys_tmpnam.o)

.ARM.attributes
                0x0000000000000000       0x2f
 .ARM.attributes
                0x0000000000000000       0x31 ./example/src/cdc_vcom.o
 .ARM.attributes
                0x0000000000000031       0x31 ./example/src/composite_desc.o
 .ARM.attributes
                0x0000000000000062       0x31 ./example/src/composite_main.o
 .ARM.attributes
                0x0000000000000093       0x31 ./example/src/cr_startup_lpc11xx.o
 .ARM.attributes
                0x00000000000000c4       0x31 ./example/src/hid.o
 .ARM.attributes
                0x00000000000000f5       0x31 ./example/src/parser.o
 .ARM.attributes
                0x0000000000000126       0x31 ./example/src/sysinit.o
 .ARM.attributes
                0x0000000000000157       0x31 /home/beni/Documents/MCUXpresso_10.1.0_589/workspace/nxp_lpcxpresso_11u14_board_lib/Debug/libnxp_lpcxpresso_11u14_board_lib.a(board.o)
 .ARM.attributes
                0x0000000000000188       0x31 /home/beni/Documents/MCUXpresso_10.1.0_589/workspace/nxp_lpcxpresso_11u14_board_lib/Debug/libnxp_lpcxpresso_11u14_board_lib.a(board_sysinit.o)
 .ARM.attributes
                0x00000000000001b9       0x31 /home/beni/Documents/MCUXpresso_10.1.0_589/workspace/lpc_chip_11uxx_lib/Debug/liblpc_chip_11uxx_lib.a(clock_11xx.o)
 .ARM.attributes
                0x00000000000001ea       0x31 /home/beni/Documents/MCUXpresso_10.1.0_589/workspace/lpc_chip_11uxx_lib/Debug/liblpc_chip_11uxx_lib.a(gpio_11xx_1.o)
 .ARM.attributes
                0x000000000000021b       0x31 /home/beni/Documents/MCUXpresso_10.1.0_589/workspace/lpc_chip_11uxx_lib/Debug/liblpc_chip_11uxx_lib.a(iocon_11xx.o)
 .ARM.attributes
                0x000000000000024c       0x31 /home/beni/Documents/MCUXpresso_10.1.0_589/workspace/lpc_chip_11uxx_lib/Debug/liblpc_chip_11uxx_lib.a(ring_buffer.o)
 .ARM.attributes
                0x000000000000027d       0x31 /home/beni/Documents/MCUXpresso_10.1.0_589/workspace/lpc_chip_11uxx_lib/Debug/liblpc_chip_11uxx_lib.a(sysctl_11xx.o)
 .ARM.attributes
                0x00000000000002ae       0x31 /home/beni/Documents/MCUXpresso_10.1.0_589/workspace/lpc_chip_11uxx_lib/Debug/liblpc_chip_11uxx_lib.a(timer_11xx.o)
 .ARM.attributes
                0x00000000000002df       0x31 /home/beni/Documents/MCUXpresso_10.1.0_589/workspace/lpc_chip_11uxx_lib/Debug/liblpc_chip_11uxx_lib.a(uart_11xx.o)
 .ARM.attributes
                0x0000000000000310       0x31 /home/beni/Documents/MCUXpresso_10.1.0_589/workspace/lpc_chip_11uxx_lib/libs/libusbd_11uxx_lib.a(mw_usbd_core.o)
 .ARM.attributes
                0x0000000000000341       0x31 /home/beni/Documents/MCUXpresso_10.1.0_589/workspace/lpc_chip_11uxx_lib/libs/libusbd_11uxx_lib.a(mw_usbd_rom_api.o)
 .ARM.attributes
                0x0000000000000372       0x31 /home/beni/Documents/MCUXpresso_10.1.0_589/workspace/lpc_chip_11uxx_lib/libs/libusbd_11uxx_lib.a(hw_usbd_ip3511.o)
 .ARM.attributes
                0x00000000000003a3       0x31 /home/beni/Documents/MCUXpresso_10.1.0_589/workspace/lpc_chip_11uxx_lib/libs/libusbd_11uxx_lib.a(mw_usbd_cdcuser.o)
 .ARM.attributes
                0x00000000000003d4       0x31 /home/beni/Documents/MCUXpresso_10.1.0_589/workspace/lpc_chip_11uxx_lib/libs/libusbd_11uxx_lib.a(mw_usbd_hiduser.o)
 .ARM.attributes
                0x0000000000000405       0x31 /usr/local/mcuxpressoide-10.1.1_606/ide/tools/bin/../lib/gcc/arm-none-eabi/6.3.1/../../../../arm-none-eabi/lib/thumb/v6-m/libcr_nohost.a(_cr__main.o)
 .ARM.attributes
                0x0000000000000436       0x31 /usr/local/mcuxpressoide-10.1.1_606/ide/tools/bin/../lib/gcc/arm-none-eabi/6.3.1/../../../../arm-none-eabi/lib/thumb/v6-m/libcr_c.a(memcpy.o)
 .ARM.attributes
                0x0000000000000467       0x31 /usr/local/mcuxpressoide-10.1.1_606/ide/tools/bin/../lib/gcc/arm-none-eabi/6.3.1/../../../../arm-none-eabi/lib/thumb/v6-m/libcr_c.a(memset.o)
 .ARM.attributes
                0x0000000000000498       0x31 /usr/local/mcuxpressoide-10.1.1_606/ide/tools/bin/../lib/gcc/arm-none-eabi/6.3.1/../../../../arm-none-eabi/lib/thumb/v6-m/libcr_c.a(initio.o)
 .ARM.attributes
                0x00000000000004c9       0x31 /usr/local/mcuxpressoide-10.1.1_606/ide/tools/bin/../lib/gcc/arm-none-eabi/6.3.1/../../../../arm-none-eabi/lib/thumb/v6-m/libcr_c.a(setvbuf.o)
 .ARM.attributes
                0x00000000000004fa       0x31 /usr/local/mcuxpressoide-10.1.1_606/ide/tools/bin/../lib/gcc/arm-none-eabi/6.3.1/../../../../arm-none-eabi/lib/thumb/v6-m/libcr_c.a(_fdopen.o)
 .ARM.attributes
                0x000000000000052b       0x31 /usr/local/mcuxpressoide-10.1.1_606/ide/tools/bin/../lib/gcc/arm-none-eabi/6.3.1/../../../../arm-none-eabi/lib/thumb/v6-m/libcr_c.a(fclose.o)
 .ARM.attributes
                0x000000000000055c       0x31 /usr/local/mcuxpressoide-10.1.1_606/ide/tools/bin/../lib/gcc/arm-none-eabi/6.3.1/../../../../arm-none-eabi/lib/thumb/v6-m/libcr_c.a(fflush.o)
 .ARM.attributes
                0x000000000000058d       0x31 /usr/local/mcuxpressoide-10.1.1_606/ide/tools/bin/../lib/gcc/arm-none-eabi/6.3.1/../../../../arm-none-eabi/lib/thumb/v6-m/libcr_c.a(fseek.o)
 .ARM.attributes
                0x00000000000005be       0x31 /usr/local/mcuxpressoide-10.1.1_606/ide/tools/bin/../lib/gcc/arm-none-eabi/6.3.1/../../../../arm-none-eabi/lib/thumb/v6-m/libcr_c.a(ftell.o)
 .ARM.attributes
                0x00000000000005ef       0x31 /usr/local/mcuxpressoide-10.1.1_606/ide/tools/bin/../lib/gcc/arm-none-eabi/6.3.1/../../../../arm-none-eabi/lib/thumb/v6-m/libcr_c.a(remove.o)
 .ARM.attributes
                0x0000000000000620       0x31 /usr/local/mcuxpressoide-10.1.1_606/ide/tools/bin/../lib/gcc/arm-none-eabi/6.3.1/../../../../arm-none-eabi/lib/thumb/v6-m/libcr_c.a(strlen.o)
 .ARM.attributes
                0x0000000000000651       0x31 /usr/local/mcuxpressoide-10.1.1_606/ide/tools/bin/../lib/gcc/arm-none-eabi/6.3.1/../../../../arm-none-eabi/lib/thumb/v6-m/libcr_c.a(_do_fflush.o)
 .ARM.attributes
                0x0000000000000682       0x31 /usr/local/mcuxpressoide-10.1.1_606/ide/tools/bin/../lib/gcc/arm-none-eabi/6.3.1/../../../../arm-none-eabi/lib/thumb/v6-m/libcr_c.a(_fflush.o)
 .ARM.attributes
                0x00000000000006b3       0x31 /usr/local/mcuxpressoide-10.1.1_606/ide/tools/bin/../lib/gcc/arm-none-eabi/6.3.1/../../../../arm-none-eabi/lib/thumb/v6-m/libcr_c.a(_writebuf.o)
 .ARM.attributes
                0x00000000000006e4       0x31 /usr/local/mcuxpressoide-10.1.1_606/ide/tools/bin/../lib/gcc/arm-none-eabi/6.3.1/../../../../arm-none-eabi/lib/thumb/v6-m/libcr_c.a(alloc.o)
 .ARM.attributes
                0x0000000000000715       0x31 /usr/local/mcuxpressoide-10.1.1_606/ide/tools/bin/../lib/gcc/arm-none-eabi/6.3.1/../../../../arm-none-eabi/lib/thumb/v6-m/libcr_c.a(errno.o)
 .ARM.attributes
                0x0000000000000746       0x31 /usr/local/mcuxpressoide-10.1.1_606/ide/tools/bin/../lib/gcc/arm-none-eabi/6.3.1/../../../../arm-none-eabi/lib/thumb/v6-m/libcr_c.a(_deferredlazyseek.o)
 .ARM.attributes
                0x0000000000000777       0x21 /usr/local/mcuxpressoide-10.1.1_606/ide/tools/bin/../lib/gcc/arm-none-eabi/6.3.1/thumb/v6-m/libcr_eabihelpers.a(division_32.o)
 .ARM.attributes
                0x0000000000000798       0x21 /usr/local/mcuxpressoide-10.1.1_606/ide/tools/bin/../lib/gcc/arm-none-eabi/6.3.1/thumb/v6-m/libcr_eabihelpers.a(division_idiv0.o)
 .ARM.attributes
                0x00000000000007b9       0x21 /usr/local/mcuxpressoide-10.1.1_606/ide/tools/bin/../lib/gcc/arm-none-eabi/6.3.1/thumb/v6-m/libcr_eabihelpers.a(memcpy.o)
 .ARM.attributes
                0x00000000000007da       0x31 /usr/local/mcuxpressoide-10.1.1_606/ide/tools/bin/../lib/gcc/arm-none-eabi/6.3.1/../../../../arm-none-eabi/lib/thumb/v6-m/libcr_nohost.a(__ciob.o)
 .ARM.attributes
                0x000000000000080b       0x31 /usr/local/mcuxpressoide-10.1.1_606/ide/tools/bin/../lib/gcc/arm-none-eabi/6.3.1/../../../../arm-none-eabi/lib/thumb/v6-m/libcr_nohost.a(__sys_close.o)
 .ARM.attributes
                0x000000000000083c       0x31 /usr/local/mcuxpressoide-10.1.1_606/ide/tools/bin/../lib/gcc/arm-none-eabi/6.3.1/../../../../arm-none-eabi/lib/thumb/v6-m/libcr_nohost.a(__sys_flen.o)
 .ARM.attributes
                0x000000000000086d       0x31 /usr/local/mcuxpressoide-10.1.1_606/ide/tools/bin/../lib/gcc/arm-none-eabi/6.3.1/../../../../arm-none-eabi/lib/thumb/v6-m/libcr_nohost.a(__sys_istty.o)
 .ARM.attributes
                0x000000000000089e       0x31 /usr/local/mcuxpressoide-10.1.1_606/ide/tools/bin/../lib/gcc/arm-none-eabi/6.3.1/../../../../arm-none-eabi/lib/thumb/v6-m/libcr_nohost.a(__sys_remove.o)
 .ARM.attributes
                0x00000000000008cf       0x31 /usr/local/mcuxpressoide-10.1.1_606/ide/tools/bin/../lib/gcc/arm-none-eabi/6.3.1/../../../../arm-none-eabi/lib/thumb/v6-m/libcr_nohost.a(__sys_seek.o)
 .ARM.attributes