Archive member included to satisfy reference by file (symbol)

/home/beni/Documents/MCUXpresso_10.1.0_589/workspace/nxp_lpcxpresso_11u14_board_lib/Debug/libnxp_lpcxpresso_11u14_board_lib.a(board.o)
                              ./example/src/hid.o (Board_Joystick_Init)
/home/beni/Documents/MCUXpresso_10.1.0_589/workspace/nxp_lpcxpresso_11u14_board_lib/Debug/libnxp_lpcxpresso_11u14_board_lib.a(board_sysinit.o)
                              ./example/src/sysinit.o (Board_SystemInit)
/home/beni/Documents/MCUXpresso_10.1.0_589/workspace/lpc_chip_11uxx_lib/Debug/liblpc_chip_11uxx_lib.a(clock_11xx.o)
                              /home/beni/Documents/MCUXpresso_10.1.0_589/workspace/nxp_lpcxpresso_11u14_board_lib/Debug/libnxp_lpcxpresso_11u14_board_lib.a(board_sysinit.o) (Chip_Clock_SetSystemPLLSource)
/home/beni/Documents/MCUXpresso_10.1.0_589/workspace/lpc_chip_11uxx_lib/Debug/liblpc_chip_11uxx_lib.a(gpio_11xx_1.o)
                              ./example/src/composite_main.o (Chip_GPIO_Init)
/home/beni/Documents/MCUXpresso_10.1.0_589/workspace/lpc_chip_11uxx_lib/Debug/liblpc_chip_11uxx_lib.a(iocon_11xx.o)
                              ./example/src/composite_main.o (Chip_IOCON_PinMuxSet)
/home/beni/Documents/MCUXpresso_10.1.0_589/workspace/lpc_chip_11uxx_lib/Debug/liblpc_chip_11uxx_lib.a(ring_buffer.o)
                              ./example/src/composite_main.o (RingBuffer_Init)
/home/beni/Documents/MCUXpresso_10.1.0_589/workspace/lpc_chip_11uxx_lib/Debug/liblpc_chip_11uxx_lib.a(sysctl_11xx.o)
                              /home/beni/Documents/MCUXpresso_10.1.0_589/workspace/nxp_lpcxpresso_11u14_board_lib/Debug/libnxp_lpcxpresso_11u14_board_lib.a(board_sysinit.o) (Chip_SYSCTL_PowerDown)
/home/beni/Documents/MCUXpresso_10.1.0_589/workspace/lpc_chip_11uxx_lib/Debug/liblpc_chip_11uxx_lib.a(uart_11xx.o)
                              ./example/src/composite_main.o (Chip_UART_Init)
/home/beni/Documents/MCUXpresso_10.1.0_589/workspace/lpc_chip_11uxx_lib/libs/libusbd_11uxx_lib.a(mw_usbd_core.o)
                              ./example/src/hid.o (mwUSB_ResetCore)
/home/beni/Documents/MCUXpresso_10.1.0_589/workspace/lpc_chip_11uxx_lib/libs/libusbd_11uxx_lib.a(mw_usbd_rom_api.o)
                              ./example/src/composite_main.o (cdc_api)
/home/beni/Documents/MCUXpresso_10.1.0_589/workspace/lpc_chip_11uxx_lib/libs/libusbd_11uxx_lib.a(hw_usbd_ip3511.o)
                              /home/beni/Documents/MCUXpresso_10.1.0_589/workspace/lpc_chip_11uxx_lib/libs/libusbd_11uxx_lib.a(mw_usbd_rom_api.o) (hwUSB_ForceFullSpeed)
/home/beni/Documents/MCUXpresso_10.1.0_589/workspace/lpc_chip_11uxx_lib/libs/libusbd_11uxx_lib.a(mw_usbd_cdcuser.o)
                              /home/beni/Documents/MCUXpresso_10.1.0_589/workspace/lpc_chip_11uxx_lib/libs/libusbd_11uxx_lib.a(mw_usbd_rom_api.o) (mwCDC_SendNotification)
/home/beni/Documents/MCUXpresso_10.1.0_589/workspace/lpc_chip_11uxx_lib/libs/libusbd_11uxx_lib.a(mw_usbd_dfuuser.o)
                              /home/beni/Documents/MCUXpresso_10.1.0_589/workspace/lpc_chip_11uxx_lib/libs/libusbd_11uxx_lib.a(mw_usbd_rom_api.o) (mwDFU_GetMemSize)
/home/beni/Documents/MCUXpresso_10.1.0_589/workspace/lpc_chip_11uxx_lib/libs/libusbd_11uxx_lib.a(mw_usbd_hiduser.o)
                              /home/beni/Documents/MCUXpresso_10.1.0_589/workspace/lpc_chip_11uxx_lib/libs/libusbd_11uxx_lib.a(mw_usbd_rom_api.o) (mwHID_GetMemSize)
/home/beni/Documents/MCUXpresso_10.1.0_589/workspace/lpc_chip_11uxx_lib/libs/libusbd_11uxx_lib.a(mw_usbd_mscuser.o)
                              /home/beni/Documents/MCUXpresso_10.1.0_589/workspace/lpc_chip_11uxx_lib/libs/libusbd_11uxx_lib.a(mw_usbd_rom_api.o) (mwMSC_GetMemSize)
/usr/local/mcuxpressoide-10.1.0_589/ide/tools/bin/../lib/gcc/arm-none-eabi/6.3.1/../../../../arm-none-eabi/lib/thumb/v6-m/libcr_nohost.a(_cr__main.o)
                              ./example/src/cr_startup_lpc11xx.o (__main)
/usr/local/mcuxpressoide-10.1.0_589/ide/tools/bin/../lib/gcc/arm-none-eabi/6.3.1/../../../../arm-none-eabi/lib/thumb/v6-m/libcr_c.a(memcpy.o)
                              ./example/src/cdc_vcom.o (memcpy)
/usr/local/mcuxpressoide-10.1.0_589/ide/tools/bin/../lib/gcc/arm-none-eabi/6.3.1/../../../../arm-none-eabi/lib/thumb/v6-m/libcr_c.a(memset.o)
                              ./example/src/cdc_vcom.o (memset)
/usr/local/mcuxpressoide-10.1.0_589/ide/tools/bin/../lib/gcc/arm-none-eabi/6.3.1/../../../../arm-none-eabi/lib/thumb/v6-m/libcr_c.a(initio.o)
                              /usr/local/mcuxpressoide-10.1.0_589/ide/tools/bin/../lib/gcc/arm-none-eabi/6.3.1/../../../../arm-none-eabi/lib/thumb/v6-m/libcr_nohost.a(_cr__main.o) (_initio)
/usr/local/mcuxpressoide-10.1.0_589/ide/tools/bin/../lib/gcc/arm-none-eabi/6.3.1/../../../../arm-none-eabi/lib/thumb/v6-m/libcr_c.a(setvbuf.o)
                              /usr/local/mcuxpressoide-10.1.0_589/ide/tools/bin/../lib/gcc/arm-none-eabi/6.3.1/../../../../arm-none-eabi/lib/thumb/v6-m/libcr_c.a(initio.o) (setvbuf)
[...]
Memory Configuration

Name             Origin             Length             Attributes
MFlash32         0x0000000000000000 0x0000000000008000 xr
RamLoc4          0x0000000010000000 0x0000000000001000 xrw
RamUsb2          0x0000000020004000 0x0000000000000800 xrw
*default*        0x0000000000000000 0xffffffffffffffff

Linker script and memory map

LOAD ./example/src/cdc_vcom.o
LOAD ./example/src/composite_desc.o
LOAD ./example/src/composite_main.o
LOAD ./example/src/cr_startup_lpc11xx.o
LOAD ./example/src/hid.o
LOAD ./example/src/parser.o
LOAD ./example/src/sysinit.o
LOAD /home/beni/Documents/MCUXpresso_10.1.0_589/workspace/nxp_lpcxpresso_11u14_board_lib/Debug/libnxp_lpcxpresso_11u14_board_lib.a
LOAD /home/beni/Documents/MCUXpresso_10.1.0_589/workspace/lpc_chip_11uxx_lib/Debug/liblpc_chip_11uxx_lib.a
LOAD /home/beni/Documents/MCUXpresso_10.1.0_589/workspace/lpc_chip_11uxx_lib/libs/libusbd_11uxx_lib.a
START GROUP
LOAD /usr/local/mcuxpressoide-10.1.0_589/ide/tools/bin/../lib/gcc/arm-none-eabi/6.3.1/../../../../arm-none-eabi/lib/thumb/v6-m/libcr_nohost.a
LOAD /usr/local/mcuxpressoide-10.1.0_589/ide/tools/bin/../lib/gcc/arm-none-eabi/6.3.1/../../../../arm-none-eabi/lib/thumb/v6-m/libcr_c.a
LOAD /usr/local/mcuxpressoide-10.1.0_589/ide/tools/bin/../lib/gcc/arm-none-eabi/6.3.1/thumb/v6-m/libcr_eabihelpers.a
END GROUP
                0x0000000000000000                __base_MFlash32 = 0x0
                0x0000000000000000                __base_Flash = 0x0
                0x0000000000008000                __top_MFlash32 = 0x8000
                0x0000000000008000                __top_Flash = 0x8000
                0x0000000010000000                __base_RamLoc4 = 0x10000000
                0x0000000010000000                __base_RAM = 0x10000000
                0x0000000010001000                __top_RamLoc4 = 0x10001000
                0x0000000010001000                __top_RAM = 0x10001000
                0x0000000020004000                __base_RamUsb2 = 0x20004000
                0x0000000020004000                __base_RAM2 = 0x20004000
                0x0000000020004800                __top_RamUsb2 = 0x20004800
                0x0000000020004800                __top_RAM2 = 0x20004800

.text           0x0000000000000000     0x49b0
 FILL mask 0xff
                0x0000000000000000                __vectors_start__ = ABSOLUTE (.)
 *(.isr_vector)
 .isr_vector    0x0000000000000000       0xc0 ./example/src/cr_startup_lpc11xx.o
                0x0000000000000000                g_pfnVectors
                0x00000000000000c0                . = ALIGN (0x4)
                0x00000000000000c0                __section_table_start = .
                0x00000000000000c0                __data_section_table = .
                0x00000000000000c0        0x4 LONG 0x49b0 LOADADDR (.data)
                0x00000000000000c4        0x4 LONG 0x10000000 ADDR (.data)
                0x00000000000000c8        0x4 LONG 0x6c SIZEOF (.data)
                0x00000000000000cc        0x4 LONG 0x49b0 LOADADDR (.data_RAM2)
                0x00000000000000d0        0x4 LONG 0x20004000 ADDR (.data_RAM2)
                0x00000000000000d4        0x4 LONG 0x0 SIZEOF (.data_RAM2)
                0x00000000000000d8                __data_section_table_end = .
                0x00000000000000d8                __bss_section_table = .
                0x00000000000000d8        0x4 LONG 0x1000006c ADDR (.bss)
                0x00000000000000dc        0x4 LONG 0x308 SIZEOF (.bss)
                0x00000000000000e0        0x4 LONG 0x20004000 ADDR (.bss_RAM2)
                0x00000000000000e4        0x4 LONG 0x0 SIZEOF (.bss_RAM2)
                0x00000000000000e8                __bss_section_table_end = .
                0x00000000000000e8                __section_table_end = .
 *(.after_vectors*)
 .after_vectors
                0x00000000000000e8       0x70 ./example/src/cr_startup_lpc11xx.o
                0x00000000000000e8                NMI_Handler
                0x00000000000000ea                HardFault_Handler
                0x00000000000000ec                SVC_Handler
                0x00000000000000ee                PendSV_Handler
                0x00000000000000f0                SysTick_Handler
                0x00000000000000f2                TIMER16_0_IRQHandler
                0x00000000000000f2                TIMER32_0_IRQHandler
                0x00000000000000f2                FLEX_INT7_IRQHandler
                0x00000000000000f2                TIMER32_1_IRQHandler
                0x00000000000000f2                FLEX_INT1_IRQHandler
                0x00000000000000f2                IntDefaultHandler
                0x00000000000000f2                SSP0_IRQHandler
                0x00000000000000f2                USBWakeup_IRQHandler
                0x00000000000000f2                FLEX_INT0_IRQHandler
                0x00000000000000f2                FLEX_INT2_IRQHandler
                0x00000000000000f2                TIMER16_1_IRQHandler
                0x00000000000000f2                USB_FIQHandler
                0x00000000000000f2                FLEX_INT5_IRQHandler
                0x00000000000000f2                ADC_IRQHandler
                0x00000000000000f2                SSP1_IRQHandler
                0x00000000000000f2                FLEX_INT3_IRQHandler
                0x00000000000000f2                BOD_IRQHandler
                0x00000000000000f2                I2C_IRQHandler
                0x00000000000000f2                WDT_IRQHandler
                0x00000000000000f2                GINT0_IRQHandler
                0x00000000000000f2                FLEX_INT4_IRQHandler
                0x00000000000000f2                FLEX_INT6_IRQHandler
                0x00000000000000f2                FMC_IRQHandler
                0x00000000000000f2                GINT1_IRQHandler
                0x00000000000000f4                data_init
                0x0000000000000106                bss_init
                0x0000000000000116                ResetISR
 *(.text*)
 .text.NVIC_EnableIRQ
                0x0000000000000158       0x2c ./example/src/cdc_vcom.o
 .text.NVIC_DisableIRQ
                0x0000000000000184       0x30 ./example/src/cdc_vcom.o
 .text.VCOM_bulk_in_hdlr
                0x00000000000001b4       0x30 ./example/src/cdc_vcom.o
 .text.VCOM_bulk_out_hdlr
                0x00000000000001e4       0xec ./example/src/cdc_vcom.o
 .text.VCOM_SetLineCode
                0x00000000000002d0       0x24 ./example/src/cdc_vcom.o
 .text.vcom_init
                0x00000000000002f4      0x128 ./example/src/cdc_vcom.o
                0x00000000000002f4                vcom_init
 .text.vcom_bread
                0x000000000000041c       0xa0 ./example/src/cdc_vcom.o
                0x000000000000041c                vcom_bread
 .text.vcom_write
                0x00000000000004bc       0x78 ./example/src/cdc_vcom.o
                0x00000000000004bc                vcom_write
 .text.NVIC_EnableIRQ
                0x0000000000000534       0x2c ./example/src/composite_main.o
 .text.NVIC_SetPriority
                0x0000000000000560       0xdc ./example/src/composite_main.o
 .text.Chip_Clock_EnablePeriphClock
                0x000000000000063c       0x30 ./example/src/composite_main.o
 .text.Chip_UART_TXEnable
                0x000000000000066c       0x16 ./example/src/composite_main.o
 .text.Chip_UART_IntEnable
                0x0000000000000682       0x1e ./example/src/composite_main.o
 .text.Chip_UART_SetupFIFOS
                0x00000000000006a0       0x18 ./example/src/composite_main.o
 .text.Chip_UART_ConfigData
                0x00000000000006b8       0x18 ./example/src/composite_main.o
 .text.Chip_GPIO_GetPinState
                0x00000000000006d0       0x38 ./example/src/composite_main.o
 .text.Chip_GPIO_SetPinDIRInput
                0x0000000000000708       0x52 ./example/src/composite_main.o
 *fill*         0x000000000000075a        0x2 ff
 .text.vcom_connected
                0x000000000000075c       0x1c ./example/src/composite_main.o
 .text.usb_pin_clk_init
                0x0000000000000778       0x28 ./example/src/composite_main.o
 .text.UART_IRQHandler
                0x00000000000007a0       0x24 ./example/src/composite_main.o
                0x00000000000007a0                UART_IRQHandler
 .text.USB_IRQHandler
                0x00000000000007c4       0x24 ./example/src/composite_main.o
                0x00000000000007c4                USB_IRQHandler
 .text.find_IntfDesc
                0x00000000000007e8       0x5a ./example/src/composite_main.o
                0x00000000000007e8                find_IntfDesc
 *fill*         0x0000000000000842        0x2 ff
 .text.main     0x0000000000000844      0x364 ./example/src/composite_main.o
                0x0000000000000844                main
 .text.USB_IsConfigured
                0x0000000000000ba8       0x20 ./example/src/hid.o
 .text.Keyboard_UpdateReport
                0x0000000000000bc8       0x70 ./example/src/hid.o
                0x0000000000000bc8                Keyboard_UpdateReport
 .text.Joystick_UpdateReport
                0x0000000000000c38       0x3c ./example/src/hid.o
                0x0000000000000c38                Joystick_UpdateReport
 .text.UpdateReport
                0x0000000000000c74        0xa ./example/src/hid.o
                0x0000000000000c74                UpdateReport
 *fill*         0x0000000000000c7e        0x2 ff
 .text.Mouse_UpdateReport
                0x0000000000000c80       0x70 ./example/src/hid.o
                0x0000000000000c80                Mouse_UpdateReport
 .text.Mouse_GetReport
                0x0000000000000cf0       0x80 ./example/src/hid.o
 .text.Mouse_SetReport
                0x0000000000000d70       0x3c ./example/src/hid.o
 .text.Mouse_EpIN_Hdlr
                0x0000000000000dac       0x28 ./example/src/hid.o
 .text.HID_Init
                0x0000000000000dd4       0xf0 ./example/src/hid.o
                0x0000000000000dd4                HID_Init
 .text.USB_resetdevice
                0x0000000000000ec4       0x18 ./example/src/hid.o
                0x0000000000000ec4                USB_resetdevice
 .text.HID_Tasks
                0x0000000000000edc      0x124 ./example/src/hid.o
                0x0000000000000edc                HID_Tasks
 .text.parseBuffer
                0x0000000000001000      0x134 ./example/src/parser.o
                0x0000000000001000                parseBuffer
 .text.SystemInit
                0x0000000000001134        0xe ./example/src/sysinit.o
                0x0000000000001134                SystemInit
 .text.Chip_GPIO_SetPinDIRInput
                0x0000000000001142       0x52 /home/beni/Documents/MCUXpresso_10.1.0_589/workspace/nxp_lpcxpresso_11u14_board_lib/Debug/libnxp_lpcxpresso_11u14_board_lib.a(board.o)
 .text.__sys_write
                0x0000000000001194       0x16 /home/beni/Documents/MCUXpresso_10.1.0_589/workspace/nxp_lpcxpresso_11u14_board_lib/Debug/libnxp_lpcxpresso_11u14_board_lib.a(board.o)
                0x0000000000001194                __sys_write
 *fill*         0x00000000000011aa        0x2 ff
 .text.Board_Joystick_Init
                0x00000000000011ac       0x90 /home/beni/Documents/MCUXpresso_10.1.0_589/workspace/nxp_lpcxpresso_11u14_board_lib/Debug/libnxp_lpcxpresso_11u14_board_lib.a(board.o)
                0x00000000000011ac                Board_Joystick_Init
 .text.Chip_FMC_SetFLASHAccess
                0x000000000000123c       0x30 /home/beni/Documents/MCUXpresso_10.1.0_589/workspace/nxp_lpcxpresso_11u14_board_lib/Debug/libnxp_lpcxpresso_11u14_board_lib.a(board_sysinit.o)
 .text.Chip_Clock_SetupSystemPLL
                0x000000000000126c       0x38 /home/beni/Documents/MCUXpresso_10.1.0_589/workspace/nxp_lpcxpresso_11u14_board_lib/Debug/libnxp_lpcxpresso_11u14_board_lib.a(board_sysinit.o)
 .text.Chip_Clock_IsSystemPLLLocked
                0x00000000000012a4       0x1c /home/beni/Documents/MCUXpresso_10.1.0_589/workspace/nxp_lpcxpresso_11u14_board_lib/Debug/libnxp_lpcxpresso_11u14_board_lib.a(board_sysinit.o)
 .text.Chip_Clock_SetupUSBPLL
                0x00000000000012c0       0x38 /home/beni/Documents/MCUXpresso_10.1.0_589/workspace/nxp_lpcxpresso_11u14_board_lib/Debug/libnxp_lpcxpresso_11u14_board_lib.a(board_sysinit.o)
 .text.Chip_Clock_IsUSBPLLLocked
                0x00000000000012f8       0x1c /home/beni/Documents/MCUXpresso_10.1.0_589/workspace/nxp_lpcxpresso_11u14_board_lib/Debug/libnxp_lpcxpresso_11u14_board_lib.a(board_sysinit.o)
 .text.Chip_Clock_SetSysClockDiv
                0x0000000000001314       0x1c /home/beni/Documents/MCUXpresso_10.1.0_589/workspace/nxp_lpcxpresso_11u14_board_lib/Debug/libnxp_lpcxpresso_11u14_board_lib.a(board_sysinit.o)
 .text.Chip_Clock_EnablePeriphClock
                0x0000000000001330       0x30 /home/beni/Documents/MCUXpresso_10.1.0_589/workspace/nxp_lpcxpresso_11u14_board_lib/Debug/libnxp_lpcxpresso_11u14_board_lib.a(board_sysinit.o)
 .text.SystemSetupClocking
                0x0000000000001360       0x92 /home/beni/Documents/MCUXpresso_10.1.0_589/workspace/nxp_lpcxpresso_11u14_board_lib/Debug/libnxp_lpcxpresso_11u14_board_lib.a(board_sysinit.o)
 *fill*         0x00000000000013f2        0x2 ff
 .text.SystemSetupMuxing
                0x00000000000013f4       0x58 /home/beni/Documents/MCUXpresso_10.1.0_589/workspace/nxp_lpcxpresso_11u14_board_lib/Debug/libnxp_lpcxpresso_11u14_board_lib.a(board_sysinit.o)
 .text.Board_SystemInit
                0x000000000000144c       0x12 /home/beni/Documents/MCUXpresso_10.1.0_589/workspace/nxp_lpcxpresso_11u14_board_lib/Debug/libnxp_lpcxpresso_11u14_board_lib.a(board_sysinit.o)
                0x000000000000144c                Board_SystemInit
 *fill*         0x000000000000145e        0x2 ff
 .text.Chip_Clock_GetMainOscRate
                0x0000000000001460       0x14 /home/beni/Documents/MCUXpresso_10.1.0_589/workspace/lpc_chip_11uxx_lib/Debug/liblpc_chip_11uxx_lib.a(clock_11xx.o)
 .text.Chip_Clock_GetIntOscRate
                0x0000000000001474       0x10 /home/beni/Documents/MCUXpresso_10.1.0_589/workspace/lpc_chip_11uxx_lib/Debug/liblpc_chip_11uxx_lib.a(clock_11xx.o)
 .text.Chip_Clock_GetWDTLFORate
                0x0000000000001484       0x48 /home/beni/Documents/MCUXpresso_10.1.0_589/workspace/lpc_chip_11uxx_lib/Debug/liblpc_chip_11uxx_lib.a(clock_11xx.o)
 .text.Chip_Clock_GetPLLFreq
                0x00000000000014cc       0x22 /home/beni/Documents/MCUXpresso_10.1.0_589/workspace/lpc_chip_11uxx_lib/Debug/liblpc_chip_11uxx_lib.a(clock_11xx.o)
 *fill*         0x00000000000014ee        0x2 ff
 .text.Chip_Clock_SetSystemPLLSource
                0x00000000000014f0       0x2c /home/beni/Documents/MCUXpresso_10.1.0_589/workspace/lpc_chip_11uxx_lib/Debug/liblpc_chip_11uxx_lib.a(clock_11xx.o)
                0x00000000000014f0                Chip_Clock_SetSystemPLLSource
 .text.Chip_Clock_SetUSBPLLSource
                0x000000000000151c       0x2c /home/beni/Documents/MCUXpresso_10.1.0_589/workspace/lpc_chip_11uxx_lib/Debug/liblpc_chip_11uxx_lib.a(clock_11xx.o)
                0x000000000000151c                Chip_Clock_SetUSBPLLSource
 .text.Chip_Clock_SetMainClockSource
                0x0000000000001548       0x2c /home/beni/Documents/MCUXpresso_10.1.0_589/workspace/lpc_chip_11uxx_lib/Debug/liblpc_chip_11uxx_lib.a(clock_11xx.o)
                0x0000000000001548                Chip_Clock_SetMainClockSource
 .text.Chip_Clock_SetUSBClockSource
                0x0000000000001574       0x3c /home/beni/Documents/MCUXpresso_10.1.0_589/workspace/lpc_chip_11uxx_lib/Debug/liblpc_chip_11uxx_lib.a(clock_11xx.o)
                0x0000000000001574                Chip_Clock_SetUSBClockSource
 .text.Chip_Clock_GetWDTOSCRate
                0x00000000000015b0       0x1c /home/beni/Documents/MCUXpresso_10.1.0_589/workspace/lpc_chip_11uxx_lib/Debug/liblpc_chip_11uxx_lib.a(clock_11xx.o)
                0x00000000000015b0                Chip_Clock_GetWDTOSCRate
 .text.Chip_Clock_GetSystemPLLInClockRate
                0x00000000000015cc       0x40 /home/beni/Documents/MCUXpresso_10.1.0_589/workspace/lpc_chip_11uxx_lib/Debug/liblpc_chip_11uxx_lib.a(clock_11xx.o)
                0x00000000000015cc                Chip_Clock_GetSystemPLLInClockRate
 .text.Chip_Clock_GetSystemPLLOutClockRate
                0x000000000000160c       0x24 /home/beni/Documents/MCUXpresso_10.1.0_589/workspace/lpc_chip_11uxx_lib/Debug/liblpc_chip_11uxx_lib.a(clock_11xx.o)
                0x000000000000160c                Chip_Clock_GetSystemPLLOutClockRate
 .text.Chip_Clock_GetMainClockRate
                0x0000000000001630       0x64 /home/beni/Documents/MCUXpresso_10.1.0_589/workspace/lpc_chip_11uxx_lib/Debug/liblpc_chip_11uxx_lib.a(clock_11xx.o)
                0x0000000000001630                Chip_Clock_GetMainClockRate
 .text.Chip_Clock_EnablePeriphClock
                0x0000000000001694       0x30 /home/beni/Documents/MCUXpresso_10.1.0_589/workspace/lpc_chip_11uxx_lib/Debug/liblpc_chip_11uxx_lib.a(gpio_11xx_1.o)
 .text.Chip_GPIO_Init
                0x00000000000016c4       0x16 /home/beni/Documents/MCUXpresso_10.1.0_589/workspace/lpc_chip_11uxx_lib/Debug/liblpc_chip_11uxx_lib.a(gpio_11xx_1.o)
                0x00000000000016c4                Chip_GPIO_Init
 .text.Chip_IOCON_PinMuxSet
                0x00000000000016da       0x50 /home/beni/Documents/MCUXpresso_10.1.0_589/workspace/lpc_chip_11uxx_lib/Debug/liblpc_chip_11uxx_lib.a(iocon_11xx.o)
                0x00000000000016da                Chip_IOCON_PinMuxSet
 .text.RingBuffer_GetCount
                0x000000000000172a       0x1e /home/beni/Documents/MCUXpresso_10.1.0_589/workspace/lpc_chip_11uxx_lib/Debug/liblpc_chip_11uxx_lib.a(ring_buffer.o)
 .text.RingBuffer_GetFree
                0x0000000000001748       0x20 /home/beni/Documents/MCUXpresso_10.1.0_589/workspace/lpc_chip_11uxx_lib/Debug/liblpc_chip_11uxx_lib.a(ring_buffer.o)
 .text.RingBuffer_IsFull
                0x0000000000001768       0x2a /home/beni/Documents/MCUXpresso_10.1.0_589/workspace/lpc_chip_11uxx_lib/Debug/liblpc_chip_11uxx_lib.a(ring_buffer.o)
 .text.RingBuffer_IsEmpty
                0x0000000000001792       0x24 /home/beni/Documents/MCUXpresso_10.1.0_589/workspace/lpc_chip_11uxx_lib/Debug/liblpc_chip_11uxx_lib.a(ring_buffer.o)
 .text.RingBuffer_Init
                0x00000000000017b6       0x38 /home/beni/Documents/MCUXpresso_10.1.0_589/workspace/lpc_chip_11uxx_lib/Debug/liblpc_chip_11uxx_lib.a(ring_buffer.o)
                0x00000000000017b6                RingBuffer_Init
 .text.RingBuffer_Insert
                0x00000000000017ee       0x5c /home/beni/Documents/MCUXpresso_10.1.0_589/workspace/lpc_chip_11uxx_lib/Debug/liblpc_chip_11uxx_lib.a(ring_buffer.o)
                0x00000000000017ee                RingBuffer_Insert
 .text.RingBuffer_InsertMult
                0x000000000000184a      0x120 /home/beni/Documents/MCUXpresso_10.1.0_589/workspace/lpc_chip_11uxx_lib/Debug/liblpc_chip_11uxx_lib.a(ring_buffer.o)
                0x000000000000184a                RingBuffer_InsertMult
 .text.RingBuffer_Pop
                0x000000000000196a       0x5c /home/beni/Documents/MCUXpresso_10.1.0_589/workspace/lpc_chip_11uxx_lib/Debug/liblpc_chip_11uxx_lib.a(ring_buffer.o)
                0x000000000000196a                RingBuffer_Pop
 .text.RingBuffer_PopMult
                0x00000000000019c6      0x120 /home/beni/Documents/MCUXpresso_10.1.0_589/workspace/lpc_chip_11uxx_lib/Debug/liblpc_chip_11uxx_lib.a(ring_buffer.o)
                0x00000000000019c6                RingBuffer_PopMult
 *fill*         0x0000000000001ae6        0x2 ff
 .text.Chip_SYSCTL_PowerDown
                0x0000000000001ae8       0x44 /home/beni/Documents/MCUXpresso_10.1.0_589/workspace/lpc_chip_11uxx_lib/Debug/liblpc_chip_11uxx_lib.a(sysctl_11xx.o)
                0x0000000000001ae8                Chip_SYSCTL_PowerDown
 .text.Chip_SYSCTL_PowerUp
                0x0000000000001b2c       0x44 /home/beni/Documents/MCUXpresso_10.1.0_589/workspace/lpc_chip_11uxx_lib/Debug/liblpc_chip_11uxx_lib.a(sysctl_11xx.o)
                0x0000000000001b2c                Chip_SYSCTL_PowerUp
 .text.Chip_Clock_EnablePeriphClock
                0x0000000000001b70       0x30 /home/beni/Documents/MCUXpresso_10.1.0_589/workspace/lpc_chip_11uxx_lib/Debug/liblpc_chip_11uxx_lib.a(uart_11xx.o)
 .text.Chip_Clock_SetUARTClockDiv
                0x0000000000001ba0       0x1c /home/beni/Documents/MCUXpresso_10.1.0_589/workspace/lpc_chip_11uxx_lib/Debug/liblpc_chip_11uxx_lib.a(uart_11xx.o)
 .text.RingBuffer_IsEmpty
                0x0000000000001bbc       0x24 /home/beni/Documents/MCUXpresso_10.1.0_589/workspace/lpc_chip_11uxx_lib/Debug/liblpc_chip_11uxx_lib.a(uart_11xx.o)
 .text.Chip_UART_SendByte
                0x0000000000001be0       0x1e /home/beni/Documents/MCUXpresso_10.1.0_589/workspace/lpc_chip_11uxx_lib/Debug/liblpc_chip_11uxx_lib.a(uart_11xx.o)
 .text.Chip_UART_ReadByte
                0x0000000000001bfe       0x16 /home/beni/Documents/MCUXpresso_10.1.0_589/workspace/lpc_chip_11uxx_lib/Debug/liblpc_chip_11uxx_lib.a(uart_11xx.o)
 .text.Chip_UART_IntEnable
                0x0000000000001c14       0x1e /home/beni/Documents/MCUXpresso_10.1.0_589/workspace/lpc_chip_11uxx_lib/Debug/liblpc_chip_11uxx_lib.a(uart_11xx.o)
 .text.Chip_UART_IntDisable
                0x0000000000001c32       0x20 /home/beni/Documents/MCUXpresso_10.1.0_589/workspace/lpc_chip_11uxx_lib/Debug/liblpc_chip_11uxx_lib.a(uart_11xx.o)
 .text.Chip_UART_SetupFIFOS
                0x0000000000001c52       0x18 /home/beni/Documents/MCUXpresso_10.1.0_589/workspace/lpc_chip_11uxx_lib/Debug/liblpc_chip_11uxx_lib.a(uart_11xx.o)
 .text.Chip_UART_ConfigData
                0x0000000000001c6a       0x18 /home/beni/Documents/MCUXpresso_10.1.0_589/workspace/lpc_chip_11uxx_lib/Debug/liblpc_chip_11uxx_lib.a(uart_11xx.o)
 .text.Chip_UART_EnableDivisorAccess
                0x0000000000001c82       0x1c /home/beni/Documents/MCUXpresso_10.1.0_589/workspace/lpc_chip_11uxx_lib/Debug/liblpc_chip_11uxx_lib.a(uart_11xx.o)
 .text.Chip_UART_DisableDivisorAccess
                0x0000000000001c9e       0x1e /home/beni/Documents/MCUXpresso_10.1.0_589/workspace/lpc_chip_11uxx_lib/Debug/liblpc_chip_11uxx_lib.a(uart_11xx.o)
 .text.Chip_UART_SetDivisorLatches
                0x0000000000001cbc       0x30 /home/beni/Documents/MCUXpresso_10.1.0_589/workspace/lpc_chip_11uxx_lib/Debug/liblpc_chip_11uxx_lib.a(uart_11xx.o)
 .text.Chip_UART_ReadLineStatus
                0x0000000000001cec       0x14 /home/beni/Documents/MCUXpresso_10.1.0_589/workspace/lpc_chip_11uxx_lib/Debug/liblpc_chip_11uxx_lib.a(uart_11xx.o)
 .text.Chip_UART_Init
                0x0000000000001d00       0x36 /home/beni/Documents/MCUXpresso_10.1.0_589/workspace/lpc_chip_11uxx_lib/Debug/liblpc_chip_11uxx_lib.a(uart_11xx.o)
                0x0000000000001d00                Chip_UART_Init
 .text.Chip_UART_SetBaud
                0x0000000000001d36       0x64 /home/beni/Documents/MCUXpresso_10.1.0_589/workspace/lpc_chip_11uxx_lib/Debug/liblpc_chip_11uxx_lib.a(uart_11xx.o)
                0x0000000000001d36                Chip_UART_SetBaud
 .text.Chip_UART_RXIntHandlerRB
                0x0000000000001d9a       0x44 /home/beni/Documents/MCUXpresso_10.1.0_589/workspace/lpc_chip_11uxx_lib/Debug/liblpc_chip_11uxx_lib.a(uart_11xx.o)
                0x0000000000001d9a                Chip_UART_RXIntHandlerRB
 .text.Chip_UART_TXIntHandlerRB
                0x0000000000001dde       0x46 /home/beni/Documents/MCUXpresso_10.1.0_589/workspace/lpc_chip_11uxx_lib/Debug/liblpc_chip_11uxx_lib.a(uart_11xx.o)
                0x0000000000001dde                Chip_UART_TXIntHandlerRB
 .text.Chip_UART_SendRB
                0x0000000000001e24       0x6c /home/beni/Documents/MCUXpresso_10.1.0_589/workspace/lpc_chip_11uxx_lib/Debug/liblpc_chip_11uxx_lib.a(uart_11xx.o)
                0x0000000000001e24                Chip_UART_SendRB
 .text.Chip_UART_ReadRB
                0x0000000000001e90       0x24 /home/beni/Documents/MCUXpresso_10.1.0_589/workspace/lpc_chip_11uxx_lib/Debug/liblpc_chip_11uxx_lib.a(uart_11xx.o)
                0x0000000000001e90                Chip_UART_ReadRB
 .text.Chip_UART_IRQRBHandler
                0x0000000000001eb4       0x4c /home/beni/Documents/MCUXpresso_10.1.0_589/workspace/lpc_chip_11uxx_lib/Debug/liblpc_chip_11uxx_lib.a(uart_11xx.o)
                0x0000000000001eb4                Chip_UART_IRQRBHandler
 .text.USB_ReqGetConfiguration
                0x0000000000001f00       0x24 /home/beni/Documents/MCUXpresso_10.1.0_589/workspace/lpc_chip_11uxx_lib/libs/libusbd_11uxx_lib.a(mw_usbd_core.o)
                0x0000000000001f00                USB_ReqGetConfiguration
 .text.USBD_virt_to_phys
                0x0000000000001f24        0x4 /home/beni/Documents/MCUXpresso_10.1.0_589/workspace/lpc_chip_11uxx_lib/libs/libusbd_11uxx_lib.a(mw_usbd_core.o)
                0x0000000000001f24                USBD_virt_to_phys
 .text.USBD_cache_flush
                0x0000000000001f28        0x4 /home/beni/Documents/MCUXpresso_10.1.0_589/workspace/lpc_chip_11uxx_lib/libs/libusbd_11uxx_lib.a(mw_usbd_core.o)
                0x0000000000001f28                USBD_cache_flush
 .text.USB_ReqGetStatus
                0x0000000000001f2c       0xa4 /home/beni/Documents/MCUXpresso_10.1.0_589/workspace/lpc_chip_11uxx_lib/libs/libusbd_11uxx_lib.a(mw_usbd_core.o)
                0x0000000000001f2c                USB_ReqGetStatus
 .text.USB_ReqGetDescriptor
                0x0000000000001fd0      0x11c /home/beni/Documents/MCUXpresso_10.1.0_589/workspace/lpc_chip_11uxx_lib/libs/libusbd_11uxx_lib.a(mw_usbd_core.o)
                0x0000000000001fd0                USB_ReqGetDescriptor
 .text.USB_ReqGetInterface
                0x00000000000020ec       0x40 /home/beni/Documents/MCUXpresso_10.1.0_589/workspace/lpc_chip_11uxx_lib/libs/libusbd_11uxx_lib.a(mw_usbd_core.o)
                0x00000000000020ec                USB_ReqGetInterface
 .text.USB_ReqSetInterface
                0x000000000000212c      0x170 /home/beni/Documents/MCUXpresso_10.1.0_589/workspace/lpc_chip_11uxx_lib/libs/libusbd_11uxx_lib.a(mw_usbd_core.o)
                0x000000000000212c                USB_ReqSetInterface
 .text.USB_ReqSetConfiguration
                0x000000000000229c      0x258 /home/beni/Documents/MCUXpresso_10.1.0_589/workspace/lpc_chip_11uxx_lib/libs/libusbd_11uxx_lib.a(mw_usbd_core.o)
                0x000000000000229c                USB_ReqSetConfiguration
 .text.USB_ReqSetClrFeature
                0x00000000000024f4       0xe0 /home/beni/Documents/MCUXpresso_10.1.0_589/workspace/lpc_chip_11uxx_lib/libs/libusbd_11uxx_lib.a(mw_usbd_core.o)
                0x00000000000024f4                USB_ReqSetClrFeature
 .text.USB_EvtOutHandler
                0x00000000000025d4       0xe4 /home/beni/Documents/MCUXpresso_10.1.0_589/workspace/lpc_chip_11uxx_lib/libs/libusbd_11uxx_lib.a(mw_usbd_core.o)
                0x00000000000025d4                USB_EvtOutHandler
 .text.USB_EndPoint0
                0x00000000000026b8      0x140 /home/beni/Documents/MCUXpresso_10.1.0_589/workspace/lpc_chip_11uxx_lib/libs/libusbd_11uxx_lib.a(mw_usbd_core.o)
                0x00000000000026b8                USB_EndPoint0
 .text.USB_EvtSetupHandler
                0x00000000000027f8      0x1f4 /home/beni/Documents/MCUXpresso_10.1.0_589/workspace/lpc_chip_11uxx_lib/libs/libusbd_11uxx_lib.a(mw_usbd_core.o)
                0x00000000000027f8                USB_EvtSetupHandler
 .text.mwUSB_ResetCore
                0x00000000000029ec       0x80 /home/beni/Documents/MCUXpresso_10.1.0_589/workspace/lpc_chip_11uxx_lib/libs/libusbd_11uxx_lib.a(mw_usbd_core.o)
                0x00000000000029ec                mwUSB_ResetCore
 .text.mwUSB_SetupStage
                0x0000000000002a6c       0x10 /home/beni/Documents/MCUXpresso_10.1.0_589/workspace/lpc_chip_11uxx_lib/libs/libusbd_11uxx_lib.a(mw_usbd_core.o)
                0x0000000000002a6c                mwUSB_SetupStage
 .text.mwUSB_DataInStage
                0x0000000000002a7c       0x34 /home/beni/Documents/MCUXpresso_10.1.0_589/workspace/lpc_chip_11uxx_lib/libs/libusbd_11uxx_lib.a(mw_usbd_core.o)
                0x0000000000002a7c                mwUSB_DataInStage
 .text.mwUSB_DataOutStage
                0x0000000000002ab0       0x24 /home/beni/Documents/MCUXpresso_10.1.0_589/workspace/lpc_chip_11uxx_lib/libs/libusbd_11uxx_lib.a(mw_usbd_core.o)
                0x0000000000002ab0                mwUSB_DataOutStage
 .text.mwUSB_StatusInStage
                0x0000000000002ad4       0x10 /home/beni/Documents/MCUXpresso_10.1.0_589/workspace/lpc_chip_11uxx_lib/libs/libusbd_11uxx_lib.a(mw_usbd_core.o)
                0x0000000000002ad4                mwUSB_StatusInStage
 .text.mwUSB_StatusOutStage
                0x0000000000002ae4       0x10 /home/beni/Documents/MCUXpresso_10.1.0_589/workspace/lpc_chip_11uxx_lib/libs/libusbd_11uxx_lib.a(mw_usbd_core.o)
                0x0000000000002ae4                mwUSB_StatusOutStage
 .text.mwUSB_StallEp0
                0x0000000000002af4       0x14 /home/beni/Documents/MCUXpresso_10.1.0_589/workspace/lpc_chip_11uxx_lib/libs/libusbd_11uxx_lib.a(mw_usbd_core.o)
                0x0000000000002af4                mwUSB_StallEp0
 .text.mwUSB_InitCore
                0x0000000000002b08       0xe8 /home/beni/Documents/MCUXpresso_10.1.0_589/workspace/lpc_chip_11uxx_lib/libs/libusbd_11uxx_lib.a(mw_usbd_core.o)
                0x0000000000002b08                mwUSB_InitCore
 .text.mwUSB_RegisterClassHandler
                0x0000000000002bf0       0x2c /home/beni/Documents/MCUXpresso_10.1.0_589/workspace/lpc_chip_11uxx_lib/libs/libusbd_11uxx_lib.a(mw_usbd_core.o)
                0x0000000000002bf0                mwUSB_RegisterClassHandler
 .text.mwUSB_RegisterEpHandler
                0x0000000000002c1c       0x28 /home/beni/Documents/MCUXpresso_10.1.0_589/workspace/lpc_chip_11uxx_lib/libs/libusbd_11uxx_lib.a(mw_usbd_core.o)
                0x0000000000002c1c                mwUSB_RegisterEpHandler
 .text.def_ep_handler
                0x0000000000002c44        0x4 /home/beni/Documents/MCUXpresso_10.1.0_589/workspace/lpc_chip_11uxx_lib/libs/libusbd_11uxx_lib.a(hw_usbd_ip3511.o)
                0x0000000000002c44                def_ep_handler
 .text.hwUSB_ForceFullSpeed
                0x0000000000002c48        0x4 /home/beni/Documents/MCUXpresso_10.1.0_589/workspace/lpc_chip_11uxx_lib/libs/libusbd_11uxx_lib.a(hw_usbd_ip3511.o)
                0x0000000000002c48                hwUSB_ForceFullSpeed
 .text.hwUSB_GetMemSize
                0x0000000000002c4c       0x14 /home/beni/Documents/MCUXpresso_10.1.0_589/workspace/lpc_chip_11uxx_lib/libs/libusbd_11uxx_lib.a(hw_usbd_ip3511.o)
                0x0000000000002c4c                hwUSB_GetMemSize
 .text.hwUSB_Connect
                0x0000000000002c60       0x28 /home/beni/Documents/MCUXpresso_10.1.0_589/workspace/lpc_chip_11uxx_lib/libs/libusbd_11uxx_lib.a(hw_usbd_ip3511.o)
                0x0000000000002c60                hwUSB_Connect
 .text.hwUSB_WakeUp
                0x0000000000002c88       0x20 /home/beni/Documents/MCUXpresso_10.1.0_589/workspace/lpc_chip_11uxx_lib/libs/libusbd_11uxx_lib.a(hw_usbd_ip3511.o)
                0x0000000000002c88                hwUSB_WakeUp
 .text.hwUSB_WakeUpCfg
                0x0000000000002ca8       0x28 /home/beni/Documents/MCUXpresso_10.1.0_589/workspace/lpc_chip_11uxx_lib/libs/libusbd_11uxx_lib.a(hw_usbd_ip3511.o)
                0x0000000000002ca8                hwUSB_WakeUpCfg
 .text.hwUSB_SetAddress
                0x0000000000002cd0       0x1c /home/beni/Documents/MCUXpresso_10.1.0_589/workspace/lpc_chip_11uxx_lib/libs/libusbd_11uxx_lib.a(hw_usbd_ip3511.o)
                0x0000000000002cd0                hwUSB_SetAddress
 .text.hwUSB_SetTestMode
                0x0000000000002cec        0x8 /home/beni/Documents/MCUXpresso_10.1.0_589/workspace/lpc_chip_11uxx_lib/libs/libusbd_11uxx_lib.a(hw_usbd_ip3511.o)
                0x0000000000002cec                hwUSB_SetTestMode
 .text.hwUSB_Configure
                0x0000000000002cf4       0x24 /home/beni/Documents/MCUXpresso_10.1.0_589/workspace/lpc_chip_11uxx_lib/libs/libusbd_11uxx_lib.a(hw_usbd_ip3511.o)
                0x0000000000002cf4                hwUSB_Configure
 .text.hwUSB_ConfigEP
                0x0000000000002d18       0xcc /home/beni/Documents/MCUXpresso_10.1.0_589/workspace/lpc_chip_11uxx_lib/libs/libusbd_11uxx_lib.a(hw_usbd_ip3511.o)
                0x0000000000002d18                hwUSB_ConfigEP
 .text.hwUSB_DirCtrlEP
                0x0000000000002de4        0x4 /home/beni/Documents/MCUXpresso_10.1.0_589/workspace/lpc_chip_11uxx_lib/libs/libusbd_11uxx_lib.a(hw_usbd_ip3511.o)
                0x0000000000002de4                hwUSB_DirCtrlEP
 .text.hwUSB_EnableEP
                0x0000000000002de8       0x50 /home/beni/Documents/MCUXpresso_10.1.0_589/workspace/lpc_chip_11uxx_lib/libs/libusbd_11uxx_lib.a(hw_usbd_ip3511.o)
                0x0000000000002de8                hwUSB_EnableEP
 .text.hwUSB_DisableEP
                0x0000000000002e38       0x34 /home/beni/Documents/MCUXpresso_10.1.0_589/workspace/lpc_chip_11uxx_lib/libs/libusbd_11uxx_lib.a(hw_usbd_ip3511.o)
                0x0000000000002e38                hwUSB_DisableEP
 .text.hwUSB_ResetEP
                0x0000000000002e6c       0x4c /home/beni/Documents/MCUXpresso_10.1.0_589/workspace/lpc_chip_11uxx_lib/libs/libusbd_11uxx_lib.a(hw_usbd_ip3511.o)
                0x0000000000002e6c                hwUSB_ResetEP
 .text.hwUSB_SetStallEP
                0x0000000000002eb8       0xb0 /home/beni/Documents/MCUXpresso_10.1.0_589/workspace/lpc_chip_11uxx_lib/libs/libusbd_11uxx_lib.a(hw_usbd_ip3511.o)
                0x0000000000002eb8                hwUSB_SetStallEP
 .text.hwUSB_ClrStallEP
                0x0000000000002f68       0xc0 /home/beni/Documents/MCUXpresso_10.1.0_589/workspace/lpc_chip_11uxx_lib/libs/libusbd_11uxx_lib.a(hw_usbd_ip3511.o)
                0x0000000000002f68                hwUSB_ClrStallEP
 .text.hwUSB_EnableEvent
                0x0000000000003028      0x120 /home/beni/Documents/MCUXpresso_10.1.0_589/workspace/lpc_chip_11uxx_lib/libs/libusbd_11uxx_lib.a(hw_usbd_ip3511.o)
                0x0000000000003028                hwUSB_EnableEvent
 .text.hwUSB_ReadSetupPkt
                0x0000000000003148       0x58 /home/beni/Documents/MCUXpresso_10.1.0_589/workspace/lpc_chip_11uxx_lib/libs/libusbd_11uxx_lib.a(hw_usbd_ip3511.o)
                0x0000000000003148                hwUSB_ReadSetupPkt
 .text.hwUSB_ReadReqEP
                0x00000000000031a0        0x4 /home/beni/Documents/MCUXpresso_10.1.0_589/workspace/lpc_chip_11uxx_lib/libs/libusbd_11uxx_lib.a(hw_usbd_ip3511.o)
                0x00000000000031a0                hwUSB_ReadReqEP
 .text.hwUSB_ReadEP
                0x00000000000031a4       0xdc /home/beni/Documents/MCUXpresso_10.1.0_589/workspace/lpc_chip_11uxx_lib/libs/libusbd_11uxx_lib.a(hw_usbd_ip3511.o)
                0x00000000000031a4                hwUSB_ReadEP
 .text.hwUSB_WriteEP
                0x0000000000003280       0xdc /home/beni/Documents/MCUXpresso_10.1.0_589/workspace/lpc_chip_11uxx_lib/libs/libusbd_11uxx_lib.a(hw_usbd_ip3511.o)
                0x0000000000003280                hwUSB_WriteEP
 .text.hwUSB_Reset
                0x000000000000335c       0xcc /home/beni/Documents/MCUXpresso_10.1.0_589/workspace/lpc_chip_11uxx_lib/libs/libusbd_11uxx_lib.a(hw_usbd_ip3511.o)
                0x000000000000335c                hwUSB_Reset
 .text.hwUSB_Init
                0x0000000000003428      0x1fc /home/beni/Documents/MCUXpresso_10.1.0_589/workspace/lpc_chip_11uxx_lib/libs/libusbd_11uxx_lib.a(hw_usbd_ip3511.o)
                0x0000000000003428                hwUSB_Init
 .text.hwUSB_ISR
                0x0000000000003624      0x1b0 /home/beni/Documents/MCUXpresso_10.1.0_589/workspace/lpc_chip_11uxx_lib/libs/libusbd_11uxx_lib.a(hw_usbd_ip3511.o)
                0x0000000000003624                hwUSB_ISR
 .text.mwCDC_SetRequest
                0x00000000000037d4       0x98 /home/beni/Documents/MCUXpresso_10.1.0_589/workspace/lpc_chip_11uxx_lib/libs/libusbd_11uxx_lib.a(mw_usbd_cdcuser.o)
                0x00000000000037d4                mwCDC_SetRequest
 .text.mwCDC_ep0_hdlr
                0x000000000000386c       0xe4 /home/beni/Documents/MCUXpresso_10.1.0_589/workspace/lpc_chip_11uxx_lib/libs/libusbd_11uxx_lib.a(mw_usbd_cdcuser.o)
                0x000000000000386c                mwCDC_ep0_hdlr
 .text.mwCDC_GetRequest
                0x0000000000003950       0x54 /home/beni/Documents/MCUXpresso_10.1.0_589/workspace/lpc_chip_11uxx_lib/libs/libusbd_11uxx_lib.a(mw_usbd_cdcuser.o)
                0x0000000000003950                mwCDC_GetRequest
 .text.mwCDC_SendNotification
                0x00000000000039a4       0x54 /home/beni/Documents/MCUXpresso_10.1.0_589/workspace/lpc_chip_11uxx_lib/libs/libusbd_11uxx_lib.a(mw_usbd_cdcuser.o)
                0x00000000000039a4                mwCDC_SendNotification
 .text.mwCDC_GetMemSize
                0x00000000000039f8        0x4 /home/beni/Documents/MCUXpresso_10.1.0_589/workspace/lpc_chip_11uxx_lib/libs/libusbd_11uxx_lib.a(mw_usbd_cdcuser.o)
                0x00000000000039f8                mwCDC_GetMemSize
 .text.mwCDC_init
                0x00000000000039fc      0x154 /home/beni/Documents/MCUXpresso_10.1.0_589/workspace/lpc_chip_11uxx_lib/libs/libusbd_11uxx_lib.a(mw_usbd_cdcuser.o)
                0x00000000000039fc                mwCDC_init
 .text.mwHID_GetReportDesc
                0x0000000000003b50       0x1c /home/beni/Documents/MCUXpresso_10.1.0_589/workspace/lpc_chip_11uxx_lib/libs/libusbd_11uxx_lib.a(mw_usbd_hiduser.o)
                0x0000000000003b50                mwHID_GetReportDesc
 .text.mwHID_SetIdle
                0x0000000000003b6c       0x30 /home/beni/Documents/MCUXpresso_10.1.0_589/workspace/lpc_chip_11uxx_lib/libs/libusbd_11uxx_lib.a(mw_usbd_hiduser.o)
                0x0000000000003b6c                mwHID_SetIdle
 .text.mwHID_ep0_hdlr
                0x0000000000003b9c      0x1e8 /home/beni/Documents/MCUXpresso_10.1.0_589/workspace/lpc_chip_11uxx_lib/libs/libusbd_11uxx_lib.a(mw_usbd_hiduser.o)
                0x0000000000003b9c                mwHID_ep0_hdlr
 .text.mwHID_GetMemSize
                0x0000000000003d84        0x8 /home/beni/Documents/MCUXpresso_10.1.0_589/workspace/lpc_chip_11uxx_lib/libs/libusbd_11uxx_lib.a(mw_usbd_hiduser.o)
                0x0000000000003d84                mwHID_GetMemSize
 .text.mwHID_init
                0x0000000000003d8c      0x1a0 /home/beni/Documents/MCUXpresso_10.1.0_589/workspace/lpc_chip_11uxx_lib/libs/libusbd_11uxx_lib.a(mw_usbd_hiduser.o)
                0x0000000000003d8c                mwHID_init
 .text.__main   0x0000000000003f2c        0xc /usr/local/mcuxpressoide-10.1.0_589/ide/tools/bin/../lib/gcc/arm-none-eabi/6.3.1/../../../../arm-none-eabi/lib/thumb/v6-m/libcr_nohost.a(_cr__main.o)
                0x0000000000003f2c                __main
 .text.memcpy   0x0000000000003f38        0x8 /usr/local/mcuxpressoide-10.1.0_589/ide/tools/bin/../lib/gcc/arm-none-eabi/6.3.1/../../../../arm-none-eabi/lib/thumb/v6-m/libcr_c.a(memcpy.o)
                0x0000000000003f38                memcpy
 .text.memset   0x0000000000003f40        0x8 /usr/local/mcuxpressoide-10.1.0_589/ide/tools/bin/../lib/gcc/arm-none-eabi/6.3.1/../../../../arm-none-eabi/lib/thumb/v6-m/libcr_c.a(memset.o)
                0x0000000000003f40                memset
 .text._initio  0x0000000000003f48       0x7c /usr/local/mcuxpressoide-10.1.0_589/ide/tools/bin/../lib/gcc/arm-none-eabi/6.3.1/../../../../arm-none-eabi/lib/thumb/v6-m/libcr_c.a(initio.o)
                0x0000000000003f48                _initio
 .text.setvbuf  0x0000000000003fc4       0x48 /usr/local/mcuxpressoide-10.1.0_589/ide/tools/bin/../lib/gcc/arm-none-eabi/6.3.1/../../../../arm-none-eabi/lib/thumb/v6-m/libcr_c.a(setvbuf.o)
                0x0000000000003fc4                setvbuf
 .text._fdopen  0x000000000000400c       0x74 /usr/local/mcuxpressoide-10.1.0_589/ide/tools/bin/../lib/gcc/arm-none-eabi/6.3.1/../../../../arm-none-eabi/lib/thumb/v6-m/libcr_c.a(_fdopen.o)
                0x000000000000400c                _fdopen
 .text.fclose   0x0000000000004080       0x5c /usr/local/mcuxpressoide-10.1.0_589/ide/tools/bin/../lib/gcc/arm-none-eabi/6.3.1/../../../../arm-none-eabi/lib/thumb/v6-m/libcr_c.a(fclose.o)
                0x0000000000004080                fclose
 .text.fflush   0x00000000000040dc       0x44 /usr/local/mcuxpressoide-10.1.0_589/ide/tools/bin/../lib/gcc/arm-none-eabi/6.3.1/../../../../arm-none-eabi/lib/thumb/v6-m/libcr_c.a(fflush.o)
                0x00000000000040dc                fflush
 .text.fseek    0x0000000000004120       0xf0 /usr/local/mcuxpressoide-10.1.0_589/ide/tools/bin/../lib/gcc/arm-none-eabi/6.3.1/../../../../arm-none-eabi/lib/thumb/v6-m/libcr_c.a(fseek.o)
                0x0000000000004120                fseek
 .text.ftell    0x0000000000004210       0x48 /usr/local/mcuxpressoide-10.1.0_589/ide/tools/bin/../lib/gcc/arm-none-eabi/6.3.1/../../../../arm-none-eabi/lib/thumb/v6-m/libcr_c.a(ftell.o)
                0x0000000000004210                ftell
 .text.remove   0x0000000000004258       0x12 /usr/local/mcuxpressoide-10.1.0_589/ide/tools/bin/../lib/gcc/arm-none-eabi/6.3.1/../../../../arm-none-eabi/lib/thumb/v6-m/libcr_c.a(remove.o)
                0x0000000000004258                remove
 *fill*         0x000000000000426a        0x2 ff
 .text.strlen   0x000000000000426c       0x58 /usr/local/mcuxpressoide-10.1.0_589/ide/tools/bin/../lib/gcc/arm-none-eabi/6.3.1/../../../../arm-none-eabi/lib/thumb/v6-m/libcr_c.a(strlen.o)
                0x000000000000426c                strlen
 .text._do_fflush
                0x00000000000042c4       0x44 /usr/local/mcuxpressoide-10.1.0_589/ide/tools/bin/../lib/gcc/arm-none-eabi/6.3.1/../../../../arm-none-eabi/lib/thumb/v6-m/libcr_c.a(_do_fflush.o)
                0x00000000000042c4                _do_fflush
 .text._fflush  0x0000000000004308       0x5c /usr/local/mcuxpressoide-10.1.0_589/ide/tools/bin/../lib/gcc/arm-none-eabi/6.3.1/../../../../arm-none-eabi/lib/thumb/v6-m/libcr_c.a(_fflush.o)
                0x0000000000004308                _fflush
 .text._Cwritebuf
                0x0000000000004364       0x68 /usr/local/mcuxpressoide-10.1.0_589/ide/tools/bin/../lib/gcc/arm-none-eabi/6.3.1/../../../../arm-none-eabi/lib/thumb/v6-m/libcr_c.a(_writebuf.o)
                0x0000000000004364                _Cwritebuf
 .text.free     0x00000000000043cc       0x2c /usr/local/mcuxpressoide-10.1.0_589/ide/tools/bin/../lib/gcc/arm-none-eabi/6.3.1/../../../../arm-none-eabi/lib/thumb/v6-m/libcr_c.a(alloc.o)
                0x00000000000043cc                free
 .text._deferredlazyseek
                0x00000000000043f8       0x40 /usr/local/mcuxpressoide-10.1.0_589/ide/tools/bin/../lib/gcc/arm-none-eabi/6.3.1/../../../../arm-none-eabi/lib/thumb/v6-m/libcr_c.a(_deferredlazyseek.o)
                0x00000000000043f8                _deferredlazyseek
 .text.__aeabi_division_idivmod
                0x0000000000004438       0x78 /usr/local/mcuxpressoide-10.1.0_589/ide/tools/bin/../lib/gcc/arm-none-eabi/6.3.1/thumb/v6-m/libcr_eabihelpers.a(division_32.o)
                0x0000000000004438                __aeabi_idiv
                0x0000000000004438                __aeabi_idivmod
                0x000000000000443e                __aeabi_uidiv
                0x000000000000443e                __aeabi_uidivmod
 .text.__aeabi_division_idiv0
                0x00000000000044b0        0x2 /usr/local/mcuxpressoide-10.1.0_589/ide/tools/bin/../lib/gcc/arm-none-eabi/6.3.1/thumb/v6-m/libcr_eabihelpers.a(division_idiv0.o)
                0x00000000000044b0                __aeabi_idiv0
 .text.__aeabi_memcpy
                0x00000000000044b2       0x2c /usr/local/mcuxpressoide-10.1.0_589/ide/tools/bin/../lib/gcc/arm-none-eabi/6.3.1/thumb/v6-m/libcr_eabihelpers.a(memcpy.o)
                0x00000000000044b2                __aeabi_memcpy
                0x00000000000044b2                __aeabi_memcpy4
                0x00000000000044b2                __aeabi_memcpy8
 .text.__aeabi_memset_lowlevel
                0x00000000000044de       0x2a /usr/local/mcuxpressoide-10.1.0_589/ide/tools/bin/../lib/gcc/arm-none-eabi/6.3.1/thumb/v6-m/libcr_eabihelpers.a(memcpy.o)
                0x00000000000044de                __aeabi_lowlevel_memset
 .text.__sys_close
                0x0000000000004508        0x6 /usr/local/mcuxpressoide-10.1.0_589/ide/tools/bin/../lib/gcc/arm-none-eabi/6.3.1/../../../../arm-none-eabi/lib/thumb/v6-m/libcr_nohost.a(__sys_close.o)
                0x0000000000004508                __sys_close
 .text.__sys_flen
                0x000000000000450e        0x6 /usr/local/mcuxpressoide-10.1.0_589/ide/tools/bin/../lib/gcc/arm-none-eabi/6.3.1/../../../../arm-none-eabi/lib/thumb/v6-m/libcr_nohost.a(__sys_flen.o)
                0x000000000000450e                __sys_flen
 .text.__sys_istty
                0x0000000000004514        0x6 /usr/local/mcuxpressoide-10.1.0_589/ide/tools/bin/../lib/gcc/arm-none-eabi/6.3.1/../../../../arm-none-eabi/lib/thumb/v6-m/libcr_nohost.a(__sys_istty.o)
                0x0000000000004514                __sys_istty
 .text.__sys_remove
                0x000000000000451a        0x6 /usr/local/mcuxpressoide-10.1.0_589/ide/tools/bin/../lib/gcc/arm-none-eabi/6.3.1/../../../../arm-none-eabi/lib/thumb/v6-m/libcr_nohost.a(__sys_remove.o)
                0x000000000000451a                __sys_remove
 .text.__sys_seek
                0x0000000000004520        0x6 /usr/local/mcuxpressoide-10.1.0_589/ide/tools/bin/../lib/gcc/arm-none-eabi/6.3.1/../../../../arm-none-eabi/lib/thumb/v6-m/libcr_nohost.a(__sys_seek.o)
                0x0000000000004520                __sys_seek
 .text.__sys_tmpnam
                0x0000000000004526        0x6 /usr/local/mcuxpressoide-10.1.0_589/ide/tools/bin/../lib/gcc/arm-none-eabi/6.3.1/../../../../arm-none-eabi/lib/thumb/v6-m/libcr_nohost.a(__sys_tmpnam.o)
                0x0000000000004526                __sys_tmpnam
 *(.rodata .rodata.* .constdata .constdata.*)
 .rodata.HID_ReportDescriptor
                0x000000000000452c       0xcc ./example/src/composite_desc.o
                0x000000000000452c                HID_ReportDescriptor
 .rodata.HID_ReportDescSize
                0x00000000000045f8        0x2 ./example/src/composite_desc.o
                0x00000000000045f8                HID_ReportDescSize
 *fill*         0x00000000000045fa        0x2 ff
 .rodata.USB_DeviceDescriptor
                0x00000000000045fc       0x12 ./example/src/composite_desc.o
                0x00000000000045fc                USB_DeviceDescriptor
 *fill*         0x000000000000460e        0x2 ff
 .rodata.USB_StringDescriptorFLipMouse
                0x0000000000004610       0x92 ./example/src/composite_desc.o
                0x0000000000004610                USB_StringDescriptorFLipMouse
 *fill*         0x00000000000046a2        0x2 ff
 .rodata.g_usbApi
                0x00000000000046a4       0x20 ./example/src/composite_main.o
 .rodata        0x00000000000046c4       0x45 ./example/src/composite_main.o
 *fill*         0x0000000000004709        0x3 ff
 .rodata.parseBuffer
                0x000000000000470c       0x5c ./example/src/parser.o
 .rodata.OscRateIn
                0x0000000000004768        0x4 /home/beni/Documents/MCUXpresso_10.1.0_589/workspace/nxp_lpcxpresso_11u14_board_lib/Debug/libnxp_lpcxpresso_11u14_board_lib.a(board.o)
                0x0000000000004768                OscRateIn
 .rodata.pinmuxing
                0x000000000000476c       0x24 /home/beni/Documents/MCUXpresso_10.1.0_589/workspace/nxp_lpcxpresso_11u14_board_lib/Debug/libnxp_lpcxpresso_11u14_board_lib.a(board_sysinit.o)
 .rodata.wdtOSCRate
                0x0000000000004790       0x40 /home/beni/Documents/MCUXpresso_10.1.0_589/workspace/lpc_chip_11uxx_lib/Debug/liblpc_chip_11uxx_lib.a(clock_11xx.o)
 .rodata.USB_EndPoint0
                0x00000000000047d0       0x20 /home/beni/Documents/MCUXpresso_10.1.0_589/workspace/lpc_chip_11uxx_lib/libs/libusbd_11uxx_lib.a(mw_usbd_core.o)
 .rodata.USB_EvtSetupHandler
                0x00000000000047f0       0x30 /home/beni/Documents/MCUXpresso_10.1.0_589/workspace/lpc_chip_11uxx_lib/libs/libusbd_11uxx_lib.a(mw_usbd_core.o)
 .rodata.hw_api
                0x0000000000004820       0x5c /home/beni/Documents/MCUXpresso_10.1.0_589/workspace/lpc_chip_11uxx_lib/libs/libusbd_11uxx_lib.a(mw_usbd_rom_api.o)
                0x0000000000004820                hw_api
 .rodata.core_api
                0x000000000000487c       0x20 /home/beni/Documents/MCUXpresso_10.1.0_589/workspace/lpc_chip_11uxx_lib/libs/libusbd_11uxx_lib.a(mw_usbd_rom_api.o)
                0x000000000000487c                core_api
 .rodata.hid_api
                0x000000000000489c        0x8 /home/beni/Documents/MCUXpresso_10.1.0_589/workspace/lpc_chip_11uxx_lib/libs/libusbd_11uxx_lib.a(mw_usbd_rom_api.o)
                0x000000000000489c                hid_api
 .rodata.cdc_api
                0x00000000000048a4        0xc /home/beni/Documents/MCUXpresso_10.1.0_589/workspace/lpc_chip_11uxx_lib/libs/libusbd_11uxx_lib.a(mw_usbd_rom_api.o)
                0x00000000000048a4                cdc_api
 .rodata.hwUSB_EnableEvent
                0x00000000000048b0       0x38 /home/beni/Documents/MCUXpresso_10.1.0_589/workspace/lpc_chip_11uxx_lib/libs/libusbd_11uxx_lib.a(hw_usbd_ip3511.o)
 .rodata.mwCDC_SetRequest
                0x00000000000048e8       0x90 /home/beni/Documents/MCUXpresso_10.1.0_589/workspace/lpc_chip_11uxx_lib/libs/libusbd_11uxx_lib.a(mw_usbd_cdcuser.o)
 .rodata.mwHID_ep0_hdlr
                0x0000000000004978       0x30 /home/beni/Documents/MCUXpresso_10.1.0_589/workspace/lpc_chip_11uxx_lib/libs/libusbd_11uxx_lib.a(mw_usbd_hiduser.o)
 .rodata._initio.str1.1
                0x00000000000049a8        0x4 /usr/local/mcuxpressoide-10.1.0_589/ide/tools/bin/../lib/gcc/arm-none-eabi/6.3.1/../../../../arm-none-eabi/lib/thumb/v6-m/libcr_c.a(initio.o)
 .rodata.__num_Ciob_streams
                0x00000000000049ac        0x4 /usr/local/mcuxpressoide-10.1.0_589/ide/tools/bin/../lib/gcc/arm-none-eabi/6.3.1/../../../../arm-none-eabi/lib/thumb/v6-m/libcr_nohost.a(__ciob.o)
                0x00000000000049ac                __num_Ciob_streams
                0x00000000000049b0                . = ALIGN (0x4)

.glue_7         0x00000000000049b0        0x0
 .glue_7        0x00000000000049b0        0x0 linker stubs

.glue_7t        0x00000000000049b0        0x0
 .glue_7t       0x00000000000049b0        0x0 linker stubs

.vfp11_veneer   0x00000000000049b0        0x0
 .vfp11_veneer  0x00000000000049b0        0x0 linker stubs

.v4_bx          0x00000000000049b0        0x0
 .v4_bx         0x00000000000049b0        0x0 linker stubs

.iplt           0x00000000000049b0        0x0
 .iplt          0x00000000000049b0        0x0 ./example/src/cdc_vcom.o

.rel.dyn        0x00000000000049b0        0x0
 .rel.iplt      0x00000000000049b0        0x0 ./example/src/cdc_vcom.o

.ARM.extab
 *(.ARM.extab* .gnu.linkonce.armextab.*)
                0x00000000000049b0                __exidx_start = .

.ARM.exidx
 *(.ARM.exidx* .gnu.linkonce.armexidx.*)
                0x00000000000049b0                __exidx_end = .
                0x00000000000049b0                _etext = .

.data_RAM2      0x0000000020004000        0x0 load address 0x00000000000049b0
 FILL mask 0xff
                [!provide]                        PROVIDE (__start_data_RAM2, .)
 *(.ramfunc.$RAM2)
 *(.ramfunc.$RamUsb2)
 *(.data.$RAM2*)
 *(.data.$RamUsb2*)
                0x0000000020004000                . = ALIGN (0x4)
                [!provide]                        PROVIDE (__end_data_RAM2, .)

.uninit_RESERVED
                0x0000000010000000        0x0
 *(.bss.$RESERVED*)
                0x0000000010000000                . = ALIGN (0x4)
                0x0000000010000000                _end_uninit_RESERVED = .

.data           0x0000000010000000       0x6c load address 0x00000000000049b0
 FILL mask 0xff
                0x0000000010000000                _data = .
 *(vtable)
 *(.ramfunc*)
 *(.data*)
 .data.USB_FsConfigDescriptor
                0x0000000010000000       0x65 ./example/src/composite_desc.o
                0x0000000010000000                USB_FsConfigDescriptor
 *fill*         0x0000000010000065        0x3 ff
 .data.g_pUsbApi
                0x0000000010000068        0x4 ./example/src/composite_main.o
                0x0000000010000068                g_pUsbApi
                0x000000001000006c                . = ALIGN (0x4)
                0x000000001000006c                _edata = .

.igot.plt       0x000000001000006c        0x0 load address 0x0000000000004a1c
 .igot.plt      0x000000001000006c        0x0 ./example/src/cdc_vcom.o

.bss_RAM2       0x0000000020004000        0x0
                [!provide]                        PROVIDE (__start_bss_RAM2, .)
 *(.bss.$RAM2*)
 *(.bss.$RamUsb2*)
                0x0000000020004000                . = ALIGN ((. != 0x0)?0x4:0x1)
                [!provide]                        PROVIDE (__end_bss_RAM2, .)

.bss            0x000000001000006c      0x308
                0x000000001000006c                _bss = .
 *(.bss*)
 .bss.txring    0x000000001000006c       0x14 ./example/src/composite_main.o
 .bss.rxring    0x0000000010000080       0x14 ./example/src/composite_main.o
 .bss.rxbuff    0x0000000010000094       0x40 ./example/src/composite_main.o
 .bss.txbuff    0x00000000100000d4       0x40 ./example/src/composite_main.o
 .bss.g_hUsb    0x0000000010000114        0x4 ./example/src/composite_main.o
 .bss.g_rxBuff  0x0000000010000118       0x40 ./example/src/composite_main.o
 .bss.g_mouse   0x0000000010000158       0x24 ./example/src/hid.o
 .bss.errno     0x000000001000017c        0x4 /usr/local/mcuxpressoide-10.1.0_589/ide/tools/bin/../lib/gcc/arm-none-eabi/6.3.1/../../../../arm-none-eabi/lib/thumb/v6-m/libcr_c.a(errno.o)
                0x000000001000017c                errno
 .bss.__Ciob    0x0000000010000180      0x1e0 /usr/local/mcuxpressoide-10.1.0_589/ide/tools/bin/../lib/gcc/arm-none-eabi/6.3.1/../../../../arm-none-eabi/lib/thumb/v6-m/libcr_nohost.a(__ciob.o)
                0x0000000010000180                __Ciob
 *(COMMON)
 COMMON         0x0000000010000360       0x14 ./example/src/cdc_vcom.o
                0x0000000010000360                g_vCOM
                0x0000000010000374                . = ALIGN (0x4)
                0x0000000010000374                _ebss = .
                [!provide]                        PROVIDE (end, .)

.noinit_RAM2    0x0000000020004000        0x0
 *(.noinit.$RAM2*)
 *(.noinit.$RamUsb2*)
                0x0000000020004000                . = ALIGN (0x4)

.noinit         0x0000000010000374        0x0
                0x0000000010000374                _noinit = .
 *(.noinit*)
                0x0000000010000374                . = ALIGN (0x4)
                0x0000000010000374                _end_noinit = .
                0x0000000010000374                PROVIDE (_pvHeapStart, DEFINED (__user_heap_base)?__user_heap_base:.)
                0x0000000010001000                PROVIDE (_vStackTop, DEFINED (__user_stack_top)?__user_stack_top:(__top_RamLoc4 - 0x0))
                [!provide]                        PROVIDE (__valid_user_code_checksum, (0x0 - (((_vStackTop + (ResetISR + 0x1)) + (DEFINED (NMI_Handler)?NMI_Handler:M0_NMI_Handler + 0x1)) + (DEFINED (HardFault_Handler)?HardFault_Handler:M0_HardFault_Handler + 0x1))))
                0x0000000000000000                _image_start = LOADADDR (.text)
                0x0000000000004a1c                _image_end = (LOADADDR (.data) + SIZEOF (.data))
                0x0000000000004a1c                _image_size = (_image_end - _image_start)
OUTPUT(usb_bridge_LPC11U14.axf elf32-littlearm)

.debug_info     0x0000000000000000     0xc1b6
 .debug_info    0x0000000000000000     0x18f7 ./example/src/cdc_vcom.o
 .debug_info    0x00000000000018f7     0x1273 ./example/src/composite_desc.o
 .debug_info    0x0000000000002b6a     0x2382 ./example/src/composite_main.o
 .debug_info    0x0000000000004eec      0x26d ./example/src/cr_startup_lpc11xx.o
 .debug_info    0x0000000000005159     0x1ac4 ./example/src/hid.o
 .debug_info    0x0000000000006c1d     0x1366 ./example/src/parser.o
 .debug_info    0x0000000000007f83      0x1fc ./example/src/sysinit.o
 .debug_info    0x000000000000817f      0x8c3 /home/beni/Documents/MCUXpresso_10.1.0_589/workspace/nxp_lpcxpresso_11u14_board_lib/Debug/libnxp_lpcxpresso_11u14_board_lib.a(board.o)
 .debug_info    0x0000000000008a42      0xab3 /home/beni/Documents/MCUXpresso_10.1.0_589/workspace/nxp_lpcxpresso_11u14_board_lib/Debug/libnxp_lpcxpresso_11u14_board_lib.a(board_sysinit.o)
 .debug_info    0x00000000000094f5      0x92b /home/beni/Documents/MCUXpresso_10.1.0_589/workspace/lpc_chip_11uxx_lib/Debug/liblpc_chip_11uxx_lib.a(clock_11xx.o)
 .debug_info    0x0000000000009e20      0x9a3 /home/beni/Documents/MCUXpresso_10.1.0_589/workspace/lpc_chip_11uxx_lib/Debug/liblpc_chip_11uxx_lib.a(gpio_11xx_1.o)
 .debug_info    0x000000000000a7c3      0x1a6 /home/beni/Documents/MCUXpresso_10.1.0_589/workspace/lpc_chip_11uxx_lib/Debug/liblpc_chip_11uxx_lib.a(iocon_11xx.o)
 .debug_info    0x000000000000a969      0x380 /home/beni/Documents/MCUXpresso_10.1.0_589/workspace/lpc_chip_11uxx_lib/Debug/liblpc_chip_11uxx_lib.a(ring_buffer.o)
 .debug_info    0x000000000000ace9      0x5cc /home/beni/Documents/MCUXpresso_10.1.0_589/workspace/lpc_chip_11uxx_lib/Debug/liblpc_chip_11uxx_lib.a(sysctl_11xx.o)
 .debug_info    0x000000000000b2b5      0xf01 /home/beni/Documents/MCUXpresso_10.1.0_589/workspace/lpc_chip_11uxx_lib/Debug/liblpc_chip_11uxx_lib.a(uart_11xx.o)

.debug_abbrev   0x0000000000000000     0x1bd3
 .debug_abbrev  0x0000000000000000      0x2a9 ./example/src/cdc_vcom.o
 .debug_abbrev  0x00000000000002a9      0x19b ./example/src/composite_desc.o
 .debug_abbrev  0x0000000000000444      0x38c ./example/src/composite_main.o
 .debug_abbrev  0x00000000000007d0      0x100 ./example/src/cr_startup_lpc11xx.o
 .debug_abbrev  0x00000000000008d0      0x2df ./example/src/hid.o
 .debug_abbrev  0x0000000000000baf      0x1ac ./example/src/parser.o
 .debug_abbrev  0x0000000000000d5b       0xc0 ./example/src/sysinit.o
 .debug_abbrev  0x0000000000000e1b      0x287 /home/beni/Documents/MCUXpresso_10.1.0_589/workspace/nxp_lpcxpresso_11u14_board_lib/Debug/libnxp_lpcxpresso_11u14_board_lib.a(board.o)
 .debug_abbrev  0x00000000000010a2      0x21a /home/beni/Documents/MCUXpresso_10.1.0_589/workspace/nxp_lpcxpresso_11u14_board_lib/Debug/libnxp_lpcxpresso_11u14_board_lib.a(board_sysinit.o)
 .debug_abbrev  0x00000000000012bc      0x1e6 /home/beni/Documents/MCUXpresso_10.1.0_589/workspace/lpc_chip_11uxx_lib/Debug/liblpc_chip_11uxx_lib.a(clock_11xx.o)
 .debug_abbrev  0x00000000000014a2      0x1a8 /home/beni/Documents/MCUXpresso_10.1.0_589/workspace/lpc_chip_11uxx_lib/Debug/liblpc_chip_11uxx_lib.a(gpio_11xx_1.o)
 .debug_abbrev  0x000000000000164a       0xe5 /home/beni/Documents/MCUXpresso_10.1.0_589/workspace/lpc_chip_11uxx_lib/Debug/liblpc_chip_11uxx_lib.a(iocon_11xx.o)
 .debug_abbrev  0x000000000000172f      0x162 /home/beni/Documents/MCUXpresso_10.1.0_589/workspace/lpc_chip_11uxx_lib/Debug/liblpc_chip_11uxx_lib.a(ring_buffer.o)
 .debug_abbrev  0x0000000000001891      0x10c /home/beni/Documents/MCUXpresso_10.1.0_589/workspace/lpc_chip_11uxx_lib/Debug/liblpc_chip_11uxx_lib.a(sysctl_11xx.o)
 .debug_abbrev  0x000000000000199d      0x236 /home/beni/Documents/MCUXpresso_10.1.0_589/workspace/lpc_chip_11uxx_lib/Debug/liblpc_chip_11uxx_lib.a(uart_11xx.o)

.debug_aranges  0x0000000000000000      0x618
 .debug_aranges
                0x0000000000000000       0x68 ./example/src/cdc_vcom.o
 .debug_aranges
                0x0000000000000068       0x18 ./example/src/composite_desc.o
 .debug_aranges
                0x0000000000000080       0x90 ./example/src/composite_main.o
 .debug_aranges
                0x0000000000000110       0x60 ./example/src/cr_startup_lpc11xx.o
 .debug_aranges
                0x0000000000000170       0x70 ./example/src/hid.o
 .debug_aranges
                0x00000000000001e0       0x20 ./example/src/parser.o
 .debug_aranges
                0x0000000000000200       0x20 ./example/src/sysinit.o
 .debug_aranges
                0x0000000000000220       0xd0 /home/beni/Documents/MCUXpresso_10.1.0_589/workspace/nxp_lpcxpresso_11u14_board_lib/Debug/libnxp_lpcxpresso_11u14_board_lib.a(board.o)
 .debug_aranges
                0x00000000000002f0       0x68 /home/beni/Documents/MCUXpresso_10.1.0_589/workspace/nxp_lpcxpresso_11u14_board_lib/Debug/libnxp_lpcxpresso_11u14_board_lib.a(board_sysinit.o)
 .debug_aranges
                0x0000000000000358       0xa0 /home/beni/Documents/MCUXpresso_10.1.0_589/workspace/lpc_chip_11uxx_lib/Debug/liblpc_chip_11uxx_lib.a(clock_11xx.o)
 .debug_aranges
                0x00000000000003f8       0x78 /home/beni/Documents/MCUXpresso_10.1.0_589/workspace/lpc_chip_11uxx_lib/Debug/liblpc_chip_11uxx_lib.a(gpio_11xx_1.o)
 .debug_aranges
                0x0000000000000470       0x20 /home/beni/Documents/MCUXpresso_10.1.0_589/workspace/lpc_chip_11uxx_lib/Debug/liblpc_chip_11uxx_lib.a(iocon_11xx.o)
 .debug_aranges
                0x0000000000000490       0x60 /home/beni/Documents/MCUXpresso_10.1.0_589/workspace/lpc_chip_11uxx_lib/Debug/liblpc_chip_11uxx_lib.a(ring_buffer.o)
 .debug_aranges
                0x00000000000004f0       0x38 /home/beni/Documents/MCUXpresso_10.1.0_589/workspace/lpc_chip_11uxx_lib/Debug/liblpc_chip_11uxx_lib.a(sysctl_11xx.o)
 .debug_aranges
                0x0000000000000528       0xf0 /home/beni/Documents/MCUXpresso_10.1.0_589/workspace/lpc_chip_11uxx_lib/Debug/liblpc_chip_11uxx_lib.a(uart_11xx.o)

.debug_ranges   0x0000000000000000      0x520
 .debug_ranges  0x0000000000000000       0x58 ./example/src/cdc_vcom.o
 .debug_ranges  0x0000000000000058       0x80 ./example/src/composite_main.o
 .debug_ranges  0x00000000000000d8       0x50 ./example/src/cr_startup_lpc11xx.o
 .debug_ranges  0x0000000000000128       0x60 ./example/src/hid.o
 .debug_ranges  0x0000000000000188       0x10 ./example/src/parser.o
 .debug_ranges  0x0000000000000198       0x10 ./example/src/sysinit.o
 .debug_ranges  0x00000000000001a8       0xc0 /home/beni/Documents/MCUXpresso_10.1.0_589/workspace/nxp_lpcxpresso_11u14_board_lib/Debug/libnxp_lpcxpresso_11u14_board_lib.a(board.o)
 .debug_ranges  0x0000000000000268       0x58 /home/beni/Documents/MCUXpresso_10.1.0_589/workspace/nxp_lpcxpresso_11u14_board_lib/Debug/libnxp_lpcxpresso_11u14_board_lib.a(board_sysinit.o)
 .debug_ranges  0x00000000000002c0       0x90 /home/beni/Documents/MCUXpresso_10.1.0_589/workspace/lpc_chip_11uxx_lib/Debug/liblpc_chip_11uxx_lib.a(clock_11xx.o)
 .debug_ranges  0x0000000000000350       0x68 /home/beni/Documents/MCUXpresso_10.1.0_589/workspace/lpc_chip_11uxx_lib/Debug/liblpc_chip_11uxx_lib.a(gpio_11xx_1.o)
 .debug_ranges  0x00000000000003b8       0x10 /home/beni/Documents/MCUXpresso_10.1.0_589/workspace/lpc_chip_11uxx_lib/Debug/liblpc_chip_11uxx_lib.a(iocon_11xx.o)
 .debug_ranges  0x00000000000003c8       0x50 /home/beni/Documents/MCUXpresso_10.1.0_589/workspace/lpc_chip_11uxx_lib/Debug/liblpc_chip_11uxx_lib.a(ring_buffer.o)
 .debug_ranges  0x0000000000000418       0x28 /home/beni/Documents/MCUXpresso_10.1.0_589/workspace/lpc_chip_11uxx_lib/Debug/liblpc_chip_11uxx_lib.a(sysctl_11xx.o)
 .debug_ranges  0x0000000000000440       0xe0 /home/beni/Documents/MCUXpresso_10.1.0_589/workspace/lpc_chip_11uxx_lib/Debug/liblpc_chip_11uxx_lib.a(uart_11xx.o)

.debug_macro    0x0000000000000000     0x559b
 .debug_macro   0x0000000000000000      0x256 ./example/src/cdc_vcom.o
 .debug_macro   0x0000000000000256      0x8b6 ./example/src/cdc_vcom.o
 .debug_macro   0x0000000000000b0c       0x10 ./example/src/cdc_vcom.o
 .debug_macro   0x0000000000000b1c      0x12d ./example/src/cdc_vcom.o
 .debug_macro   0x0000000000000c49      0x5b2 ./example/src/cdc_vcom.o
 .debug_macro   0x00000000000011fb       0x22 ./example/src/cdc_vcom.o
 .debug_macro   0x000000000000121d       0x74 ./example/src/cdc_vcom.o
 .debug_macro   0x0000000000001291       0x11 ./example/src/cdc_vcom.o
 .debug_macro   0x00000000000012a2      0x26c ./example/src/cdc_vcom.o
 .debug_macro   0x000000000000150e       0x82 ./example/src/cdc_vcom.o
 .debug_macro   0x0000000000001590       0x12 ./example/src/cdc_vcom.o
 .debug_macro   0x00000000000015a2       0xfa ./example/src/cdc_vcom.o
 .debug_macro   0x000000000000169c       0xee ./example/src/cdc_vcom.o
 .debug_macro   0x000000000000178a      0x693 ./example/src/cdc_vcom.o
 .debug_macro   0x0000000000001e1d      0x272 ./example/src/cdc_vcom.o
 .debug_macro   0x000000000000208f       0x10 ./example/src/cdc_vcom.o
 .debug_macro   0x000000000000209f       0x10 ./example/src/cdc_vcom.o
 .debug_macro   0x00000000000020af       0x1f ./example/src/cdc_vcom.o
 .debug_macro   0x00000000000020ce       0x3a ./example/src/cdc_vcom.o
 .debug_macro   0x0000000000002108      0x241 ./example/src/cdc_vcom.o
 .debug_macro   0x0000000000002349      0x125 ./example/src/cdc_vcom.o
 .debug_macro   0x000000000000246e       0x2e ./example/src/cdc_vcom.o
 .debug_macro   0x000000000000249c       0xf1 ./example/src/cdc_vcom.o
 .debug_macro   0x000000000000258d       0x10 ./example/src/cdc_vcom.o
 .debug_macro   0x000000000000259d      0x137 ./example/src/cdc_vcom.o
 .debug_macro   0x00000000000026d4       0x4c ./example/src/cdc_vcom.o
 .debug_macro   0x0000000000002720       0x16 ./example/src/cdc_vcom.o
 .debug_macro   0x0000000000002736      0x31a ./example/src/cdc_vcom.o
 .debug_macro   0x0000000000002a50       0x4f ./example/src/cdc_vcom.o
 .debug_macro   0x0000000000002a9f       0xb8 ./example/src/cdc_vcom.o
 .debug_macro   0x0000000000002b57       0x7c ./example/src/cdc_vcom.o
 .debug_macro   0x0000000000002bd3       0x1c ./example/src/cdc_vcom.o
 .debug_macro   0x0000000000002bef       0x40 ./example/src/cdc_vcom.o
 .debug_macro   0x0000000000002c2f      0x21c ./example/src/cdc_vcom.o
 .debug_macro   0x0000000000002e4b       0x58 ./example/src/cdc_vcom.o
 .debug_macro   0x0000000000002ea3       0x9a ./example/src/cdc_vcom.o
 .debug_macro   0x0000000000002f3d       0x20 ./example/src/cdc_vcom.o
 .debug_macro   0x0000000000002f5d       0x2e ./example/src/cdc_vcom.o
 .debug_macro   0x0000000000002f8b       0xf5 ./example/src/composite_desc.o
 .debug_macro   0x0000000000003080       0x7b ./example/src/composite_desc.o
 .debug_macro   0x00000000000030fb      0x277 ./example/src/composite_main.o
 .debug_macro   0x0000000000003372       0x28 ./example/src/composite_main.o
 .debug_macro   0x000000000000339a       0x26 ./example/src/composite_main.o
 .debug_macro   0x00000000000033c0       0x26 ./example/src/cr_startup_lpc11xx.o
 .debug_macro   0x00000000000033e6      0x8bc ./example/src/cr_startup_lpc11xx.o
 .debug_macro   0x0000000000003ca2      0x25e ./example/src/hid.o
 .debug_macro   0x0000000000003f00      0x12f ./example/src/parser.o
 .debug_macro   0x000000000000402f      0x193 ./example/src/sysinit.o
 .debug_macro   0x00000000000041c2      0x1e8 /home/beni/Documents/MCUXpresso_10.1.0_589/workspace/nxp_lpcxpresso_11u14_board_lib/Debug/libnxp_lpcxpresso_11u14_board_lib.a(board.o)
 .debug_macro   0x00000000000043aa      0x8b0 /home/beni/Documents/MCUXpresso_10.1.0_589/workspace/nxp_lpcxpresso_11u14_board_lib/Debug/libnxp_lpcxpresso_11u14_board_lib.a(board.o)
 .debug_macro   0x0000000000004c5a       0x12 /home/beni/Documents/MCUXpresso_10.1.0_589/workspace/nxp_lpcxpresso_11u14_board_lib/Debug/libnxp_lpcxpresso_11u14_board_lib.a(board.o)
 .debug_macro   0x0000000000004c6c      0x1a1 /home/beni/Documents/MCUXpresso_10.1.0_589/workspace/nxp_lpcxpresso_11u14_board_lib/Debug/libnxp_lpcxpresso_11u14_board_lib.a(board_sysinit.o)
 .debug_macro   0x0000000000004e0d      0x15d /home/beni/Documents/MCUXpresso_10.1.0_589/workspace/lpc_chip_11uxx_lib/Debug/liblpc_chip_11uxx_lib.a(clock_11xx.o)
 .debug_macro   0x0000000000004f6a      0x15d /home/beni/Documents/MCUXpresso_10.1.0_589/workspace/lpc_chip_11uxx_lib/Debug/liblpc_chip_11uxx_lib.a(gpio_11xx_1.o)
 .debug_macro   0x00000000000050c7      0x15d /home/beni/Documents/MCUXpresso_10.1.0_589/workspace/lpc_chip_11uxx_lib/Debug/liblpc_chip_11uxx_lib.a(iocon_11xx.o)
 .debug_macro   0x0000000000005224       0x83 /home/beni/Documents/MCUXpresso_10.1.0_589/workspace/lpc_chip_11uxx_lib/Debug/liblpc_chip_11uxx_lib.a(ring_buffer.o)
 .debug_macro   0x00000000000052a7       0x10 /home/beni/Documents/MCUXpresso_10.1.0_589/workspace/lpc_chip_11uxx_lib/Debug/liblpc_chip_11uxx_lib.a(ring_buffer.o)
 .debug_macro   0x00000000000052b7      0x187 /home/beni/Documents/MCUXpresso_10.1.0_589/workspace/lpc_chip_11uxx_lib/Debug/liblpc_chip_11uxx_lib.a(sysctl_11xx.o)
 .debug_macro   0x000000000000543e      0x15d /home/beni/Documents/MCUXpresso_10.1.0_589/workspace/lpc_chip_11uxx_lib/Debug/liblpc_chip_11uxx_lib.a(uart_11xx.o)

.debug_line     0x0000000000000000     0x3c9d
 .debug_line    0x0000000000000000      0x5df ./example/src/cdc_vcom.o
 .debug_line    0x00000000000005df      0x2c1 ./example/src/composite_desc.o
 .debug_line    0x00000000000008a0      0x689 ./example/src/composite_main.o
 .debug_line    0x0000000000000f29       0xf3 ./example/src/cr_startup_lpc11xx.o
 .debug_line    0x000000000000101c      0x60e ./example/src/hid.o
 .debug_line    0x000000000000162a      0x34d ./example/src/parser.o
 .debug_line    0x0000000000001977      0x36d ./example/src/sysinit.o
 .debug_line    0x0000000000001ce4      0x550 /home/beni/Documents/MCUXpresso_10.1.0_589/workspace/nxp_lpcxpresso_11u14_board_lib/Debug/libnxp_lpcxpresso_11u14_board_lib.a(board.o)
 .debug_line    0x0000000000002234      0x46f /home/beni/Documents/MCUXpresso_10.1.0_589/workspace/nxp_lpcxpresso_11u14_board_lib/Debug/libnxp_lpcxpresso_11u14_board_lib.a(board_sysinit.o)
 .debug_line    0x00000000000026a3      0x459 /home/beni/Documents/MCUXpresso_10.1.0_589/workspace/lpc_chip_11uxx_lib/Debug/liblpc_chip_11uxx_lib.a(clock_11xx.o)
 .debug_line    0x0000000000002afc      0x3d9 /home/beni/Documents/MCUXpresso_10.1.0_589/workspace/lpc_chip_11uxx_lib/Debug/liblpc_chip_11uxx_lib.a(gpio_11xx_1.o)
 .debug_line    0x0000000000002ed5      0x2ee /home/beni/Documents/MCUXpresso_10.1.0_589/workspace/lpc_chip_11uxx_lib/Debug/liblpc_chip_11uxx_lib.a(iocon_11xx.o)
 .debug_line    0x00000000000031c3      0x259 /home/beni/Documents/MCUXpresso_10.1.0_589/workspace/lpc_chip_11uxx_lib/Debug/liblpc_chip_11uxx_lib.a(ring_buffer.o)
 .debug_line    0x000000000000341c      0x327 /home/beni/Documents/MCUXpresso_10.1.0_589/workspace/lpc_chip_11uxx_lib/Debug/liblpc_chip_11uxx_lib.a(sysctl_11xx.o)
 .debug_line    0x0000000000003743      0x55a /home/beni/Documents/MCUXpresso_10.1.0_589/workspace/lpc_chip_11uxx_lib/Debug/liblpc_chip_11uxx_lib.a(uart_11xx.o)

.debug_str      0x0000000000000000     0xf24d
 .debug_str     0x0000000000000000     0xd13c ./example/src/cdc_vcom.o
                                       0xd30f (size before relaxing)
 .debug_str     0x000000000000d13c       0x5a ./example/src/composite_desc.o
                                       0x8a92 (size before relaxing)
 .debug_str     0x000000000000d196      0x9d6 ./example/src/composite_main.o
                                       0xdb2b (size before relaxing)
 .debug_str     0x000000000000db6c      0x26b ./example/src/cr_startup_lpc11xx.o
                                       0x26b3 (size before relaxing)
 .debug_str     0x000000000000ddd7      0x356 ./example/src/hid.o
                                       0xd41e (size before relaxing)
 .debug_str     0x000000000000e12d       0x2d ./example/src/parser.o
                                       0x8e74 (size before relaxing)
 .debug_str     0x000000000000e15a       0x19 ./example/src/sysinit.o
                                       0x816c (size before relaxing)
 .debug_str     0x000000000000e173      0x348 /home/beni/Documents/MCUXpresso_10.1.0_589/workspace/nxp_lpcxpresso_11u14_board_lib/Debug/libnxp_lpcxpresso_11u14_board_lib.a(board.o)
                                       0x8598 (size before relaxing)
 .debug_str     0x000000000000e4bb      0x2bd /home/beni/Documents/MCUXpresso_10.1.0_589/workspace/nxp_lpcxpresso_11u14_board_lib/Debug/libnxp_lpcxpresso_11u14_board_lib.a(board_sysinit.o)
                                       0x899a (size before relaxing)
 .debug_str     0x000000000000e778      0x492 /home/beni/Documents/MCUXpresso_10.1.0_589/workspace/lpc_chip_11uxx_lib/Debug/liblpc_chip_11uxx_lib.a(clock_11xx.o)
                                       0x8585 (size before relaxing)
 .debug_str     0x000000000000ec0a       0xff /home/beni/Documents/MCUXpresso_10.1.0_589/workspace/lpc_chip_11uxx_lib/Debug/liblpc_chip_11uxx_lib.a(gpio_11xx_1.o)
                                       0x83e3 (size before relaxing)
 .debug_str     0x000000000000ed09       0x30 /home/beni/Documents/MCUXpresso_10.1.0_589/workspace/lpc_chip_11uxx_lib/Debug/liblpc_chip_11uxx_lib.a(iocon_11xx.o)
                                       0x7d9d (size before relaxing)
 .debug_str     0x000000000000ed39      0x138 /home/beni/Documents/MCUXpresso_10.1.0_589/workspace/lpc_chip_11uxx_lib/Debug/liblpc_chip_11uxx_lib.a(ring_buffer.o)
                                       0x3fef (size before relaxing)
 .debug_str     0x000000000000ee71      0x19f /home/beni/Documents/MCUXpresso_10.1.0_589/workspace/lpc_chip_11uxx_lib/Debug/liblpc_chip_11uxx_lib.a(sysctl_11xx.o)
                                       0x8188 (size before relaxing)
 .debug_str     0x000000000000f010      0x23d /home/beni/Documents/MCUXpresso_10.1.0_589/workspace/lpc_chip_11uxx_lib/Debug/liblpc_chip_11uxx_lib.a(uart_11xx.o)
                                       0x85de (size before relaxing)

.comment        0x0000000000000000       0xef
 .comment       0x0000000000000000       0x7f ./example/src/cdc_vcom.o
                                         0x80 (size before relaxing)
 .comment       0x000000000000007f       0x80 ./example/src/composite_desc.o
 .comment       0x000000000000007f       0x80 ./example/src/composite_main.o
 .comment       0x000000000000007f       0x80 ./example/src/cr_startup_lpc11xx.o
 .comment       0x000000000000007f       0x80 ./example/src/hid.o
 .comment       0x000000000000007f       0x80 ./example/src/parser.o
 .comment       0x000000000000007f       0x80 ./example/src/sysinit.o
 .comment       0x000000000000007f       0x80 /home/beni/Documents/MCUXpresso_10.1.0_589/workspace/nxp_lpcxpresso_11u14_board_lib/Debug/libnxp_lpcxpresso_11u14_board_lib.a(board.o)
 .comment       0x000000000000007f       0x80 /home/beni/Documents/MCUXpresso_10.1.0_589/workspace/nxp_lpcxpresso_11u14_board_lib/Debug/libnxp_lpcxpresso_11u14_board_lib.a(board_sysinit.o)
 .comment       0x000000000000007f       0x80 /home/beni/Documents/MCUXpresso_10.1.0_589/workspace/lpc_chip_11uxx_lib/Debug/liblpc_chip_11uxx_lib.a(clock_11xx.o)
 .comment       0x000000000000007f       0x80 /home/beni/Documents/MCUXpresso_10.1.0_589/workspace/lpc_chip_11uxx_lib/Debug/liblpc_chip_11uxx_lib.a(gpio_11xx_1.o)
 .comment       0x000000000000007f       0x80 /home/beni/Documents/MCUXpresso_10.1.0_589/workspace/lpc_chip_11uxx_lib/Debug/liblpc_chip_11uxx_lib.a(iocon_11xx.o)
 .comment       0x000000000000007f       0x80 /home/beni/Documents/MCUXpresso_10.1.0_589/workspace/lpc_chip_11uxx_lib/Debug/liblpc_chip_11uxx_lib.a(ring_buffer.o)
 .comment       0x000000000000007f       0x80 /home/beni/Documents/MCUXpresso_10.1.0_589/workspace/lpc_chip_11uxx_lib/Debug/liblpc_chip_11uxx_lib.a(sysctl_11xx.o)
 .comment       0x000000000000007f       0x80 /home/beni/Documents/MCUXpresso_10.1.0_589/workspace/lpc_chip_11uxx_lib/Debug/liblpc_chip_11uxx_lib.a(uart_11xx.o)
 .comment       0x000000000000007f       0x70 /home/beni/Documents/MCUXpresso_10.1.0_589/workspace/lpc_chip_11uxx_lib/libs/libusbd_11uxx_lib.a(mw_usbd_core.o)
                                         0x71 (size before relaxing)
 .comment       0x00000000000000ef       0x71 /home/beni/Documents/MCUXpresso_10.1.0_589/workspace/lpc_chip_11uxx_lib/libs/libusbd_11uxx_lib.a(mw_usbd_rom_api.o)
 .comment       0x00000000000000ef       0x71 /home/beni/Documents/MCUXpresso_10.1.0_589/workspace/lpc_chip_11uxx_lib/libs/libusbd_11uxx_lib.a(hw_usbd_ip3511.o)
 .comment       0x00000000000000ef       0x71 /home/beni/Documents/MCUXpresso_10.1.0_589/workspace/lpc_chip_11uxx_lib/libs/libusbd_11uxx_lib.a(mw_usbd_cdcuser.o)
 .comment       0x00000000000000ef       0x71 /home/beni/Documents/MCUXpresso_10.1.0_589/workspace/lpc_chip_11uxx_lib/libs/libusbd_11uxx_lib.a(mw_usbd_hiduser.o)
 .comment       0x00000000000000ef       0x80 /usr/local/mcuxpressoide-10.1.0_589/ide/tools/bin/../lib/gcc/arm-none-eabi/6.3.1/../../../../arm-none-eabi/lib/thumb/v6-m/libcr_nohost.a(_cr__main.o)
 .comment       0x00000000000000ef       0x80 /usr/local/mcuxpressoide-10.1.0_589/ide/tools/bin/../lib/gcc/arm-none-eabi/6.3.1/../../../../arm-none-eabi/lib/thumb/v6-m/libcr_c.a(memcpy.o)
 .comment       0x00000000000000ef       0x80 /usr/local/mcuxpressoide-10.1.0_589/ide/tools/bin/../lib/gcc/arm-none-eabi/6.3.1/../../../../arm-none-eabi/lib/thumb/v6-m/libcr_c.a(memset.o)
 .comment       0x00000000000000ef       0x80 /usr/local/mcuxpressoide-10.1.0_589/ide/tools/bin/../lib/gcc/arm-none-eabi/6.3.1/../../../../arm-none-eabi/lib/thumb/v6-m/libcr_c.a(initio.o)
 .comment       0x00000000000000ef       0x80 /usr/local/mcuxpressoide-10.1.0_589/ide/tools/bin/../lib/gcc/arm-none-eabi/6.3.1/../../../../arm-none-eabi/lib/thumb/v6-m/libcr_c.a(setvbuf.o)
 .comment       0x00000000000000ef       0x80 /usr/local/mcuxpressoide-10.1.0_589/ide/tools/bin/../lib/gcc/arm-none-eabi/6.3.1/../../../../arm-none-eabi/lib/thumb/v6-m/libcr_c.a(_fdopen.o)
 .comment       0x00000000000000ef       0x80 /usr/local/mcuxpressoide-10.1.0_589/ide/tools/bin/../lib/gcc/arm-none-eabi/6.3.1/../../../../arm-none-eabi/lib/thumb/v6-m/libcr_c.a(fclose.o)
 .comment       0x00000000000000ef       0x80 /usr/local/mcuxpressoide-10.1.0_589/ide/tools/bin/../lib/gcc/arm-none-eabi/6.3.1/../../../../arm-none-eabi/lib/thumb/v6-m/libcr_c.a(fflush.o)
 .comment       0x00000000000000ef       0x80 /usr/local/mcuxpressoide-10.1.0_589/ide/tools/bin/../lib/gcc/arm-none-eabi/6.3.1/../../../../arm-none-eabi/lib/thumb/v6-m/libcr_c.a(fseek.o)
 .comment       0x00000000000000ef       0x80 /usr/local/mcuxpressoide-10.1.0_589/ide/tools/bin/../lib/gcc/arm-none-eabi/6.3.1/../../../../arm-none-eabi/lib/thumb/v6-m/libcr_c.a(ftell.o)
 .comment       0x00000000000000ef       0x80 /usr/local/mcuxpressoide-10.1.0_589/ide/tools/bin/../lib/gcc/arm-none-eabi/6.3.1/../../../../arm-none-eabi/lib/thumb/v6-m/libcr_c.a(remove.o)
 .comment       0x00000000000000ef       0x80 /usr/local/mcuxpressoide-10.1.0_589/ide/tools/bin/../lib/gcc/arm-none-eabi/6.3.1/../../../../arm-none-eabi/lib/thumb/v6-m/libcr_c.a(strlen.o)
 .comment       0x00000000000000ef       0x80 /usr/local/mcuxpressoide-10.1.0_589/ide/tools/bin/../lib/gcc/arm-none-eabi/6.3.1/../../../../arm-none-eabi/lib/thumb/v6-m/libcr_c.a(_do_fflush.o)
 .comment       0x00000000000000ef       0x80 /usr/local/mcuxpressoide-10.1.0_589/ide/tools/bin/../lib/gcc/arm-none-eabi/6.3.1/../../../../arm-none-eabi/lib/thumb/v6-m/libcr_c.a(_fflush.o)
 .comment       0x00000000000000ef       0x80 /usr/local/mcuxpressoide-10.1.0_589/ide/tools/bin/../lib/gcc/arm-none-eabi/6.3.1/../../../../arm-none-eabi/lib/thumb/v6-m/libcr_c.a(_writebuf.o)
 .comment       0x00000000000000ef       0x80 /usr/local/mcuxpressoide-10.1.0_589/ide/tools/bin/../lib/gcc/arm-none-eabi/6.3.1/../../../../arm-none-eabi/lib/thumb/v6-m/libcr_c.a(alloc.o)
 .comment       0x00000000000000ef       0x80 /usr/local/mcuxpressoide-10.1.0_589/ide/tools/bin/../lib/gcc/arm-none-eabi/6.3.1/../../../../arm-none-eabi/lib/thumb/v6-m/libcr_c.a(errno.o)
 .comment       0x00000000000000ef       0x80 /usr/local/mcuxpressoide-10.1.0_589/ide/tools/bin/../lib/gcc/arm-none-eabi/6.3.1/../../../../arm-none-eabi/lib/thumb/v6-m/libcr_c.a(_deferredlazyseek.o)
 .comment       0x00000000000000ef       0x80 /usr/local/mcuxpressoide-10.1.0_589/ide/tools/bin/../lib/gcc/arm-none-eabi/6.3.1/../../../../arm-none-eabi/lib/thumb/v6-m/libcr_nohost.a(__ciob.o)
 .comment       0x00000000000000ef       0x80 /usr/local/mcuxpressoide-10.1.0_589/ide/tools/bin/../lib/gcc/arm-none-eabi/6.3.1/../../../../arm-none-eabi/lib/thumb/v6-m/libcr_nohost.a(__sys_close.o)
 .comment       0x00000000000000ef       0x80 /usr/local/mcuxpressoide-10.1.0_589/ide/tools/bin/../lib/gcc/arm-none-eabi/6.3.1/../../../../arm-none-eabi/lib/thumb/v6-m/libcr_nohost.a(__sys_flen.o)
 .comment       0x00000000000000ef       0x80 /usr/local/mcuxpressoide-10.1.0_589/ide/tools/bin/../lib/gcc/arm-none-eabi/6.3.1/../../../../arm-none-eabi/lib/thumb/v6-m/libcr_nohost.a(__sys_istty.o)
 .comment       0x00000000000000ef       0x80 /usr/local/mcuxpressoide-10.1.0_589/ide/tools/bin/../lib/gcc/arm-none-eabi/6.3.1/../../../../arm-none-eabi/lib/thumb/v6-m/libcr_nohost.a(__sys_remove.o)
 .comment       0x00000000000000ef       0x80 /usr/local/mcuxpressoide-10.1.0_589/ide/tools/bin/../lib/gcc/arm-none-eabi/6.3.1/../../../../arm-none-eabi/lib/thumb/v6-m/libcr_nohost.a(__sys_seek.o)
 .comment       0x00000000000000ef       0x80 /usr/local/mcuxpressoide-10.1.0_589/ide/tools/bin/../lib/gcc/arm-none-eabi/6.3.1/../../../../arm-none-eabi/lib/thumb/v6-m/libcr_nohost.a(__sys_tmpnam.o)

.ARM.attributes
                0x0000000000000000       0x2f
 .ARM.attributes
                0x0000000000000000       0x31 ./example/src/cdc_vcom.o
 .ARM.attributes
                0x0000000000000031       0x31 ./example/src/composite_desc.o
 .ARM.attributes
                0x0000000000000062       0x31 ./example/src/composite_main.o
 .ARM.attributes
                0x0000000000000093       0x31 ./example/src/cr_startup_lpc11xx.o
 .ARM.attributes
                0x00000000000000c4       0x31 ./example/src/hid.o
 .ARM.attributes
                0x00000000000000f5       0x31 ./example/src/parser.o
 .ARM.attributes
                0x0000000000000126       0x31 ./example/src/sysinit.o
 .ARM.attributes
                0x0000000000000157       0x31 /home/beni/Documents/MCUXpresso_10.1.0_589/workspace/nxp_lpcxpresso_11u14_board_lib/Debug/libnxp_lpcxpresso_11u14_board_lib.a(board.o)
 .ARM.attributes
                0x0000000000000188       0x31 /home/beni/Documents/MCUXpresso_10.1.0_589/workspace/nxp_lpcxpresso_11u14_board_lib/Debug/libnxp_lpcxpresso_11u14_board_lib.a(board_sysinit.o)
 .ARM.attributes
                0x00000000000001b9       0x31 /home/beni/Documents/MCUXpresso_10.1.0_589/workspace/lpc_chip_11uxx_lib/Debug/liblpc_chip_11uxx_lib.a(clock_11xx.o)
 .ARM.attributes
                0x00000000000001ea       0x31 /home/beni/Documents/MCUXpresso_10.1.0_589/workspace/lpc_chip_11uxx_lib/Debug/liblpc_chip_11uxx_lib.a(gpio_11xx_1.o)
 .ARM.attributes
                0x000000000000021b       0x31 /home/beni/Documents/MCUXpresso_10.1.0_589/workspace/lpc_chip_11uxx_lib/Debug/liblpc_chip_11uxx_lib.a(iocon_11xx.o)
 .ARM.attributes
                0x000000000000024c       0x31 /home/beni/Documents/MCUXpresso_10.1.0_589/workspace/lpc_chip_11uxx_lib/Debug/liblpc_chip_11uxx_lib.a(ring_buffer.o)
 .ARM.attributes
                0x000000000000027d       0x31 /home/beni/Documents/MCUXpresso_10.1.0_589/workspace/lpc_chip_11uxx_lib/Debug/liblpc_chip_11uxx_lib.a(sysctl_11xx.o)
 .ARM.attributes
                0x00000000000002ae       0x31 /home/beni/Documents/MCUXpresso_10.1.0_589/workspace/lpc_chip_11uxx_lib/Debug/liblpc_chip_11uxx_lib.a(uart_11xx.o)
 .ARM.attributes
                0x00000000000002df       0x31 /home/beni/Documents/MCUXpresso_10.1.0_589/workspace/lpc_chip_11uxx_lib/libs/libusbd_11uxx_lib.a(mw_usbd_core.o)
 .ARM.attributes
                0x0000000000000310       0x31 /home/beni/Documents/MCUXpresso_10.1.0_589/workspace/lpc_chip_11uxx_lib/libs/libusbd_11uxx_lib.a(mw_usbd_rom_api.o)
 .ARM.attributes
                0x0000000000000341       0x31 /home/beni/Documents/MCUXpresso_10.1.0_589/workspace/lpc_chip_11uxx_lib/libs/libusbd_11uxx_lib.a(hw_usbd_ip3511.o)
 .ARM.attributes
                0x0000000000000372       0x31 /home/beni/Documents/MCUXpresso_10.1.0_589/workspace/lpc_chip_11uxx_lib/libs/libusbd_11uxx_lib.a(mw_usbd_cdcuser.o)
 .ARM.attributes
                0x00000000000003a3       0x31 /home/beni/Documents/MCUXpresso_10.1.0_589/workspace/lpc_chip_11uxx_lib/libs/libusbd_11uxx_lib.a(mw_usbd_hiduser.o)
 .ARM.attributes
                0x00000000000003d4       0x31 /usr/local/mcuxpressoide-10.1.0_589/ide/tools/bin/../lib/gcc/arm-none-eabi/6.3.1/../../../../arm-none-eabi/lib/thumb/v6-m/libcr_nohost.a(_cr__main.o)
 .ARM.attributes
                0x0000000000000405       0x31 /usr/local/mcuxpressoide-10.1.0_589/ide/tools/bin/../lib/gcc/arm-none-eabi/6.3.1/../../../../arm-none-eabi/lib/thumb/v6-m/libcr_c.a(memcpy.o)
 .ARM.attributes
                0x0000000000000436       0x31 /usr/local/mcuxpressoide-10.1.0_589/ide/tools/bin/../lib/gcc/arm-none-eabi/6.3.1/../../../../arm-none-eabi/lib/thumb/v6-m/libcr_c.a(memset.o)
 .ARM.attributes
                0x0000000000000467       0x31 /usr/local/mcuxpressoide-10.1.0_589/ide/tools/bin/../lib/gcc/arm-none-eabi/6.3.1/../../../../arm-none-eabi/lib/thumb/v6-m/libcr_c.a(initio.o)
 .ARM.attributes
                0x0000000000000498       0x31 /usr/local/mcuxpressoide-10.1.0_589/ide/tools/bin/../lib/gcc/arm-none-eabi/6.3.1/../../../../arm-none-eabi/lib/thumb/v6-m/libcr_c.a(setvbuf.o)
 .ARM.attributes
                0x00000000000004c9       0x31 /usr/local/mcuxpressoide-10.1.0_589/ide/tools/bin/../lib/gcc/arm-none-eabi/6.3.1/../../../../arm-none-eabi/lib/thumb/v6-m/libcr_c.a(_fdopen.o)
 .ARM.attributes
                0x00000000000004fa       0x31 /usr/local/mcuxpressoide-10.1.0_589/ide/tools/bin/../lib/gcc/arm-none-eabi/6.3.1/../../../../arm-none-eabi/lib/thumb/v6-m/libcr_c.a(fclose.o)
 .ARM.attributes
                0x000000000000052b       0x31 /usr/local/mcuxpressoide-10.1.0_589/ide/tools/bin/../lib/gcc/arm-none-eabi/6.3.1/../../../../arm-none-eabi/lib/thumb/v6-m/libcr_c.a(fflush.o)
 .ARM.attributes
                0x000000000000055c       0x31 /usr/local/mcuxpressoide-10.1.0_589/ide/tools/bin/../lib/gcc/arm-none-eabi/6.3.1/../../../../arm-none-eabi/lib/thumb/v6-m/libcr_c.a(fseek.o)
 .ARM.attributes
                0x000000000000058d       0x31 /usr/local/mcuxpressoide-10.1.0_589/ide/tools/bin/../lib/gcc/arm-none-eabi/6.3.1/../../../../arm-none-eabi/lib/thumb/v6-m/libcr_c.a(ftell.o)
 .ARM.attributes
                0x00000000000005be       0x31 /usr/local/mcuxpressoide-10.1.0_589/ide/tools/bin/../lib/gcc/arm-none-eabi/6.3.1/../../../../arm-none-eabi/lib/thumb/v6-m/libcr_c.a(remove.o)
 .ARM.attributes
                0x00000000000005ef       0x31 /usr/local/mcuxpressoide-10.1.0_589/ide/tools/bin/../lib/gcc/arm-none-eabi/6.3.1/../../../../arm-none-eabi/lib/thumb/v6-m/libcr_c.a(strlen.o)
 .ARM.attributes
                0x0000000000000620       0x31 /usr/local/mcuxpressoide-10.1.0_589/ide/tools/bin/../lib/gcc/arm-none-eabi/6.3.1/../../../../arm-none-eabi/lib/thumb/v6-m/libcr_c.a(_do_fflush.o)
 .ARM.attributes
                0x0000000000000651       0x31 /usr/local/mcuxpressoide-10.1.0_589/ide/tools/bin/../lib/gcc/arm-none-eabi/6.3.1/../../../../arm-none-eabi/lib/thumb/v6-m/libcr_c.a(_fflush.o)
 .ARM.attributes
                0x0000000000000682       0x31 /usr/local/mcuxpressoide-10.1.0_589/ide/tools/bin/../lib/gcc/arm-none-eabi/6.3.1/../../../../arm-none-eabi/lib/thumb/v6-m/libcr_c.a(_writebuf.o)
 .ARM.attributes
                0x00000000000006b3       0x31 /usr/local/mcuxpressoide-10.1.0_589/ide/tools/bin/../lib/gcc/arm-none-eabi/6.3.1/../../../../arm-none-eabi/lib/thumb/v6-m/libcr_c.a(alloc.o)
 .ARM.attributes
                0x00000000000006e4       0x31 /usr/local/mcuxpressoide-10.1.0_589/ide/tools/bin/../lib/gcc/arm-none-eabi/6.3.1/../../../../arm-none-eabi/lib/thumb/v6-m/libcr_c.a(errno.o)
 .ARM.attributes
                0x0000000000000715       0x31 /usr/local/mcuxpressoide-10.1.0_589/ide/tools/bin/../lib/gcc/arm-none-eabi/6.3.1/../../../../arm-none-eabi/lib/thumb/v6-m/libcr_c.a(_deferredlazyseek.o)
 .ARM.attributes
                0x0000000000000746       0x21 /usr/local/mcuxpressoide-10.1.0_589/ide/tools/bin/../lib/gcc/arm-none-eabi/6.3.1/thumb/v6-m/libcr_eabihelpers.a(division_32.o)
 .ARM.attributes
                0x0000000000000767       0x21 /usr/local/mcuxpressoide-10.1.0_589/ide/tools/bin/../lib/gcc/arm-none-eabi/6.3.1/thumb/v6-m/libcr_eabihelpers.a(division_idiv0.o)
 .ARM.attributes
                0x0000000000000788       0x21 /usr/local/mcuxpressoide-10.1.0_589/ide/tools/bin/../lib/gcc/arm-none-eabi/6.3.1/thumb/v6-m/libcr_eabihelpers.a(memcpy.o)
 .ARM.attributes
                0x00000000000007a9       0x31 /usr/local/mcuxpressoide-10.1.0_589/ide/tools/bin/../lib/gcc/arm-none-eabi/6.3.1/../../../../arm-none-eabi/lib/thumb/v6-m/libcr_nohost.a(__ciob.o)
 .ARM.attributes
                0x00000000000007da       0x31 /usr/local/mcuxpressoide-10.1.0_589/ide/tools/bin/../lib/gcc/arm-none-eabi/6.3.1/../../../../arm-none-eabi/lib/thumb/v6-m/libcr_nohost.a(__sys_close.o)
 .ARM.attributes
                0x000000000000080b       0x31 /usr/local/mcuxpressoide-10.1.0_589/ide/tools/bin/../lib/gcc/arm-none-eabi/6.3.1/../../../../arm-none-eabi/lib/thumb/v6-m/libcr_nohost.a(__sys_flen.o)
 .ARM.attributes
                0x000000000000083c       0x31 /usr/local/mcuxpressoide-10.1.0_589/ide/tools/bin/../lib/gcc/arm-none-eabi/6.3.1/../../../../arm-none-eabi/lib/thumb/v6-m/libcr_nohost.a(__sys_istty.o)
 .ARM.attributes
                0x000000000000086d       0x31 /usr/local/mcuxpressoide-10.1.0_589/ide/tools/bin/../lib/gcc/arm-none-eabi/6.3.1/../../../../arm-none-eabi/lib/thumb/v6-m/libcr_nohost.a(__sys_remove.o)
 .ARM.attributes
                0x000000000000089e       0x31 /usr/local/mcuxpressoide-10.1.0_589/ide/tools/bin/../lib/gcc/arm-none-eabi/6.3.1/../../../../arm-none-eabi/lib/thumb/v6-m/libcr_nohost.a(__sys_seek.o)
 .ARM.attributes
                0x00000000000008cf       0x31 /usr/local/mcuxpressoide-10.1.0_589/ide/tools/bin/../lib/gcc/arm-none-eabi/6.3.1/../../../../arm-none-eabi/lib/thumb/v6-m/libcr_nohost.a(__sys_tmpnam.o)

.debug_frame    0x0000000000000000     0x12d4
 .debug_frame   0x0000000000000000      0x150 ./example/src/cdc_vcom.o
 .debug_frame   0x0000000000000150      0x1e4 ./example/src/composite_main.o
 .debug_frame   0x0000000000000334       0xb0 ./example/src/cr_startup_lpc11xx.o
 .debug_frame   0x00000000000003e4      0x168 ./example/src/hid.o
 .debug_frame   0x000000000000054c       0x30 ./example/src/parser.o
 .debug_frame   0x000000000000057c       0x2c ./example/src/sysinit.o
 .debug_frame   0x00000000000005a8      0x2d8 /home/beni/Documents/MCUXpresso_10.1.0_589/workspace/nxp_lpcxpresso_11u14_board_lib/Debug/libnxp_lpcxpresso_11u14_board_lib.a(board.o)
 .debug_frame   0x0000000000000880      0x144 /home/beni/Documents/MCUXpresso_10.1.0_589/workspace/nxp_lpcxpresso_11u14_board_lib/Debug/libnxp_lpcxpresso_11u14_board_lib.a(board_sysinit.o)
 .debug_frame   0x00000000000009c4      0x220 /home/beni/Documents/MCUXpresso_10.1.0_589/workspace/lpc_chip_11uxx_lib/Debug/liblpc_chip_11uxx_lib.a(clock_11xx.o)
 .debug_frame   0x0000000000000be4      0x190 /home/beni/Documents/MCUXpresso_10.1.0_589/workspace/lpc_chip_11uxx_lib/Debug/liblpc_chip_11uxx_lib.a(gpio_11xx_1.o)
 .debug_frame   0x0000000000000d74       0x30 /home/beni/Documents/MCUXpresso_10.1.0_589/workspace/lpc_chip_11uxx_lib/Debug/liblpc_chip_11uxx_lib.a(iocon_11xx.o)
 .debug_frame   0x0000000000000da4      0x130 /home/beni/Documents/MCUXpresso_10.1.0_589/workspace/lpc_chip_11uxx_lib/Debug/liblpc_chip_11uxx_lib.a(ring_buffer.o)
 .debug_frame   0x0000000000000ed4       0x90 /home/beni/Documents/MCUXpresso_10.1.0_589/workspace/lpc_chip_11uxx_lib/Debug/liblpc_chip_11uxx_lib.a(sysctl_11xx.o)
 .debug_frame   0x0000000000000f64      0x370 /home/beni/Documents/MCUXpresso_10.1.0_589/workspace/lpc_chip_11uxx_lib/Debug/liblpc_chip_11uxx_lib.a(uart_11xx.o)

.debug_loc      0x0000000000000000      0x1c6
 .debug_loc     0x0000000000000000      0x1c6 ./example/src/cr_startup_lpc11xx.o
